<html>
<body>
<pre>
<h1>µVision Build Log</h1>
<h2>Tool Versions:</h2>
IDE-Version: µVision V5.20.0.0
Copyright (C) 2016 ARM Ltd and ARM Germany GmbH. All rights reserved.
License Information: Sencer Coltu, Home, LIC=----
 
Tool Versions:
Toolchain:       MDK-Lite  Version: 5.20
Toolchain Path:  D:\Programs\STMicroelectronics\Keil\ARM\ARMCC\Bin
C Compiler:      Armcc.exe V5.06 update 2 (build 183)
Assembler:       Armasm.exe V5.06 update 2 (build 183)
Linker/Locator:  ArmLink.exe V5.06 update 2 (build 183)
Library Manager: ArmAr.exe V5.06 update 2 (build 183)
Hex Converter:   FromElf.exe V5.06 update 2 (build 183)
CPU DLL:         SARMCM3.DLL V5.20
Dialog DLL:      DCM.DLL V1.13.7.0
Target DLL:      STLink\ST-LINKIII-KEIL_SWO.dll V2.0.18.0
Dialog DLL:      TCM.DLL V1.14.9.0
 
<h2>Project:</h2>
D:\Data\Projects\STM32\SteamVR\TrackedDevice\MDK-ARM\TrackedDevice.uvprojx
Project File Date:  07/28/2016

<h2>Output:</h2>
*** Using Compiler 'V5.06 update 2 (build 183)', folder: 'D:\Programs\STMicroelectronics\Keil\ARM\ARMCC\Bin'
Build target 'TrackedDevice'
assembling startup_stm32f103xb.s...
compiling led.c...
compiling stm32f1xx_it.c...
compiling stm32f1xx_hal_msp.c...
compiling usb.c...
compiling system_stm32f1xx.c...
compiling i2c.c...
compiling main.c...
compiling l3g4200d.c...
compiling hmc5883l.c...
compiling adxl345.c...
compiling itg3200.c...
compiling spilib.c...
compiling bmx055.c...
compiling nrf24l01.c...
compiling stm32f1xx_hal_pwr.c...
compiling stm32f1xx_hal_tim.c...
compiling stm32f1xx_hal_dma.c...
compiling stm32f1xx_hal_gpio.c...
compiling stm32f1xx_hal_i2c.c...
compiling stm32f1xx_hal_rcc_ex.c...
compiling stm32f1xx_hal_spi.c...
compiling stm32f1xx_hal.c...
compiling stm32f1xx_hal_flash_ex.c...
compiling stm32f1xx_hal_cortex.c...
compiling stm32f1xx_hal_tim_ex.c...
compiling stm32f1xx_hal_spi_ex.c...
compiling stm32f1xx_hal_flash.c...
compiling stm32f1xx_hal_rcc.c...
compiling stm32f1xx_hal_gpio_ex.c...
compiling stm32f1xx_hal_adc_ex.c...
compiling stm32f1xx_hal_adc.c...
linking...
Program Size: Code=19580 RO-data=292 RW-data=84 ZI-data=1372  
FromELF: creating hex file...
"TrackedDevice\TrackedDevice.axf" - 0 Error(s), 0 Warning(s).

<h2>Collection of Component include folders:</h2>
  D:\Data\Projects\STM32\SteamVR\TrackedDevice\MDK-ARM\RTE
  D:\Programs\STMicroelectronics\Keil\ARM\PACK\Keil\STM32F1xx_DFP\2.1.0\Device\Include

<h2>Collection of Component Files used:</h2>
Build Time Elapsed:  00:00:09
</pre>
</body>
</html>
