Component: ARM Compiler 5.06 update 4 (build 422) Tool: armlink [4d35d2]

==============================================================================

Section Cross References

    system_stm32f1xx.o(i.SystemCoreClockUpdate) refers to system_stm32f1xx.o(.data) for .data
    system_stm32f1xx.o(i.SystemCoreClockUpdate) refers to system_stm32f1xx.o(.constdata) for .constdata
    system_stm32f1xx.o(.ARM.exidx) refers to system_stm32f1xx.o(i.SystemInit) for i.SystemInit
    system_stm32f1xx.o(.ARM.exidx) refers to system_stm32f1xx.o(i.SystemCoreClockUpdate) for i.SystemCoreClockUpdate
    stm32f1xx_hal_spi_ex.o(i.HAL_SPI_Init) refers to stm32f1xx_hal_msp_1.o(i.HAL_SPI_MspInit) for HAL_SPI_MspInit
    stm32f1xx_hal_spi_ex.o(i.HAL_SPI_Init) refers to stm32f1xx_hal_spi_ex.o(.data) for .data
    stm32f1xx_hal_spi_ex.o(.ARM.exidx) refers to stm32f1xx_hal_spi_ex.o(i.HAL_SPI_Init) for i.HAL_SPI_Init
    stm32f1xx_hal_spi_ex.o(.ARM.exidx) refers to stm32f1xx_hal_spi_ex.o(i.SPI_ISCRCErrorValid) for i.SPI_ISCRCErrorValid
    stm32f1xx_hal_gpio.o(i.HAL_GPIO_EXTI_IRQHandler) refers to main.o(i.HAL_GPIO_EXTI_Callback) for HAL_GPIO_EXTI_Callback
    stm32f1xx_hal_gpio.o(.ARM.exidx) refers to stm32f1xx_hal_gpio.o(i.HAL_GPIO_Init) for i.HAL_GPIO_Init
    stm32f1xx_hal_gpio.o(.ARM.exidx) refers to stm32f1xx_hal_gpio.o(i.HAL_GPIO_DeInit) for i.HAL_GPIO_DeInit
    stm32f1xx_hal_gpio.o(.ARM.exidx) refers to stm32f1xx_hal_gpio.o(i.HAL_GPIO_ReadPin) for i.HAL_GPIO_ReadPin
    stm32f1xx_hal_gpio.o(.ARM.exidx) refers to stm32f1xx_hal_gpio.o(i.HAL_GPIO_WritePin) for i.HAL_GPIO_WritePin
    stm32f1xx_hal_gpio.o(.ARM.exidx) refers to stm32f1xx_hal_gpio.o(i.HAL_GPIO_TogglePin) for i.HAL_GPIO_TogglePin
    stm32f1xx_hal_gpio.o(.ARM.exidx) refers to stm32f1xx_hal_gpio.o(i.HAL_GPIO_LockPin) for i.HAL_GPIO_LockPin
    stm32f1xx_hal_gpio.o(.ARM.exidx) refers to stm32f1xx_hal_gpio.o(i.HAL_GPIO_EXTI_Callback) for i.HAL_GPIO_EXTI_Callback
    stm32f1xx_hal_gpio.o(.ARM.exidx) refers to stm32f1xx_hal_gpio.o(i.HAL_GPIO_EXTI_IRQHandler) for i.HAL_GPIO_EXTI_IRQHandler
    stm32f1xx_hal_cortex.o(i.HAL_NVIC_SetPriority) refers to stm32f1xx_hal_cortex.o(i._Z16NVIC_SetPriority9IRQn_Typej) for NVIC_SetPriority(IRQn_Type, unsigned)
    stm32f1xx_hal_cortex.o(i.HAL_SYSTICK_Config) refers to stm32f1xx_hal_cortex.o(i._Z16NVIC_SetPriority9IRQn_Typej) for NVIC_SetPriority(IRQn_Type, unsigned)
    stm32f1xx_hal_cortex.o(i.HAL_SYSTICK_IRQHandler) refers to led.o(i.HAL_SYSTICK_Callback) for HAL_SYSTICK_Callback
    stm32f1xx_hal_cortex.o(.ARM.exidx) refers to stm32f1xx_hal_cortex.o(i.HAL_NVIC_SetPriorityGrouping) for i.HAL_NVIC_SetPriorityGrouping
    stm32f1xx_hal_cortex.o(.ARM.exidx) refers to stm32f1xx_hal_cortex.o(i.HAL_NVIC_SetPriority) for i.HAL_NVIC_SetPriority
    stm32f1xx_hal_cortex.o(.ARM.exidx) refers to stm32f1xx_hal_cortex.o(i.HAL_NVIC_EnableIRQ) for i.HAL_NVIC_EnableIRQ
    stm32f1xx_hal_cortex.o(.ARM.exidx) refers to stm32f1xx_hal_cortex.o(i.HAL_NVIC_DisableIRQ) for i.HAL_NVIC_DisableIRQ
    stm32f1xx_hal_cortex.o(.ARM.exidx) refers to stm32f1xx_hal_cortex.o(i.HAL_NVIC_SystemReset) for i.HAL_NVIC_SystemReset
    stm32f1xx_hal_cortex.o(.ARM.exidx) refers to stm32f1xx_hal_cortex.o(i.HAL_SYSTICK_Config) for i.HAL_SYSTICK_Config
    stm32f1xx_hal_cortex.o(.ARM.exidx) refers to stm32f1xx_hal_cortex.o(i.HAL_NVIC_GetPriorityGrouping) for i.HAL_NVIC_GetPriorityGrouping
    stm32f1xx_hal_cortex.o(.ARM.exidx) refers to stm32f1xx_hal_cortex.o(i.HAL_NVIC_GetPriority) for i.HAL_NVIC_GetPriority
    stm32f1xx_hal_cortex.o(.ARM.exidx) refers to stm32f1xx_hal_cortex.o(i.HAL_NVIC_SetPendingIRQ) for i.HAL_NVIC_SetPendingIRQ
    stm32f1xx_hal_cortex.o(.ARM.exidx) refers to stm32f1xx_hal_cortex.o(i.HAL_NVIC_GetPendingIRQ) for i.HAL_NVIC_GetPendingIRQ
    stm32f1xx_hal_cortex.o(.ARM.exidx) refers to stm32f1xx_hal_cortex.o(i.HAL_NVIC_ClearPendingIRQ) for i.HAL_NVIC_ClearPendingIRQ
    stm32f1xx_hal_cortex.o(.ARM.exidx) refers to stm32f1xx_hal_cortex.o(i.HAL_NVIC_GetActive) for i.HAL_NVIC_GetActive
    stm32f1xx_hal_cortex.o(.ARM.exidx) refers to stm32f1xx_hal_cortex.o(i.HAL_SYSTICK_CLKSourceConfig) for i.HAL_SYSTICK_CLKSourceConfig
    stm32f1xx_hal_cortex.o(.ARM.exidx) refers to stm32f1xx_hal_cortex.o(i.HAL_SYSTICK_Callback) for i.HAL_SYSTICK_Callback
    stm32f1xx_hal_cortex.o(.ARM.exidx) refers to stm32f1xx_hal_cortex.o(i.HAL_SYSTICK_IRQHandler) for i.HAL_SYSTICK_IRQHandler
    stm32f1xx_hal_cortex.o(.ARM.exidx) refers to stm32f1xx_hal_cortex.o(i._Z16NVIC_SetPriority9IRQn_Typej) for i._Z16NVIC_SetPriority9IRQn_Typej
    stm32f1xx_ll_usb.o(i.USB_EPStartXfer) refers to stm32f1xx_ll_usb.o(i.USB_WritePMA) for USB_WritePMA
    stm32f1xx_ll_usb.o(.ARM.exidx) refers to stm32f1xx_ll_usb.o(i.USB_CoreInit) for i.USB_CoreInit
    stm32f1xx_ll_usb.o(.ARM.exidx) refers to stm32f1xx_ll_usb.o(i.USB_EnableGlobalInt) for i.USB_EnableGlobalInt
[...]
    CAN1_SCE_IRQHandler                      0x08000123   Thumb Code     0  startup_stm32f103xb.o(.text)
    DMA1_Channel2_IRQHandler                 0x08000123   Thumb Code     0  startup_stm32f103xb.o(.text)
    DMA1_Channel3_IRQHandler                 0x08000123   Thumb Code     0  startup_stm32f103xb.o(.text)
    DMA1_Channel4_IRQHandler                 0x08000123   Thumb Code     0  startup_stm32f103xb.o(.text)
    DMA1_Channel5_IRQHandler                 0x08000123   Thumb Code     0  startup_stm32f103xb.o(.text)
    DMA1_Channel6_IRQHandler                 0x08000123   Thumb Code     0  startup_stm32f103xb.o(.text)
    DMA1_Channel7_IRQHandler                 0x08000123   Thumb Code     0  startup_stm32f103xb.o(.text)
    FLASH_IRQHandler                         0x08000123   Thumb Code     0  startup_stm32f103xb.o(.text)
    I2C1_ER_IRQHandler                       0x08000123   Thumb Code     0  startup_stm32f103xb.o(.text)
    I2C1_EV_IRQHandler                       0x08000123   Thumb Code     0  startup_stm32f103xb.o(.text)
    I2C2_ER_IRQHandler                       0x08000123   Thumb Code     0  startup_stm32f103xb.o(.text)
    I2C2_EV_IRQHandler                       0x08000123   Thumb Code     0  startup_stm32f103xb.o(.text)
    PVD_IRQHandler                           0x08000123   Thumb Code     0  startup_stm32f103xb.o(.text)
    RCC_IRQHandler                           0x08000123   Thumb Code     0  startup_stm32f103xb.o(.text)
    RTC_Alarm_IRQHandler                     0x08000123   Thumb Code     0  startup_stm32f103xb.o(.text)
    RTC_IRQHandler                           0x08000123   Thumb Code     0  startup_stm32f103xb.o(.text)
    SPI1_IRQHandler                          0x08000123   Thumb Code     0  startup_stm32f103xb.o(.text)
    SPI2_IRQHandler                          0x08000123   Thumb Code     0  startup_stm32f103xb.o(.text)
    TAMPER_IRQHandler                        0x08000123   Thumb Code     0  startup_stm32f103xb.o(.text)
    TIM1_BRK_IRQHandler                      0x08000123   Thumb Code     0  startup_stm32f103xb.o(.text)
    TIM1_CC_IRQHandler                       0x08000123   Thumb Code     0  startup_stm32f103xb.o(.text)
    TIM1_TRG_COM_IRQHandler                  0x08000123   Thumb Code     0  startup_stm32f103xb.o(.text)
    TIM1_UP_IRQHandler                       0x08000123   Thumb Code     0  startup_stm32f103xb.o(.text)
    TIM2_IRQHandler                          0x08000123   Thumb Code     0  startup_stm32f103xb.o(.text)
    TIM3_IRQHandler                          0x08000123   Thumb Code     0  startup_stm32f103xb.o(.text)
    TIM4_IRQHandler                          0x08000123   Thumb Code     0  startup_stm32f103xb.o(.text)
    USART1_IRQHandler                        0x08000123   Thumb Code     0  startup_stm32f103xb.o(.text)
    USART2_IRQHandler                        0x08000123   Thumb Code     0  startup_stm32f103xb.o(.text)
    USART3_IRQHandler                        0x08000123   Thumb Code     0  startup_stm32f103xb.o(.text)
    USBWakeUp_IRQHandler                     0x08000123   Thumb Code     0  startup_stm32f103xb.o(.text)
    USB_HP_CAN1_TX_IRQHandler                0x08000123   Thumb Code     0  startup_stm32f103xb.o(.text)
    WWDG_IRQHandler                          0x08000123   Thumb Code     0  startup_stm32f103xb.o(.text)
    __aeabi_uldivmod                         0x0800012d   Thumb Code    98  uldiv.o(.text)
    __aeabi_llsr                             0x0800018f   Thumb Code    32  llushr.o(.text)
    _ll_ushift_r                             0x0800018f   Thumb Code     0  llushr.o(.text)
    rand                                     0x080001b1   Thumb Code    20  rand.o(.text)
    srand                                    0x080001c5   Thumb Code     6  rand.o(.text)
    __aeabi_memcpy                           0x080001d5   Thumb Code    36  memcpya.o(.text)
    __aeabi_memcpy4                          0x080001d5   Thumb Code     0  memcpya.o(.text)
    __aeabi_memcpy8                          0x080001d5   Thumb Code     0  memcpya.o(.text)
    __aeabi_memset                           0x080001f9   Thumb Code    14  memseta.o(.text)
    __aeabi_memset4                          0x080001f9   Thumb Code     0  memseta.o(.text)
    __aeabi_memset8                          0x080001f9   Thumb Code     0  memseta.o(.text)
    __aeabi_memclr                           0x08000207   Thumb Code     4  memseta.o(.text)
    __aeabi_memclr4                          0x08000207   Thumb Code     0  memseta.o(.text)
    __aeabi_memclr8                          0x08000207   Thumb Code     0  memseta.o(.text)
    _memset$wrapper                          0x0800020b   Thumb Code    18  memseta.o(.text)
    __cpp_initialize__aeabi_                 0x0800021d   Thumb Code    22  cpp_init.o(.text)
    __aeabi_atexit                           0x0800023d   Thumb Code    46  aeabi_atexit.o(.text)
    __aeabi_fadd                             0x0800026b   Thumb Code   164  fadd.o(.text)
    __aeabi_fsub                             0x0800030f   Thumb Code     6  fadd.o(.text)
    __aeabi_frsub                            0x08000315   Thumb Code     6  fadd.o(.text)
    __aeabi_fmul                             0x0800031b   Thumb Code   100  fmul.o(.text)
    __aeabi_fdiv                             0x0800037f   Thumb Code   124  fdiv.o(.text)
    __ARM_scalbnf                            0x080003fb   Thumb Code    24  fscalb.o(.text)
    scalbnf                                  0x080003fb   Thumb Code     0  fscalb.o(.text)
    __aeabi_dmul                             0x08000413   Thumb Code   228  dmul.o(.text)
    __aeabi_ddiv                             0x080004f7   Thumb Code   222  ddiv.o(.text)
    __aeabi_i2f                              0x080005d5   Thumb Code    18  fflti.o(.text)
    __aeabi_ul2f                             0x080005e7   Thumb Code    28  ffltul.o(.text)
    __aeabi_f2iz                             0x08000603   Thumb Code    50  ffixi.o(.text)
    __aeabi_f2uiz                            0x08000635   Thumb Code    40  ffixui.o(.text)
    __aeabi_f2d                              0x0800065d   Thumb Code    38  f2d.o(.text)
    __aeabi_d2f                              0x08000683   Thumb Code    56  d2f.o(.text)
    __aeabi_cfrcmple                         0x080006bd   Thumb Code    20  cfrcmple.o(.text)
    __aeabi_llsl                             0x080006d1   Thumb Code    30  llshl.o(.text)
    _ll_shift_l                              0x080006d1   Thumb Code     0  llshl.o(.text)
    __I$use$fp                               0x080006ef   Thumb Code     0  iusefp.o(.text)
    __rt_ddtor_pointer_addr                  0x080006f1   Thumb Code     4  cpp_dtor.o(.text)
    __cxa_finalize                           0x080006f9   Thumb Code    66  cxa_finalize.o(.text)
    _float_round                             0x0800073b   Thumb Code    18  fepilogue.o(.text)
    _float_epilogue                          0x0800074d   Thumb Code    92  fepilogue.o(.text)
    _fsqrt                                   0x080007a9   Thumb Code    94  fsqrt.o(.text)
    _double_round                            0x08000807   Thumb Code    30  depilogue.o(.text)
    _double_epilogue                         0x08000825   Thumb Code   156  depilogue.o(.text)
    __scatterload                            0x080008c1   Thumb Code    28  init.o(.text)
    __scatterload_rt2                        0x080008c1   Thumb Code     0  init.o(.text)
    __rt_lib_shutdown_cpp_2                  0x080008e5   Thumb Code     2  cpp_final.o(.text)
    __decompress                             0x080008e7   Thumb Code     0  __dczerorl2.o(.text)
    __decompress1                            0x080008e7   Thumb Code    86  __dczerorl2.o(.text)
    ADC_ConversionStop_Disable               0x0800093d   Thumb Code    76  stm32f1xx_hal_adc.o(i.ADC_ConversionStop_Disable)
    BusFault_Handler                         0x08000989   Thumb Code     2  stm32f1xx_it.o(i.BusFault_Handler)
    CheckPacketCrc                           0x0800098b   Thumb Code    22  usb.o(i.CheckPacketCrc)
    DMA1_Channel1_IRQHandler                 0x080009a1   Thumb Code     6  stm32f1xx_it.o(i.DMA1_Channel1_IRQHandler)
    DebugMon_Handler                         0x080009ad   Thumb Code     2  stm32f1xx_it.o(i.DebugMon_Handler)
    EXTI0_IRQHandler                         0x080009af   Thumb Code     6  stm32f1xx_it.o(i.EXTI0_IRQHandler)
    EXTI15_10_IRQHandler                     0x080009b5   Thumb Code    38  stm32f1xx_it.o(i.EXTI15_10_IRQHandler)
    EXTI1_IRQHandler                         0x080009db   Thumb Code     6  stm32f1xx_it.o(i.EXTI1_IRQHandler)
    EXTI2_IRQHandler                         0x080009e1   Thumb Code     6  stm32f1xx_it.o(i.EXTI2_IRQHandler)
    EXTI3_IRQHandler                         0x080009e7   Thumb Code     6  stm32f1xx_it.o(i.EXTI3_IRQHandler)
    EXTI4_IRQHandler                         0x080009ed   Thumb Code     6  stm32f1xx_it.o(i.EXTI4_IRQHandler)
    EXTI9_5_IRQHandler                       0x080009f3   Thumb Code    40  stm32f1xx_it.o(i.EXTI9_5_IRQHandler)
    FLASH_PageErase                          0x08000a1d   Thumb Code    28  stm32f1xx_hal_flash_ex.o(i.FLASH_PageErase)
    FLASH_WaitForLastOperation               0x08000a41   Thumb Code    80  stm32f1xx_hal_flash.o(i.FLASH_WaitForLastOperation)
    GetPacketCrc                             0x08000a95   Thumb Code    26  usb.o(i.GetPacketCrc)
    HAL_ADC_ConfigChannel                    0x08000ab1   Thumb Code   346  stm32f1xx_hal_adc.o(i.HAL_ADC_ConfigChannel)
    HAL_ADC_Init                             0x08000c19   Thumb Code   300  stm32f1xx_hal_adc.o(i.HAL_ADC_Init)
    HAL_ADC_MspInit                          0x08000d4d   Thumb Code    96  stm32f1xx_hal_msp_1.o(i.HAL_ADC_MspInit)
    HAL_DMA_IRQHandler                       0x08000dc1   Thumb Code   616  stm32f1xx_hal_dma.o(i.HAL_DMA_IRQHandler)
    HAL_DMA_Init                             0x0800102d   Thumb Code    80  stm32f1xx_hal_dma.o(i.HAL_DMA_Init)
    HAL_Delay                                0x0800107d   Thumb Code    22  stm32f1xx_hal.o(i.HAL_Delay)
    HAL_FLASH_Lock                           0x08001095   Thumb Code    14  stm32f1xx_hal_flash.o(i.HAL_FLASH_Lock)
    HAL_FLASH_Program                        0x080010a9   Thumb Code   120  stm32f1xx_hal_flash.o(i.HAL_FLASH_Program)
    HAL_FLASH_Unlock                         0x08001129   Thumb Code    24  stm32f1xx_hal_flash.o(i.HAL_FLASH_Unlock)
    HAL_GPIO_EXTI_Callback                   0x0800114d   Thumb Code    58  main.o(i.HAL_GPIO_EXTI_Callback)
    HAL_GPIO_EXTI_IRQHandler                 0x0800118d   Thumb Code    18  stm32f1xx_hal_gpio.o(i.HAL_GPIO_EXTI_IRQHandler)
    HAL_GPIO_Init                            0x080011a5   Thumb Code   408  stm32f1xx_hal_gpio.o(i.HAL_GPIO_Init)
    HAL_GPIO_ReadPin                         0x08001361   Thumb Code    10  stm32f1xx_hal_gpio.o(i.HAL_GPIO_ReadPin)
    HAL_GPIO_WritePin                        0x0800136b   Thumb Code    10  stm32f1xx_hal_gpio.o(i.HAL_GPIO_WritePin)
    HAL_GetTick                              0x08001375   Thumb Code     6  stm32f1xx_hal.o(i.HAL_GetTick)
    HAL_I2C_Init                             0x08001381   Thumb Code   216  stm32f1xx_hal_i2c.o(i.HAL_I2C_Init)
    HAL_I2C_IsDeviceReady                    0x08001461   Thumb Code   320  stm32f1xx_hal_i2c.o(i.HAL_I2C_IsDeviceReady)
    HAL_I2C_Mem_Read                         0x080015a5   Thumb Code   462  stm32f1xx_hal_i2c.o(i.HAL_I2C_Mem_Read)
    HAL_I2C_Mem_Write                        0x0800177d   Thumb Code   242  stm32f1xx_hal_i2c.o(i.HAL_I2C_Mem_Write)
    HAL_I2C_MspInit                          0x08001875   Thumb Code    60  stm32f1xx_hal_msp_1.o(i.HAL_I2C_MspInit)
    HAL_IncTick                              0x080018bd   Thumb Code    10  stm32f1xx_hal.o(i.HAL_IncTick)
    HAL_Init                                 0x080018cd   Thumb Code    32  stm32f1xx_hal.o(i.HAL_Init)
    HAL_InitTick                             0x080018f1   Thumb Code    34  stm32f1xx_hal.o(i.HAL_InitTick)
    HAL_MspInit                              0x08001915   Thumb Code   126  stm32f1xx_hal_msp_1.o(i.HAL_MspInit)
    HAL_NVIC_EnableIRQ                       0x0800199d   Thumb Code    22  stm32f1xx_hal_cortex.o(i.HAL_NVIC_EnableIRQ)
    HAL_NVIC_SetPriority                     0x080019b5   Thumb Code    60  stm32f1xx_hal_cortex.o(i.HAL_NVIC_SetPriority)
    HAL_NVIC_SetPriorityGrouping             0x080019f5   Thumb Code    26  stm32f1xx_hal_cortex.o(i.HAL_NVIC_SetPriorityGrouping)
    HAL_PCDEx_PMAConfig                      0x08001a19   Thumb Code    52  stm32f1xx_hal_pcd_ex.o(i.HAL_PCDEx_PMAConfig)
    HAL_PCDEx_SetConnectionState             0x08001a4d   Thumb Code     2  usbd_conf.o(i.HAL_PCDEx_SetConnectionState)
    HAL_PCD_DataInStageCallback              0x08001a4f   Thumb Code    14  usbd_conf.o(i.HAL_PCD_DataInStageCallback)
    HAL_PCD_DataOutStageCallback             0x08001a5d   Thumb Code    16  usbd_conf.o(i.HAL_PCD_DataOutStageCallback)
    HAL_PCD_EP_Close                         0x08001a6d   Thumb Code    64  stm32f1xx_hal_pcd.o(i.HAL_PCD_EP_Close)
    HAL_PCD_EP_ClrStall                      0x08001aad   Thumb Code    72  stm32f1xx_hal_pcd.o(i.HAL_PCD_EP_ClrStall)
    HAL_PCD_EP_Open                          0x08001af5   Thumb Code    68  stm32f1xx_hal_pcd.o(i.HAL_PCD_EP_Open)
    HAL_PCD_EP_Receive                       0x08001b39   Thumb Code    64  stm32f1xx_hal_pcd.o(i.HAL_PCD_EP_Receive)
    HAL_PCD_EP_SetStall                      0x08001b79   Thumb Code    86  stm32f1xx_hal_pcd.o(i.HAL_PCD_EP_SetStall)
    HAL_PCD_EP_Transmit                      0x08001bcf   Thumb Code    62  stm32f1xx_hal_pcd.o(i.HAL_PCD_EP_Transmit)
    HAL_PCD_IRQHandler                       0x08001c0d   Thumb Code   266  stm32f1xx_hal_pcd.o(i.HAL_PCD_IRQHandler)
    HAL_PCD_Init                             0x08001d19   Thumb Code   192  stm32f1xx_hal_pcd.o(i.HAL_PCD_Init)
    HAL_PCD_MspInit                          0x08001dd9   Thumb Code    50  usbd_conf.o(i.HAL_PCD_MspInit)
    HAL_PCD_ResetCallback                    0x08001e15   Thumb Code    26  usbd_conf.o(i.HAL_PCD_ResetCallback)
    HAL_PCD_ResumeCallback                   0x08001e2f   Thumb Code     8  usbd_conf.o(i.HAL_PCD_ResumeCallback)
    HAL_PCD_SOFCallback                      0x08001e37   Thumb Code     8  usbd_conf.o(i.HAL_PCD_SOFCallback)
    HAL_PCD_SetAddress                       0x08001e3f   Thumb Code    40  stm32f1xx_hal_pcd.o(i.HAL_PCD_SetAddress)
    HAL_PCD_SetupStageCallback               0x08001e67   Thumb Code    14  usbd_conf.o(i.HAL_PCD_SetupStageCallback)
    HAL_PCD_Start                            0x08001e75   Thumb Code    50  stm32f1xx_hal_pcd.o(i.HAL_PCD_Start)
    HAL_PCD_SuspendCallback                  0x08001ea9   Thumb Code    30  usbd_conf.o(i.HAL_PCD_SuspendCallback)
    HAL_RCCEx_PeriphCLKConfig                0x08001ecd   Thumb Code   288  stm32f1xx_hal_rcc_ex.o(i.HAL_RCCEx_PeriphCLKConfig)
    HAL_RCC_ClockConfig                      0x08001ff9   Thumb Code   374  stm32f1xx_hal_rcc.o(i.HAL_RCC_ClockConfig)
    HAL_RCC_GetHCLKFreq                      0x08002181   Thumb Code     6  stm32f1xx_hal_rcc.o(i.HAL_RCC_GetHCLKFreq)
    HAL_RCC_GetPCLK1Freq                     0x0800218d   Thumb Code    34  stm32f1xx_hal_rcc.o(i.HAL_RCC_GetPCLK1Freq)
    HAL_RCC_GetSysClockFreq                  0x080021bd   Thumb Code   104  stm32f1xx_hal_rcc.o(i.HAL_RCC_GetSysClockFreq)
    HAL_RCC_OscConfig                        0x08002245   Thumb Code  1406  stm32f1xx_hal_rcc.o(i.HAL_RCC_OscConfig)
    HAL_SPI_Init                             0x080027c5   Thumb Code   132  stm32f1xx_hal_spi_ex.o(i.HAL_SPI_Init)
    HAL_SPI_MspInit                          0x0800284d   Thumb Code    78  stm32f1xx_hal_msp_1.o(i.HAL_SPI_MspInit)
    HAL_SPI_TransmitReceive                  0x080028a9   Thumb Code   686  stm32f1xx_hal_spi.o(i.HAL_SPI_TransmitReceive)
    HAL_SYSTICK_CLKSourceConfig              0x08002b57   Thumb Code    24  stm32f1xx_hal_cortex.o(i.HAL_SYSTICK_CLKSourceConfig)
    HAL_SYSTICK_Callback                     0x08002b71   Thumb Code    78  led.o(i.HAL_SYSTICK_Callback)
    HAL_SYSTICK_Config                       0x08002bcd   Thumb Code    40  stm32f1xx_hal_cortex.o(i.HAL_SYSTICK_Config)
    HAL_SYSTICK_IRQHandler                   0x08002bf5   Thumb Code     8  stm32f1xx_hal_cortex.o(i.HAL_SYSTICK_IRQHandler)
    HardFault_Handler                        0x08002bfd   Thumb Code     2  stm32f1xx_it.o(i.HardFault_Handler)
    MX_USB_DEVICE_Init                       0x08002c01   Thumb Code    38  usb_device.o(i.MX_USB_DEVICE_Init)
    MemManage_Handler                        0x08002c39   Thumb Code     2  stm32f1xx_it.o(i.MemManage_Handler)
    NMI_Handler                              0x08002c3b   Thumb Code     2  stm32f1xx_it.o(i.NMI_Handler)
    PendSV_Handler                           0x08002c3d   Thumb Code     2  stm32f1xx_it.o(i.PendSV_Handler)
    SVC_Handler                              0x08002c3f   Thumb Code     2  stm32f1xx_it.o(i.SVC_Handler)
    SetPacketCrc                             0x08002c41   Thumb Code    20  usb.o(i.SetPacketCrc)
    SysTick_Handler                          0x08002c55   Thumb Code    14  stm32f1xx_it.o(i.SysTick_Handler)
    SystemInit                               0x08002c65   Thumb Code    56  system_stm32f1xx.o(i.SystemInit)
    USBD_CUSTOM_HID_RegisterInterface        0x08002cad   Thumb Code    16  usbd_customhid.o(i.USBD_CUSTOM_HID_RegisterInterface)
    USBD_CUSTOM_HID_SendReport               0x08002cbd   Thumb Code    40  usbd_customhid.o(i.USBD_CUSTOM_HID_SendReport)
    USBD_CUSTOM_HID_SendReport_FS            0x08002ce5   Thumb Code    16  usbd_custom_hid_if.o(i.USBD_CUSTOM_HID_SendReport_FS)
    USBD_ClrClassConfig                      0x08002cf9   Thumb Code    14  usbd_core.o(i.USBD_ClrClassConfig)
    USBD_CtlContinueRx                       0x08002d07   Thumb Code    16  usbd_ioreq.o(i.USBD_CtlContinueRx)
    USBD_CtlContinueSendData                 0x08002d17   Thumb Code    16  usbd_ioreq.o(i.USBD_CtlContinueSendData)
    USBD_CtlError                            0x08002d27   Thumb Code    22  usbd_ctlreq.o(i.USBD_CtlError)
    USBD_CtlPrepareRx                        0x08002d3d   Thumb Code    30  usbd_ioreq.o(i.USBD_CtlPrepareRx)
    USBD_CtlReceiveStatus                    0x08002d5b   Thumb Code    22  usbd_ioreq.o(i.USBD_CtlReceiveStatus)
    USBD_CtlSendData                         0x08002d71   Thumb Code    26  usbd_ioreq.o(i.USBD_CtlSendData)
    USBD_CtlSendStatus                       0x08002d8b   Thumb Code    22  usbd_ioreq.o(i.USBD_CtlSendStatus)
    USBD_GetString                           0x08002da1   Thumb Code    70  usbd_ctlreq.o(i.USBD_GetString)
    USBD_Init                                0x08002de7   Thumb Code    42  usbd_core.o(i.USBD_Init)
    USBD_LL_ClearStallEP                     0x08002e11   Thumb Code    32  usbd_conf.o(i.USBD_LL_ClearStallEP)
    USBD_LL_CloseEP                          0x08002e31   Thumb Code    32  usbd_conf.o(i.USBD_LL_CloseEP)
    USBD_LL_DataInStage                      0x08002e51   Thumb Code   170  usbd_core.o(i.USBD_LL_DataInStage)
    USBD_LL_DataOutStage                     0x08002efb   Thumb Code   106  usbd_core.o(i.USBD_LL_DataOutStage)
    USBD_LL_Init                             0x08002f65   Thumb Code   108  usbd_conf.o(i.USBD_LL_Init)
    USBD_LL_IsStallEP                        0x08002fd9   Thumb Code    28  usbd_conf.o(i.USBD_LL_IsStallEP)
    USBD_LL_OpenEP                           0x08002ff5   Thumb Code    38  usbd_conf.o(i.USBD_LL_OpenEP)
    USBD_LL_PrepareReceive                   0x0800301b   Thumb Code    32  usbd_conf.o(i.USBD_LL_PrepareReceive)
    USBD_LL_Reset                            0x0800303b   Thumb Code    62  usbd_core.o(i.USBD_LL_Reset)
    USBD_LL_Resume                           0x08003079   Thumb Code    12  usbd_core.o(i.USBD_LL_Resume)
    USBD_LL_SOF                              0x08003085   Thumb Code    24  usbd_core.o(i.USBD_LL_SOF)
    USBD_LL_SetSpeed                         0x0800309d   Thumb Code     6  usbd_core.o(i.USBD_LL_SetSpeed)
    USBD_LL_SetUSBAddress                    0x080030a3   Thumb Code    32  usbd_conf.o(i.USBD_LL_SetUSBAddress)
    USBD_LL_SetupStage                       0x080030c3   Thumb Code    90  usbd_core.o(i.USBD_LL_SetupStage)
    USBD_LL_StallEP                          0x0800311d   Thumb Code    32  usbd_conf.o(i.USBD_LL_StallEP)
    USBD_LL_Start                            0x0800313d   Thumb Code    32  usbd_conf.o(i.USBD_LL_Start)
    USBD_LL_Suspend                          0x0800315d   Thumb Code    18  usbd_core.o(i.USBD_LL_Suspend)
    USBD_LL_Transmit                         0x0800316f   Thumb Code    32  usbd_conf.o(i.USBD_LL_Transmit)
    USBD_ParseSetupRequest                   0x0800318f   Thumb Code    40  usbd_ctlreq.o(i.USBD_ParseSetupRequest)
    USBD_RegisterClass                       0x080031b7   Thumb Code    16  usbd_core.o(i.USBD_RegisterClass)
    USBD_SetClassConfig                      0x080031c7   Thumb Code    22  usbd_core.o(i.USBD_SetClassConfig)
    USBD_Start                               0x080031dd   Thumb Code    10  usbd_core.o(i.USBD_Start)
    USBD_StdDevReq                           0x080031e7   Thumb Code   242  usbd_ctlreq.o(i.USBD_StdDevReq)
    USBD_StdEPReq                            0x080032d9   Thumb Code   220  usbd_ctlreq.o(i.USBD_StdEPReq)
    USBD_StdItfReq                           0x080033b5   Thumb Code    52  usbd_ctlreq.o(i.USBD_StdItfReq)
    USBD_static_free                         0x080033e9   Thumb Code     2  usbd_conf.o(i.USBD_static_free)
    USBD_static_malloc                       0x080033ed   Thumb Code     4  usbd_conf.o(i.USBD_static_malloc)
    USB_ActivateEndpoint                     0x080033f5   Thumb Code   604  stm32f1xx_ll_usb.o(i.USB_ActivateEndpoint)
    USB_CoreInit                             0x08003651   Thumb Code     4  stm32f1xx_ll_usb.o(i.USB_CoreInit)
    USB_DeactivateEndpoint                   0x08003655   Thumb Code   292  stm32f1xx_ll_usb.o(i.USB_DeactivateEndpoint)
    USB_DevConnect                           0x08003779   Thumb Code     4  stm32f1xx_ll_usb.o(i.USB_DevConnect)
    USB_DevDisconnect                        0x0800377d   Thumb Code     4  stm32f1xx_ll_usb.o(i.USB_DevDisconnect)
    USB_DevInit                              0x08003781   Thumb Code    18  stm32f1xx_ll_usb.o(i.USB_DevInit)
    USB_DisableGlobalInt                     0x08003793   Thumb Code    14  stm32f1xx_ll_usb.o(i.USB_DisableGlobalInt)
    USB_EP0_OutStart                         0x080037a1   Thumb Code     4  stm32f1xx_ll_usb.o(i.USB_EP0_OutStart)
    USB_EPClearStall                         0x080037a5   Thumb Code   106  stm32f1xx_ll_usb.o(i.USB_EPClearStall)
    USB_EPSetStall                           0x0800380f   Thumb Code    74  stm32f1xx_ll_usb.o(i.USB_EPSetStall)
    USB_EPStartXfer                          0x08003859   Thumb Code   426  stm32f1xx_ll_usb.o(i.USB_EPStartXfer)
    USB_EnableGlobalInt                      0x08003a03   Thumb Code    14  stm32f1xx_ll_usb.o(i.USB_EnableGlobalInt)
    USB_LP_CAN1_RX0_IRQHandler               0x08003a11   Thumb Code     6  stm32f1xx_it.o(i.USB_LP_CAN1_RX0_IRQHandler)
    USB_ReadInterrupts                       0x08003a1d   Thumb Code     6  stm32f1xx_ll_usb.o(i.USB_ReadInterrupts)
    USB_ReadPMA                              0x08003a25   Thumb Code    30  stm32f1xx_ll_usb.o(i.USB_ReadPMA)
    USB_SetCurrentMode                       0x08003a43   Thumb Code     4  stm32f1xx_ll_usb.o(i.USB_SetCurrentMode)
    USB_SetDevAddress                        0x08003a47   Thumb Code    12  stm32f1xx_ll_usb.o(i.USB_SetDevAddress)
    USB_WritePMA                             0x08003a53   Thumb Code    38  stm32f1xx_ll_usb.o(i.USB_WritePMA)
    UsageFault_Handler                       0x08003a79   Thumb Code     2  stm32f1xx_it.o(i.UsageFault_Handler)
    BlinkDelay(int, int)                     0x08003a7d   Thumb Code    30  led.o(i._Z10BlinkDelayii)
    BlinkRease(int)                          0x08003a9b   Thumb Code     6  led.o(i._Z10BlinkReasei)
    BlinkRease(int, bool)                    0x08003aa1   Thumb Code    50  led.o(i._Z10BlinkReaseib)
    RF_CE_HIGH()                             0x08003ad5   Thumb Code    10  nrf24l01.o(i._Z10RF_CE_HIGHv)
    RF_NSS_LOW()                             0x08003ae5   Thumb Code    24  nrf24l01.o(i._Z10RF_NSS_LOWv)
    initBMX055()                             0x08003b01   Thumb Code   212  bmx055.o(i._Z10initBMX055v)
    trimBMX055()                             0x08003bd9   Thumb Code   168  bmx055.o(i._Z10trimBMX055v)
    RF_NSS_HIGH()                            0x08003c85   Thumb Code    10  nrf24l01.o(i._Z11RF_NSS_HIGHv)
    RF_Read_Cmd(__SPI_HandleTypeDef*, unsigned char) 0x08003c95   Thumb Code    38  nrf24l01.o(i._Z11RF_Read_CmdP19__SPI_HandleTypeDefh)
    RF_Send_Cmd(__SPI_HandleTypeDef*, unsigned char, unsigned char) 0x08003cbb   Thumb Code    72  nrf24l01.o(i._Z11RF_Send_CmdP19__SPI_HandleTypeDefhh)
    checkBMX055()                            0x08003d03   Thumb Code   134  bmx055.o(i._Z11checkBMX055v)
    initADXL345()                            0x08003d89   Thumb Code    88  adxl345.o(i._Z11initADXL345v)
    initITG3200()                            0x08003de5   Thumb Code    46  itg3200.o(i._Z11initITG3200v)
    initSensors()                            0x08003e15   Thumb Code   118  main.o(i._Z11initSensorsv)
    readMagData(short*)                      0x08003e91   Thumb Code    30  main.o(i._Z11readMagDataPs)
    RF_IRQ_CLEAR(__SPI_HandleTypeDef*, unsigned char) 0x0800412d   Thumb Code     8  nrf24l01.o(i._Z12RF_IRQ_CLEARP19__SPI_HandleTypeDefh)
    RF_Send_Adrs(__SPI_HandleTypeDef*, unsigned char, unsigned char*) 0x08004135   Thumb Code    56  nrf24l01.o(i._Z12RF_Send_AdrsP19__SPI_HandleTypeDefhPh)
    SPI_ReadByte(__SPI_HandleTypeDef*, unsigned char) 0x0800416d   Thumb Code    38  spilib.o(i._Z12SPI_ReadByteP19__SPI_HandleTypeDefh)
    SPI_SendByte(__SPI_HandleTypeDef*, unsigned char) 0x08004193   Thumb Code    38  spilib.o(i._Z12SPI_SendByteP19__SPI_HandleTypeDefh)
    checkADXL345()                           0x080041b9   Thumb Code    50  adxl345.o(i._Z12checkADXL345v)
    checkITG3200()                           0x080041eb   Thumb Code    60  itg3200.o(i._Z12checkITG3200v)
    i2c_readData(unsigned char, unsigned char, unsigned char*, unsigned short) 0x08004229   Thumb Code    32  i2c.o(i._Z12i2c_readDatahhPht)
    initHMC5883L()                           0x0800424d   Thumb Code    42  hmc5883l.o(i._Z12initHMC5883Lv)
    initL3G4200D()                           0x0800427d   Thumb Code    60  l3g4200d.o(i._Z12initL3G4200Dv)
    readGyroData(short*)                     0x080042bd   Thumb Code    40  main.o(i._Z12readGyroDataPs)
    Error_Handler()                          0x080042e9   Thumb Code    38  main.o(i._Z13Error_Handlerv)
    ForwardPacket(USBPacket*)                0x08004319   Thumb Code    60  main.o(i._Z13ForwardPacketP9USBPacket)
    HAL_GetMicros()                          0x0800435d   Thumb Code    66  main.o(i._Z13HAL_GetMicrosv)
    NRF24L01_Init()                          0x080043a1   Thumb Code    98  main.o(i._Z13NRF24L01_Initv)
    RF_FifoStatus(__SPI_HandleTypeDef*)      0x08004409   Thumb Code     6  nrf24l01.o(i._Z13RF_FifoStatusP19__SPI_HandleTypeDef)
    checkHMC5883L()                          0x0800440f   Thumb Code    86  hmc5883l.o(i._Z13checkHMC5883Lv)
    checkL3G4200D()                          0x08004465   Thumb Code    56  l3g4200d.o(i._Z13checkL3G4200Dv)
    getADXL345res()                          0x0800449d   Thumb Code    46  adxl345.o(i._Z13getADXL345resv)
    getITG3200res()                          0x080044d1   Thumb Code     4  itg3200.o(i._Z13getITG3200resv)
    readAccelData(short*)                    0x080044d9   Thumb Code    30  main.o(i._Z13readAccelDataPs)
    HAL_MicroDelay(unsigned long long)       0x080044fd   Thumb Code    36  main.o(i._Z14HAL_MicroDelayy)
    ProcessSensors()                         0x08004521   Thumb Code   564  main.o(i._Z14ProcessSensorsv)
    RF_ReceiveMode(__SPI_HandleTypeDef*, unsigned char*) 0x08004775   Thumb Code    68  nrf24l01.o(i._Z14RF_ReceiveModeP19__SPI_HandleTypeDefPh)
    RF_SendPayload(__SPI_HandleTypeDef*, unsigned char*, unsigned char) 0x080047b9   Thumb Code    60  nrf24l01.o(i._Z14RF_SendPayloadP19__SPI_HandleTypeDefPhh)
    getHMC5883Lres()                         0x08004869   Thumb Code     4  hmc5883l.o(i._Z14getHMC5883Lresv)
    getL3G4200Dres()                         0x08004871   Thumb Code    38  l3g4200d.o(i._Z14getL3G4200Dresv)
    readEEPROMWord(unsigned)                 0x080048ad   Thumb Code     6  eeprom_flash.o(i._Z14readEEPROMWordj)
    RF_TransmitMode(__SPI_HandleTypeDef*, unsigned char*) 0x080048b9   Thumb Code    62  nrf24l01.o(i._Z15RF_TransmitModeP19__SPI_HandleTypeDefPh)
    getBMX055resMag()                        0x080048f9   Thumb Code     4  bmx055.o(i._Z15getBMX055resMagv)
    readADXL345Data(short*)                  0x08004901   Thumb Code    68  adxl345.o(i._Z15readADXL345DataPs)
    readITG3200Data(short*)                  0x08004945   Thumb Code    44  itg3200.o(i._Z15readITG3200DataPs)
    writeEEPROMWord(unsigned, unsigned)      0x08004971   Thumb Code    16  eeprom_flash.o(i._Z15writeEEPROMWordjj)
    CalibrateSensors()                       0x08004985   Thumb Code   148  main.o(i._Z16CalibrateSensorsv)
    ProcessOwnPacket(USBPacket*)             0x08004a41   Thumb Code   150  main.o(i._Z16ProcessOwnPacketP9USBPacket)
    getBMX055resGyro()                       0x08004ae1   Thumb Code    42  bmx055.o(i._Z16getBMX055resGyrov)
    i2c_readRegister(unsigned char, unsigned char, unsigned char*) 0x08004b25   Thumb Code     6  i2c.o(i._Z16i2c_readRegisterhhPh)
    readHMC5883LData(short*)                 0x08004b2b   Thumb Code    68  hmc5883l.o(i._Z16readHMC5883LDataPs)
    readL3G4200DData(short*)                 0x08004b6f   Thumb Code    76  l3g4200d.o(i._Z16readL3G4200DDataPs)
    RF_EnableTransmit(__SPI_HandleTypeDef*)  0x08004bbb   Thumb Code    18  nrf24l01.o(i._Z17RF_EnableTransmitP19__SPI_HandleTypeDef)
    RF_ReceivePayload(__SPI_HandleTypeDef*, unsigned char*, unsigned char) 0x08004bcd   Thumb Code    72  nrf24l01.o(i._Z17RF_ReceivePayloadP19__SPI_HandleTypeDefPhh)
    getBMX055resAccel()                      0x08004c15   Thumb Code    48  bmx055.o(i._Z17getBMX055resAccelv)
    i2c_isDeviceReady(unsigned char)         0x08004c49   Thumb Code    44  i2c.o(i._Z17i2c_isDeviceReadyh)
    readBMX055DataMag(short*)                0x08004c79   Thumb Code    86  bmx055.o(i._Z17readBMX055DataMagPs)
    BroadcastRFPackets()                     0x08004cd1   Thumb Code   244  main.o(i._Z18BroadcastRFPacketsv)
    SystemClock_Config()                     0x0800517b   Thumb Code   120  main.o(i._Z18SystemClock_Configv)
    readBMX055DataGyro(short*)               0x080052e5   Thumb Code    38  bmx055.o(i._Z18readBMX055DataGyroPs)
    compensate_BMX055_X(short, unsigned short) 0x0800530d   Thumb Code    90  bmx055.o(i._Z19compensate_BMX055_Xst)
    compensate_BMX055_Y(short, unsigned short) 0x08005371   Thumb Code    90  bmx055.o(i._Z19compensate_BMX055_Yst)
    compensate_BMX055_Z(short, unsigned short) 0x080053d5   Thumb Code   104  bmx055.o(i._Z19compensate_BMX055_Zst)
    enableEEPROMWriting()                    0x08005445   Thumb Code    24  eeprom_flash.o(i._Z19enableEEPROMWritingv)
    readBMX055DataAccel(short*)              0x08005465   Thumb Code    62  bmx055.o(i._Z19readBMX055DataAccelPs)
    disableEEPROMWriting()                   0x080054f3   Thumb Code     4  eeprom_flash.o(i._Z20disableEEPROMWritingv)
    i2c_writeRegisterByte(unsigned char, unsigned char, unsigned char) 0x08005691   Thumb Code    38  i2c.o(i._Z21i2c_writeRegisterBytehhh)
    USBD_FS_DeviceDescriptor(USBD_SpeedTypeDef, unsigned short*) 0x08005825   Thumb Code     8  usbd_desc.o(i._Z24USBD_FS_DeviceDescriptor17USBD_SpeedTypeDefPt)
    USBD_FS_ConfigStrDescriptor(USBD_SpeedTypeDef, unsigned short*) 0x08005989   Thumb Code    16  usbd_desc.o(i._Z27USBD_FS_ConfigStrDescriptor17USBD_SpeedTypeDefPt)
    USBD_FS_LangIDStrDescriptor(USBD_SpeedTypeDef, unsigned short*) 0x080059b5   Thumb Code     8  usbd_desc.o(i._Z27USBD_FS_LangIDStrDescriptor17USBD_SpeedTypeDefPt)
    USBD_FS_SerialStrDescriptor(USBD_SpeedTypeDef, unsigned short*) 0x080059c1   Thumb Code    16  usbd_desc.o(i._Z27USBD_FS_SerialStrDescriptor17USBD_SpeedTypeDefPt)
    USBD_FS_ProductStrDescriptor(USBD_SpeedTypeDef, unsigned short*) 0x080059e1   Thumb Code    16  usbd_desc.o(i._Z28USBD_FS_ProductStrDescriptor17USBD_SpeedTypeDefPt)
    USBD_FS_InterfaceStrDescriptor(USBD_SpeedTypeDef, unsigned short*) 0x08005ab9   Thumb Code    16  usbd_desc.o(i._Z30USBD_FS_InterfaceStrDescriptor17USBD_SpeedTypeDefPt)
    USBD_FS_ManufacturerStrDescriptor(USBD_SpeedTypeDef, unsigned short*) 0x08005ae9   Thumb Code    16  usbd_desc.o(i._Z33USBD_FS_ManufacturerStrDescriptor17USBD_SpeedTypeDefPt)
    Blink(int)                               0x08005b99   Thumb Code    30  led.o(i._Z5Blinki)
    LedOn()                                  0x08005bbd   Thumb Code     8  led.o(i._Z5LedOnv)
    LedOff()                                 0x08005bc9   Thumb Code     8  led.o(i._Z6LedOffv)
    RF_Init(__SPI_HandleTypeDef*, RF_InitTypeDef*) 0x08005bd5   Thumb Code   380  nrf24l01.o(i._Z7RF_InitP19__SPI_HandleTypeDefP14RF_InitTypeDef)
    getAres()                                0x08005d51   Thumb Code    26  main.o(i._Z7getAresv)
    getGres()                                0x08005d71   Thumb Code    38  main.o(i._Z7getGresv)
    getMres()                                0x08005d9d   Thumb Code    26  main.o(i._Z7getMresv)
    invSqrt(float)                           0x08005dbd   Thumb Code   116  sensorfusion.o(i._Z7invSqrtf)
    RF_Flush(__SPI_HandleTypeDef*, unsigned char) 0x08005e45   Thumb Code    28  nrf24l01.o(i._Z8RF_FlushP19__SPI_HandleTypeDefh)
    LedToggle()                              0x08005e61   Thumb Code    16  led.o(i._Z9LedTogglev)
    RF_CE_LOW()                              0x08005e75   Thumb Code    10  nrf24l01.o(i._Z9RF_CE_LOWv)
    RF_Status(__SPI_HandleTypeDef*)          0x08005e85   Thumb Code     6  nrf24l01.o(i._Z9RF_StatusP19__SPI_HandleTypeDef)
    Quaternion::conjugate()                  0x08005e8b   Thumb Code    30  quaternion.o(i._ZN10Quaternion9conjugateEv)
    Quaternion::Quaternion(const Quaternion&) 0x08005ea9   Thumb Code    18  quaternion.o(i._ZN10QuaternionC1ERKS_)
    Quaternion::Quaternion__sub_object(const Quaternion&) 0x08005ea9   Thumb Code     0  quaternion.o(i._ZN10QuaternionC1ERKS_)
    Quaternion::Quaternion(float, float, float, float) 0x08005ebb   Thumb Code    10  quaternion.o(i._ZN10QuaternionC1Effff)
    Quaternion::Quaternion__sub_object(float, float, float, float) 0x08005ebb   Thumb Code     0  quaternion.o(i._ZN10QuaternionC1Effff)
    Quaternion::Quaternion()                 0x08005ec5   Thumb Code    16  quaternion.o(i._ZN10QuaternionC1Ev)
    Quaternion::Quaternion__sub_object()     0x08005ec5   Thumb Code     0  quaternion.o(i._ZN10QuaternionC1Ev)
    Quaternion::~Quaternion()                0x08005ed5   Thumb Code     2  quaternion.o(i._ZN10QuaternionD1Ev)
    Quaternion::~Quaternion__sub_object()    0x08005ed5   Thumb Code     0  quaternion.o(i._ZN10QuaternionD1Ev)
    Quaternion::operator =(const Quaternion&) 0x08005ed7   Thumb Code    20  quaternion.o(i._ZN10QuaternionaSERKS_)
    Quaternion::operator *(const Quaternion&) 0x08005eeb   Thumb Code   288  quaternion.o(i._ZN10QuaternionmlERKS_)
    CSensorFusion::FuseOrient(SensorData*)   0x0800600d   Thumb Code   160  sensorfusion.o(i._ZN13CSensorFusion10FuseOrientEP10SensorData)
    CSensorFusion::MadgwickQuaternionUpdateIMU(float, float, float, float, float, float, float) 0x080060b9   Thumb Code  1150  sensorfusion.o(i._ZN13CSensorFusion27MadgwickQuaternionUpdateIMUEfffffff)
    CSensorFusion::MadgwickQuaternionUpdateAHRS(float, float, float, float, float, float, float, float, float, float) 0x08006537   Thumb Code  2194  sensorfusion.o(i._ZN13CSensorFusion28MadgwickQuaternionUpdateAHRSEffffffffff)
    CSensorFusion::CSensorFusion(float)      0x08006dc9   Thumb Code    56  sensorfusion.o(i._ZN13CSensorFusionC1Ef)
    CSensorFusion::CSensorFusion__sub_object(float) 0x08006dc9   Thumb Code     0  sensorfusion.o(i._ZN13CSensorFusionC1Ef)
    CSensorFusion::~CSensorFusion()          0x08006e01   Thumb Code     4  sensorfusion.o(i._ZN13CSensorFusionD1Ev)
    CSensorFusion::~CSensorFusion__sub_object() 0x08006e01   Thumb Code     0  sensorfusion.o(i._ZN13CSensorFusionD1Ev)
    Sensor::ProcessNew()                     0x08006e05   Thumb Code   204  main.o(i._ZN6Sensor10ProcessNewEv)
    Sensor::ResetCalibration()               0x08006ed9   Thumb Code    30  main.o(i._ZN6Sensor16ResetCalibrationEv)
    Sensor::SetGain(float)                   0x08006ef7   Thumb Code    26  main.o(i._ZN6Sensor7SetGainEf)
    Sensor::Sensor()                         0x08006f11   Thumb Code    48  main.o(i._ZN6SensorC1Ev)
    Sensor::Sensor__sub_object()             0x08006f11   Thumb Code     0  main.o(i._ZN6SensorC1Ev)
    __scatterload_copy                       0x08006f41   Thumb Code    14  handlers.o(i.__scatterload_copy)
    __scatterload_null                       0x08006f4f   Thumb Code     2  handlers.o(i.__scatterload_null)
    __scatterload_zeroinit                   0x08006f51   Thumb Code    14  handlers.o(i.__scatterload_zeroinit)
    __set_errno                              0x08006f61   Thumb Code     6  errno.o(i.__set_errno)
    free                                     0x08006ff1   Thumb Code    76  malloc.o(i.free)
    main                                     0x08007041   Thumb Code  1634  main.o(i.main)
    malloc                                   0x080076b1   Thumb Code    92  malloc.o(i.malloc)
    sqrtf                                    0x0800771d   Thumb Code    44  sqrtf.o(i.sqrtf)
    AHBPrescTable                            0x08007748   Data          16  system_stm32f1xx.o(.constdata)
    APBPrescTable                            0x08007758   Data           8  system_stm32f1xx.o(.constdata)
    Region$$Table$$Base                      0x08007760   Number         0  anon$$obj.o(Region$$Table)
    Region$$Table$$Limit                     0x08007780   Number         0  anon$$obj.o(Region$$Table)
    SHT$$INIT_ARRAY$$Base                    0x08007780   Number         0  main.o(.init_array)
    SHT$$INIT_ARRAY$$Limit                   0x08007784   Number         0  cpp_init.o(.init_array)
    SystemCoreClock                          0x20000000   Data           4  system_stm32f1xx.o(.data)
    uCRCErrorWorkaroundCheck                 0x20000004   Data           1  stm32f1xx_hal_spi_ex.o(.data)
    hasADXL345                               0x20000010   Data           1  main.o(.data)
    hasL3G4200D                              0x20000011   Data           1  main.o(.data)
    hasHMC5883L                              0x20000012   Data           1  main.o(.data)
    hasITG3200                               0x20000013   Data           1  main.o(.data)
    hasBMX055                                0x20000014   Data           1  main.o(.data)
    rfStatus                                 0x20000015   Data           1  main.o(.data)
    sensorStatus                             0x20000016   Data           1  main.o(.data)
    feedRawMode                              0x20000017   Data           1  main.o(.data)
    readyToSend                              0x20000018   Data           1  main.o(.data)
    readyToReceive                           0x20000019   Data           1  main.o(.data)
    isCalibrated                             0x2000001a   Data           1  main.o(.data)
    isPositionReady                          0x2000001b   Data           1  main.o(.data)
    hasRotationData                          0x2000001c   Data           1  main.o(.data)
    hasPositionData                          0x2000001d   Data           1  main.o(.data)
    buttonRetransmit                         0x2000001e   Data           1  main.o(.data)
    SensorCalibRequest                       0x2000001f   Data           1  main.o(.data)
    ChannelStateFlags                        0x20000020   Data           2  main.o(.data)
    DigitalValues                            0x20000022   Data           2  main.o(.data)
    DigitalCache                             0x20000024   Data           2  main.o(.data)
    gRes                                     0x20000028   Data           4  main.o(.data)
    mRes                                     0x2000002c   Data           4  main.o(.data)
    aRes                                     0x20000030   Data           4  main.o(.data)
    blinkDelay                               0x20000034   Data           4  main.o(.data)
    pFromUSBPacket                           0x20000038   Data           4  main.o(.data)
    lastCommandSequence                      0x2000003c   Data           4  main.o(.data)
    LastDigitalChange                        0x20000040   Data           4  main.o(.data)
    ticks                                    0x20000044   Data           4  main.o(.data)
    nextSend                                 0x20000048   Data           4  main.o(.data)
    sndCounter                               0x2000004c   Data           4  main.o(.data)
    rcvCounter                               0x20000050   Data           4  main.o(.data)
    extraDelay                               0x20000054   Data           4  main.o(.data)
    eepromSaveTime                           0x20000058   Data           4  main.o(.data)
    lastButtonRefresh                        0x20000060   Data           8  main.o(.data)
    lastRotationUpdate                       0x20000068   Data           8  main.o(.data)
    now                                      0x20000070   Data           8  main.o(.data)
    FS_Desc                                  0x20000078   Data          28  usbd_desc.o(.data)
    USBD_LangIDDesc                          0x20000094   Data           4  usbd_desc.o(.data)
    USBD_FS_DeviceDesc                       0x20000098   Data          18  usbd_desc.o(.data)
    USBD_CustomHID_fops_FS                   0x200000d0   Data          16  usbd_custom_hid_if.o(.data)
    instability_fix                          0x200000e0   Data           4  sensorfusion.o(.data)
    Gscale                                   0x200000e4   Data           1  bmx055.o(.data)
    GODRBW                                   0x200000e5   Data           1  bmx055.o(.data)
    Ascale                                   0x200000e6   Data           1  bmx055.o(.data)
    ACCBW                                    0x200000e7   Data           1  bmx055.o(.data)
    MODR                                     0x200000e8   Data           1  bmx055.o(.data)
    dig_x1                                   0x200000e9   Data           1  bmx055.o(.data)
    dig_y1                                   0x200000ea   Data           1  bmx055.o(.data)
    dig_x2                                   0x200000eb   Data           1  bmx055.o(.data)
    dig_y2                                   0x200000ec   Data           1  bmx055.o(.data)
    dig_xy1                                  0x200000ed   Data           1  bmx055.o(.data)
    dig_xy2                                  0x200000ee   Data           1  bmx055.o(.data)
    dig_z1                                   0x200000f0   Data           2  bmx055.o(.data)
    dig_z2                                   0x200000f2   Data           2  bmx055.o(.data)
    dig_z3                                   0x200000f4   Data           2  bmx055.o(.data)
    dig_z4                                   0x200000f6   Data           2  bmx055.o(.data)
    dig_xyz1                                 0x200000f8   Data           2  bmx055.o(.data)
    AccelRange                               0x200000fa   Data           6  bmx055.o(.data)
    ADXL345Ascale                            0x20000100   Data           1  adxl345.o(.data)
    ADXL345Arate                             0x20000101   Data           1  adxl345.o(.data)
    _ledState                                0x20000104   Data           1  led.o(.data)
    _ledTicks                                0x20000108   Data           4  led.o(.data)
    _ledIntensity                            0x2000010c   Data           4  led.o(.data)
    L3G4200DGscale                           0x20000110   Data           1  l3g4200d.o(.data)
    L3G4200DGrate                            0x20000111   Data           1  l3g4200d.o(.data)
    Mrate                                    0x20000112   Data           1  hmc5883l.o(.data)
    USBD_CUSTOM_HID                          0x20000114   Data          60  usbd_customhid.o(.data)
    __microlib_freelist                      0x200001b8   Data           4  mvars.o(.data)
    __microlib_freelist_initialised          0x200001bc   Data           4  mvars.o(.data)
    pFlash                                   0x200001c0   Data          32  stm32f1xx_hal_flash.o(.bss)
    hUsbDeviceFS                             0x200001e0   Data         548  usb_device.o(.bss)
    Channels                                 0x20000404   Data         288  main.o(.bss)
    USBDataPacket                            0x20000524   Data          32  main.o(.bss)
    FromRFPacket                             0x20000544   Data          32  main.o(.bss)
    position                                 0x20000564   Data          12  main.o(.bss)
    GravityVector                            0x20000570   Data          12  main.o(.bss)
    CompAccelVector                          0x2000057c   Data          12  main.o(.bss)
    VelocityVector                           0x20000588   Data          12  main.o(.bss)
    eepromData                               0x20000594   Data          52  main.o(.bss)
    RF_InitStruct                            0x200005c8   Data          37  main.o(.bss)
    hadc1                                    0x200005f0   Data          48  main.o(.bss)
    hi2c2                                    0x20000620   Data          60  main.o(.bss)
    hspi2                                    0x2000065c   Data          88  main.o(.bss)
    tSensorData                              0x200006b4   Data         328  main.o(.bss)
    orientQuat                               0x200007fc   Data          16  main.o(.bss)
    gravQuat                                 0x2000080c   Data          16  main.o(.bss)
    positionQuat                             0x2000081c   Data          16  main.o(.bss)
    orientFuse                               0x2000082c   Data          60  main.o(.bss)
    gravFuse                                 0x20000868   Data          60  main.o(.bss)
    hdma_adc1                                0x200008a4   Data          56  main.o(.bss)
    USBD_StrDesc                             0x200008dc   Data         512  usbd_desc.o(.bss)
    hpcd_USB_FS                              0x20000b14   Data        1056  usbd_conf.o(.bss)
    USB_RX_Buffer                            0x20000f34   Data          32  usb.o(.bss)
    __heap_base                              0x20000f58   Data           0  startup_stm32f103xb.o(HEAP)
    __heap_limit                             0x20001158   Data           0  startup_stm32f103xb.o(HEAP)
    __initial_sp                             0x20001558   Data           0  startup_stm32f103xb.o(STACK)



==============================================================================

Memory Map of the image

  Image Entry point : 0x080000ed

  Load Region LR_IROM1 (Base: 0x08000000, Size: 0x00007944, Max: 0x00010000, ABSOLUTE, COMPRESSED[0x00007858])

    Execution Region ER_IROM1 (Base: 0x08000000, Size: 0x00007784, Max: 0x00010000, ABSOLUTE)

    Base Addr    Size         Type   Attr      Idx    E Section Name        Object

    0x08000000   0x000000ec   Data   RO         5133    RESET               startup_stm32f103xb.o
    0x080000ec   0x00000000   Code   RO         5178  * .ARM.Collect$$$$00000000  mc_w.l(entry.o)
    0x080000ec   0x00000004   Code   RO         5248    .ARM.Collect$$$$00000001  mc_w.l(entry2.o)
    0x080000f0   0x00000004   Code   RO         5251    .ARM.Collect$$$$00000004  mc_w.l(entry5.o)
    0x080000f4   0x00000000   Code   RO         5253    .ARM.Collect$$$$00000008  mc_w.l(entry7b.o)
    0x080000f4   0x00000004   Code   RO         5254    .ARM.Collect$$$$00000009  mc_w.l(entry8a.o)
    0x080000f8   0x00000000   Code   RO         5255    .ARM.Collect$$$$0000000A  mc_w.l(entry8b.o)
    0x080000f8   0x00000008   Code   RO         5256    .ARM.Collect$$$$0000000B  mc_w.l(entry9a.o)
    0x08000100   0x00000000   Code   RO         5258    .ARM.Collect$$$$0000000D  mc_w.l(entry10a.o)
    0x08000100   0x00000004   Code   RO         5259    .ARM.Collect$$$$0000000E  mc_w.l(entry10b.o)
    0x08000104   0x00000000   Code   RO         5260    .ARM.Collect$$$$0000000F  mc_w.l(entry11a.o)
    0x08000104   0x00000004   Code   RO         5249    .ARM.Collect$$$$00002712  mc_w.l(entry2.o)
    0x08000108   0x00000024   Code   RO         5134    .text               startup_stm32f103xb.o
    0x0800012c   0x00000062   Code   RO         5181    .text               mc_w.l(uldiv.o)
    0x0800018e   0x00000020   Code   RO         5183    .text               mc_w.l(llushr.o)
    0x080001ae   0x00000002   PAD
    0x080001b0   0x00000024   Code   RO         5185    .text               mc_w.l(rand.o)
    0x080001d4   0x00000024   Code   RO         5188    .text               mc_w.l(memcpya.o)
    0x080001f8   0x00000024   Code   RO         5190    .text               mc_w.l(memseta.o)
    0x0800021c   0x00000020   Code   RO         5197    .text               mc_w.l(cpp_init.o)
    0x0800023c   0x0000002e   Code   RO         5199    .text               mc_w.l(aeabi_atexit.o)
    0x0800026a   0x000000b0   Code   RO         5201    .text               mf_w.l(fadd.o)
    0x0800031a   0x00000064   Code   RO         5203    .text               mf_w.l(fmul.o)
    0x0800037e   0x0000007c   Code   RO         5205    .text               mf_w.l(fdiv.o)
    0x080003fa   0x00000018   Code   RO         5207    .text               mf_w.l(fscalb.o)
    0x08000412   0x000000e4   Code   RO         5209    .text               mf_w.l(dmul.o)
    0x080004f6   0x000000de   Code   RO         5211    .text               mf_w.l(ddiv.o)
    0x080005d4   0x00000012   Code   RO         5213    .text               mf_w.l(fflti.o)
    0x080005e6   0x0000001c   Code   RO         5215    .text               mf_w.l(ffltul.o)
    0x08000602   0x00000032   Code   RO         5217    .text               mf_w.l(ffixi.o)
    0x08000634   0x00000028   Code   RO         5219    .text               mf_w.l(ffixui.o)
    0x0800065c   0x00000026   Code   RO         5221    .text               mf_w.l(f2d.o)
    0x08000682   0x00000038   Code   RO         5223    .text               mf_w.l(d2f.o)
    0x080006ba   0x00000002   PAD
    0x080006bc   0x00000014   Code   RO         5227    .text               mf_w.l(cfrcmple.o)
    0x080006d0   0x0000001e   Code   RO         5262    .text               mc_w.l(llshl.o)
    0x080006ee   0x00000000   Code   RO         5299    .text               mc_w.l(iusefp.o)
    0x080006ee   0x00000002   PAD
    0x080006f0   0x00000008   Code   RO         5300    .text               mc_w.l(cpp_dtor.o)
    0x080006f8   0x00000042   Code   RO         5303    .text               mc_w.l(cxa_finalize.o)
    0x0800073a   0x0000006e   Code   RO         5305    .text               mf_w.l(fepilogue.o)
    0x080007a8   0x0000005e   Code   RO         5307    .text               mf_w.l(fsqrt.o)
    0x08000806   0x000000ba   Code   RO         5311    .text               mf_w.l(depilogue.o)
    0x080008c0   0x00000024   Code   RO         5313    .text               mc_w.l(init.o)
    0x080008e4   0x00000002   Code   RO         5317    .text               mc_w.l(cpp_final.o)
    0x080008e6   0x00000056   Code   RO         5329    .text               mc_w.l(__dczerorl2.o)
    0x0800093c   0x0000004c   Code   RO         1541    i.ADC_ConversionStop_Disable  stm32f1xx_hal_adc.o
    0x08000988   0x00000002   Code   RO         2683    i.BusFault_Handler  stm32f1xx_it.o
    0x0800098a   0x00000016   Code   RO         4037    i.CheckPacketCrc    usb.o
    0x080009a0   0x0000000c   Code   RO         2684    i.DMA1_Channel1_IRQHandler  stm32f1xx_it.o
    0x080009ac   0x00000002   Code   RO         2685    i.DebugMon_Handler  stm32f1xx_it.o
    0x080009ae   0x00000006   Code   RO         2686    i.EXTI0_IRQHandler  stm32f1xx_it.o
    0x080009b4   0x00000026   Code   RO         2687    i.EXTI15_10_IRQHandler  stm32f1xx_it.o
    0x080009da   0x00000006   Code   RO         2688    i.EXTI1_IRQHandler  stm32f1xx_it.o
    0x080009e0   0x00000006   Code   RO         2689    i.EXTI2_IRQHandler  stm32f1xx_it.o
    0x080009e6   0x00000006   Code   RO         2690    i.EXTI3_IRQHandler  stm32f1xx_it.o
    0x080009ec   0x00000006   Code   RO         2691    i.EXTI4_IRQHandler  stm32f1xx_it.o
    0x080009f2   0x00000028   Code   RO         2692    i.EXTI9_5_IRQHandler  stm32f1xx_it.o
    0x08000a1a   0x00000002   PAD
    0x08000a1c   0x00000024   Code   RO          655    i.FLASH_PageErase   stm32f1xx_hal_flash_ex.o
    0x08000a40   0x00000054   Code   RO         1424    i.FLASH_WaitForLastOperation  stm32f1xx_hal_flash.o
    0x08000a94   0x0000001a   Code   RO         4038    i.GetPacketCrc      usb.o
    0x08000aae   0x00000002   PAD
    0x08000ab0   0x00000168   Code   RO         1547    i.HAL_ADC_ConfigChannel  stm32f1xx_hal_adc.o
    0x08000c18   0x00000134   Code   RO         1556    i.HAL_ADC_Init      stm32f1xx_hal_adc.o
    0x08000d4c   0x00000074   Code   RO         3584    i.HAL_ADC_MspInit   stm32f1xx_hal_msp_1.o
    0x08000dc0   0x0000026c   Code   RO          756    i.HAL_DMA_IRQHandler  stm32f1xx_hal_dma.o
    0x0800102c   0x00000050   Code   RO          757    i.HAL_DMA_Init      stm32f1xx_hal_dma.o
    0x0800107c   0x00000016   Code   RO         1755    i.HAL_Delay         stm32f1xx_hal.o
    0x08001092   0x00000002   PAD
    0x08001094   0x00000014   Code   RO         1428    i.HAL_FLASH_Lock    stm32f1xx_hal_flash.o
    0x080010a8   0x00000080   Code   RO         1433    i.HAL_FLASH_Program  stm32f1xx_hal_flash.o
    0x08001128   0x00000024   Code   RO         1435    i.HAL_FLASH_Unlock  stm32f1xx_hal_flash.o
    0x0800114c   0x00000040   Code   RO         2896    i.HAL_GPIO_EXTI_Callback  main.o
    0x0800118c   0x00000018   Code   RO          197    i.HAL_GPIO_EXTI_IRQHandler  stm32f1xx_hal_gpio.o
    0x080011a4   0x000001bc   Code   RO          198    i.HAL_GPIO_Init     stm32f1xx_hal_gpio.o
    0x08001360   0x0000000a   Code   RO          200    i.HAL_GPIO_ReadPin  stm32f1xx_hal_gpio.o
    0x0800136a   0x0000000a   Code   RO          202    i.HAL_GPIO_WritePin  stm32f1xx_hal_gpio.o
    0x08001374   0x0000000c   Code   RO         1759    i.HAL_GetTick       stm32f1xx_hal.o
    0x08001380   0x000000e0   Code   RO         1907    i.HAL_I2C_Init      stm32f1xx_hal_i2c.o
    0x08001460   0x00000144   Code   RO         1908    i.HAL_I2C_IsDeviceReady  stm32f1xx_hal_i2c.o
    0x080015a4   0x000001d8   Code   RO         1919    i.HAL_I2C_Mem_Read  stm32f1xx_hal_i2c.o
    0x0800177c   0x000000f8   Code   RO         1922    i.HAL_I2C_Mem_Write  stm32f1xx_hal_i2c.o
    0x08001874   0x00000048   Code   RO         3586    i.HAL_I2C_MspInit   stm32f1xx_hal_msp_1.o
    0x080018bc   0x00000010   Code   RO         1760    i.HAL_IncTick       stm32f1xx_hal.o
    0x080018cc   0x00000024   Code   RO         1761    i.HAL_Init          stm32f1xx_hal.o
    0x080018f0   0x00000022   Code   RO         1762    i.HAL_InitTick      stm32f1xx_hal.o
    0x08001912   0x00000002   PAD
    0x08001914   0x00000088   Code   RO         3587    i.HAL_MspInit       stm32f1xx_hal_msp_1.o
    0x0800199c   0x00000016   Code   RO          271    i.HAL_NVIC_EnableIRQ  stm32f1xx_hal_cortex.o
    0x080019b2   0x00000002   PAD
    0x080019b4   0x00000040   Code   RO          277    i.HAL_NVIC_SetPriority  stm32f1xx_hal_cortex.o
    0x080019f4   0x00000024   Code   RO          278    i.HAL_NVIC_SetPriorityGrouping  stm32f1xx_hal_cortex.o
    0x08001a18   0x00000034   Code   RO          623    i.HAL_PCDEx_PMAConfig  stm32f1xx_hal_pcd_ex.o
    0x08001a4c   0x00000002   Code   RO         3345    i.HAL_PCDEx_SetConnectionState  usbd_conf.o
    0x08001a4e   0x0000000e   Code   RO         3347    i.HAL_PCD_DataInStageCallback  usbd_conf.o
    0x08001a5c   0x00000010   Code   RO         3348    i.HAL_PCD_DataOutStageCallback  usbd_conf.o
    0x08001a6c   0x00000040   Code   RO          848    i.HAL_PCD_EP_Close  stm32f1xx_hal_pcd.o
    0x08001aac   0x00000048   Code   RO          849    i.HAL_PCD_EP_ClrStall  stm32f1xx_hal_pcd.o
    0x08001af4   0x00000044   Code   RO          852    i.HAL_PCD_EP_Open   stm32f1xx_hal_pcd.o
    0x08001b38   0x00000040   Code   RO          853    i.HAL_PCD_EP_Receive  stm32f1xx_hal_pcd.o
    0x08001b78   0x00000056   Code   RO          854    i.HAL_PCD_EP_SetStall  stm32f1xx_hal_pcd.o
    0x08001bce   0x0000003e   Code   RO          855    i.HAL_PCD_EP_Transmit  stm32f1xx_hal_pcd.o
    0x08001c0c   0x0000010a   Code   RO          857    i.HAL_PCD_IRQHandler  stm32f1xx_hal_pcd.o
    0x08001d16   0x00000002   PAD
    0x08001d18   0x000000c0   Code   RO          860    i.HAL_PCD_Init      stm32f1xx_hal_pcd.o
    0x08001dd8   0x0000003c   Code   RO         3353    i.HAL_PCD_MspInit   usbd_conf.o
    0x08001e14   0x0000001a   Code   RO         3354    i.HAL_PCD_ResetCallback  usbd_conf.o
    0x08001e2e   0x00000008   Code   RO         3355    i.HAL_PCD_ResumeCallback  usbd_conf.o
    0x08001e36   0x00000008   Code   RO         3356    i.HAL_PCD_SOFCallback  usbd_conf.o
    0x08001e3e   0x00000028   Code   RO          866    i.HAL_PCD_SetAddress  stm32f1xx_hal_pcd.o
    0x08001e66   0x0000000e   Code   RO         3357    i.HAL_PCD_SetupStageCallback  usbd_conf.o
    0x08001e74   0x00000032   Code   RO          868    i.HAL_PCD_Start     stm32f1xx_hal_pcd.o
    0x08001ea6   0x00000002   PAD
    0x08001ea8   0x00000024   Code   RO         3358    i.HAL_PCD_SuspendCallback  usbd_conf.o
    0x08001ecc   0x0000012c   Code   RO         1271    i.HAL_RCCEx_PeriphCLKConfig  stm32f1xx_hal_rcc_ex.o
    0x08001ff8   0x00000188   Code   RO         1309    i.HAL_RCC_ClockConfig  stm32f1xx_hal_rcc.o
    0x08002180   0x0000000c   Code   RO         1314    i.HAL_RCC_GetHCLKFreq  stm32f1xx_hal_rcc.o
    0x0800218c   0x00000030   Code   RO         1316    i.HAL_RCC_GetPCLK1Freq  stm32f1xx_hal_rcc.o
    0x080021bc   0x00000088   Code   RO         1318    i.HAL_RCC_GetSysClockFreq  stm32f1xx_hal_rcc.o
    0x08002244   0x0000057e   Code   RO         1321    i.HAL_RCC_OscConfig  stm32f1xx_hal_rcc.o
    0x080027c2   0x00000002   PAD
    0x080027c4   0x00000088   Code   RO          160    i.HAL_SPI_Init      stm32f1xx_hal_spi_ex.o
    0x0800284c   0x0000005c   Code   RO         3589    i.HAL_SPI_MspInit   stm32f1xx_hal_msp_1.o
    0x080028a8   0x000002ae   Code   RO         2306    i.HAL_SPI_TransmitReceive  stm32f1xx_hal_spi.o
    0x08002b56   0x00000018   Code   RO          280    i.HAL_SYSTICK_CLKSourceConfig  stm32f1xx_hal_cortex.o
    0x08002b6e   0x00000002   PAD
    0x08002b70   0x0000005c   Code   RO         4506    i.HAL_SYSTICK_Callback  led.o
    0x08002bcc   0x00000028   Code   RO          282    i.HAL_SYSTICK_Config  stm32f1xx_hal_cortex.o
    0x08002bf4   0x00000008   Code   RO          283    i.HAL_SYSTICK_IRQHandler  stm32f1xx_hal_cortex.o
    0x08002bfc   0x00000002   Code   RO         2693    i.HardFault_Handler  stm32f1xx_it.o
    0x08002bfe   0x00000002   PAD
    0x08002c00   0x00000038   Code   RO         2831    i.MX_USB_DEVICE_Init  usb_device.o
    0x08002c38   0x00000002   Code   RO         2694    i.MemManage_Handler  stm32f1xx_it.o
    0x08002c3a   0x00000002   Code   RO         2695    i.NMI_Handler       stm32f1xx_it.o
    0x08002c3c   0x00000002   Code   RO         2696    i.PendSV_Handler    stm32f1xx_it.o
    0x08002c3e   0x00000002   Code   RO         2697    i.SVC_Handler       stm32f1xx_it.o
    0x08002c40   0x00000014   Code   RO         4039    i.SetPacketCrc      usb.o
    0x08002c54   0x0000000e   Code   RO         2698    i.SysTick_Handler   stm32f1xx_it.o
    0x08002c62   0x00000002   PAD
    0x08002c64   0x00000048   Code   RO            5    i.SystemInit        system_stm32f1xx.o
    0x08002cac   0x00000010   Code   RO         4889    i.USBD_CUSTOM_HID_RegisterInterface  usbd_customhid.o
    0x08002cbc   0x00000028   Code   RO         4890    i.USBD_CUSTOM_HID_SendReport  usbd_customhid.o
    0x08002ce4   0x00000014   Code   RO         3651    i.USBD_CUSTOM_HID_SendReport_FS  usbd_custom_hid_if.o
    0x08002cf8   0x0000000e   Code   RO         4976    i.USBD_ClrClassConfig  usbd_core.o
    0x08002d06   0x00000010   Code   RO         4822    i.USBD_CtlContinueRx  usbd_ioreq.o
    0x08002d16   0x00000010   Code   RO         4823    i.USBD_CtlContinueSendData  usbd_ioreq.o
    0x08002d26   0x00000016   Code   RO         4749    i.USBD_CtlError     usbd_ctlreq.o
    0x08002d3c   0x0000001e   Code   RO         4824    i.USBD_CtlPrepareRx  usbd_ioreq.o
    0x08002d5a   0x00000016   Code   RO         4825    i.USBD_CtlReceiveStatus  usbd_ioreq.o
    0x08002d70   0x0000001a   Code   RO         4826    i.USBD_CtlSendData  usbd_ioreq.o
    0x08002d8a   0x00000016   Code   RO         4827    i.USBD_CtlSendStatus  usbd_ioreq.o
    0x08002da0   0x00000046   Code   RO         4750    i.USBD_GetString    usbd_ctlreq.o
    0x08002de6   0x0000002a   Code   RO         4978    i.USBD_Init         usbd_core.o
    0x08002e10   0x00000020   Code   RO         3359    i.USBD_LL_ClearStallEP  usbd_conf.o
    0x08002e30   0x00000020   Code   RO         3360    i.USBD_LL_CloseEP   usbd_conf.o
    0x08002e50   0x000000aa   Code   RO         4979    i.USBD_LL_DataInStage  usbd_core.o
    0x08002efa   0x0000006a   Code   RO         4980    i.USBD_LL_DataOutStage  usbd_core.o
    0x08002f64   0x00000074   Code   RO         3365    i.USBD_LL_Init      usbd_conf.o
    0x08002fd8   0x0000001c   Code   RO         3366    i.USBD_LL_IsStallEP  usbd_conf.o
    0x08002ff4   0x00000026   Code   RO         3367    i.USBD_LL_OpenEP    usbd_conf.o
    0x0800301a   0x00000020   Code   RO         3368    i.USBD_LL_PrepareReceive  usbd_conf.o
    0x0800303a   0x0000003e   Code   RO         4985    i.USBD_LL_Reset     usbd_core.o
    0x08003078   0x0000000c   Code   RO         4986    i.USBD_LL_Resume    usbd_core.o
    0x08003084   0x00000018   Code   RO         4987    i.USBD_LL_SOF       usbd_core.o
    0x0800309c   0x00000006   Code   RO         4988    i.USBD_LL_SetSpeed  usbd_core.o
    0x080030a2   0x00000020   Code   RO         3369    i.USBD_LL_SetUSBAddress  usbd_conf.o
    0x080030c2   0x0000005a   Code   RO         4989    i.USBD_LL_SetupStage  usbd_core.o
    0x0800311c   0x00000020   Code   RO         3370    i.USBD_LL_StallEP   usbd_conf.o
    0x0800313c   0x00000020   Code   RO         3371    i.USBD_LL_Start     usbd_conf.o
    0x0800315c   0x00000012   Code   RO         4990    i.USBD_LL_Suspend   usbd_core.o
    0x0800316e   0x00000020   Code   RO         3373    i.USBD_LL_Transmit  usbd_conf.o
    0x0800318e   0x00000028   Code   RO         4751    i.USBD_ParseSetupRequest  usbd_ctlreq.o
    0x080031b6   0x00000010   Code   RO         4991    i.USBD_RegisterClass  usbd_core.o
    0x080031c6   0x00000016   Code   RO         4993    i.USBD_SetClassConfig  usbd_core.o
    0x080031dc   0x0000000a   Code   RO         4994    i.USBD_Start        usbd_core.o
    0x080031e6   0x000000f2   Code   RO         4752    i.USBD_StdDevReq    usbd_ctlreq.o
    0x080032d8   0x000000dc   Code   RO         4753    i.USBD_StdEPReq     usbd_ctlreq.o
    0x080033b4   0x00000034   Code   RO         4754    i.USBD_StdItfReq    usbd_ctlreq.o
    0x080033e8   0x00000002   Code   RO         3374    i.USBD_static_free  usbd_conf.o
    0x080033ea   0x00000002   PAD
    0x080033ec   0x00000008   Code   RO         3375    i.USBD_static_malloc  usbd_conf.o
    0x080033f4   0x0000025c   Code   RO          402    i.USB_ActivateEndpoint  stm32f1xx_ll_usb.o
    0x08003650   0x00000004   Code   RO          405    i.USB_CoreInit      stm32f1xx_ll_usb.o
    0x08003654   0x00000124   Code   RO          407    i.USB_DeactivateEndpoint  stm32f1xx_ll_usb.o
    0x08003778   0x00000004   Code   RO          408    i.USB_DevConnect    stm32f1xx_ll_usb.o
    0x0800377c   0x00000004   Code   RO          409    i.USB_DevDisconnect  stm32f1xx_ll_usb.o
    0x08003780   0x00000012   Code   RO          410    i.USB_DevInit       stm32f1xx_ll_usb.o
    0x08003792   0x0000000e   Code   RO          411    i.USB_DisableGlobalInt  stm32f1xx_ll_usb.o
    0x080037a0   0x00000004   Code   RO          412    i.USB_EP0_OutStart  stm32f1xx_ll_usb.o
    0x080037a4   0x0000006a   Code   RO          413    i.USB_EPClearStall  stm32f1xx_ll_usb.o
    0x0800380e   0x0000004a   Code   RO          414    i.USB_EPSetStall    stm32f1xx_ll_usb.o
    0x08003858   0x000001aa   Code   RO          415    i.USB_EPStartXfer   stm32f1xx_ll_usb.o
    0x08003a02   0x0000000e   Code   RO          416    i.USB_EnableGlobalInt  stm32f1xx_ll_usb.o
    0x08003a10   0x0000000c   Code   RO         2699    i.USB_LP_CAN1_RX0_IRQHandler  stm32f1xx_it.o
    0x08003a1c   0x00000006   Code   RO          423    i.USB_ReadInterrupts  stm32f1xx_ll_usb.o
    0x08003a22   0x00000002   PAD
    0x08003a24   0x0000001e   Code   RO          424    i.USB_ReadPMA       stm32f1xx_ll_usb.o
    0x08003a42   0x00000004   Code   RO          426    i.USB_SetCurrentMode  stm32f1xx_ll_usb.o
    0x08003a46   0x0000000c   Code   RO          427    i.USB_SetDevAddress  stm32f1xx_ll_usb.o
    0x08003a52   0x00000026   Code   RO          429    i.USB_WritePMA      stm32f1xx_ll_usb.o
    0x08003a78   0x00000002   Code   RO         2700    i.UsageFault_Handler  stm32f1xx_it.o
    0x08003a7a   0x00000002   PAD
    0x08003a7c   0x0000001e   Code   RO         4507    i._Z10BlinkDelayii  led.o
    0x08003a9a   0x00000006   Code   RO         4508    i._Z10BlinkReasei   led.o
    0x08003aa0   0x00000032   Code   RO         4509    i._Z10BlinkReaseib  led.o
    0x08003ad2   0x00000002   PAD
    0x08003ad4   0x00000010   Code   RO         4076    i._Z10RF_CE_HIGHv   nrf24l01.o
    0x08003ae4   0x0000001c   Code   RO         4077    i._Z10RF_NSS_LOWv   nrf24l01.o
    0x08003b00   0x000000d8   Code   RO         4250    i._Z10initBMX055v   bmx055.o
    0x08003bd8   0x000000ac   Code   RO         4251    i._Z10trimBMX055v   bmx055.o
    0x08003c84   0x00000010   Code   RO         4078    i._Z11RF_NSS_HIGHv  nrf24l01.o
    0x08003c94   0x00000026   Code   RO         4079    i._Z11RF_Read_CmdP19__SPI_HandleTypeDefh  nrf24l01.o
    0x08003cba   0x00000048   Code   RO         4080    i._Z11RF_Send_CmdP19__SPI_HandleTypeDefhh  nrf24l01.o
    0x08003d02   0x00000086   Code   RO         4252    i._Z11checkBMX055v  bmx055.o
    0x08003d88   0x0000005c   Code   RO         4380    i._Z11initADXL345v  adxl345.o
    0x08003de4   0x0000002e   Code   RO         4641    i._Z11initITG3200v  itg3200.o
    0x08003e12   0x00000002   PAD
    0x08003e14   0x0000007c   Code   RO         2897    i._Z11initSensorsv  main.o
    0x08003e90   0x00000024   Code   RO         2898    i._Z11readMagDataPs  main.o
    0x08003eb4   0x00000058   Code   RO         2899    i._Z12MX_ADC1_Initv  main.o
    0x08003f0c   0x000001a0   Code   RO         2900    i._Z12MX_GPIO_Initv  main.o
    0x080040ac   0x0000003c   Code   RO         2901    i._Z12MX_I2C2_Initv  main.o
    0x080040e8   0x00000044   Code   RO         2902    i._Z12MX_SPI2_Initv  main.o
    0x0800412c   0x00000008   Code   RO         4081    i._Z12RF_IRQ_CLEARP19__SPI_HandleTypeDefh  nrf24l01.o
    0x08004134   0x00000038   Code   RO         4082    i._Z12RF_Send_AdrsP19__SPI_HandleTypeDefhPh  nrf24l01.o
    0x0800416c   0x00000026   Code   RO         4005    i._Z12SPI_ReadByteP19__SPI_HandleTypeDefh  spilib.o
    0x08004192   0x00000026   Code   RO         4006    i._Z12SPI_SendByteP19__SPI_HandleTypeDefh  spilib.o
    0x080041b8   0x00000032   Code   RO         4381    i._Z12checkADXL345v  adxl345.o
    0x080041ea   0x0000003c   Code   RO         4642    i._Z12checkITG3200v  itg3200.o
    0x08004226   0x00000002   PAD
    0x08004228   0x00000024   Code   RO         4446    i._Z12i2c_readDatahhPht  i2c.o
    0x0800424c   0x00000030   Code   RO         4690    i._Z12initHMC5883Lv  hmc5883l.o
    0x0800427c   0x00000040   Code   RO         4589    i._Z12initL3G4200Dv  l3g4200d.o
    0x080042bc   0x0000002c   Code   RO         2903    i._Z12readGyroDataPs  main.o
    0x080042e8   0x00000030   Code   RO         2904    i._Z13Error_Handlerv  main.o
    0x08004318   0x00000044   Code   RO         3059    i._Z13ForwardPacketP9USBPacket  main.o
    0x0800435c   0x00000042   Code   RO         2905    i._Z13HAL_GetMicrosv  main.o
    0x0800439e   0x00000002   PAD
    0x080043a0   0x00000068   Code   RO         2906    i._Z13NRF24L01_Initv  main.o
    0x08004408   0x00000006   Code   RO         4085    i._Z13RF_FifoStatusP19__SPI_HandleTypeDef  nrf24l01.o
    0x0800440e   0x00000056   Code   RO         4691    i._Z13checkHMC5883Lv  hmc5883l.o
    0x08004464   0x00000038   Code   RO         4590    i._Z13checkL3G4200Dv  l3g4200d.o
    0x0800449c   0x00000034   Code   RO         4382    i._Z13getADXL345resv  adxl345.o
    0x080044d0   0x00000008   Code   RO         4643    i._Z13getITG3200resv  itg3200.o
    0x080044d8   0x00000024   Code   RO         2907    i._Z13readAccelDataPs  main.o
    0x080044fc   0x00000024   Code   RO         2908    i._Z14HAL_MicroDelayy  main.o
    0x08004520   0x00000254   Code   RO         3072    i._Z14ProcessSensorsv  main.o
    0x08004774   0x00000044   Code   RO         4086    i._Z14RF_ReceiveModeP19__SPI_HandleTypeDefPh  nrf24l01.o
    0x080047b8   0x0000003c   Code   RO         4087    i._Z14RF_SendPayloadP19__SPI_HandleTypeDefPhh  nrf24l01.o
    0x080047f4   0x00000074   Code   RO         4755    i._Z14USBD_SetConfigP19_USBD_HandleTypeDefP13usb_setup_req  usbd_ctlreq.o
    0x08004868   0x00000008   Code   RO         4692    i._Z14getHMC5883Lresv  hmc5883l.o
    0x08004870   0x0000003c   Code   RO         4591    i._Z14getL3G4200Dresv  l3g4200d.o
    0x080048ac   0x0000000c   Code   RO         3942    i._Z14readEEPROMWordj  eeprom_flash.o
    0x080048b8   0x0000003e   Code   RO         4088    i._Z15RF_TransmitModeP19__SPI_HandleTypeDefPh  nrf24l01.o
    0x080048f6   0x00000002   PAD
    0x080048f8   0x00000008   Code   RO         4254    i._Z15getBMX055resMagv  bmx055.o
    0x08004900   0x00000044   Code   RO         4383    i._Z15readADXL345DataPs  adxl345.o
    0x08004944   0x0000002c   Code   RO         4644    i._Z15readITG3200DataPs  itg3200.o
    0x08004970   0x00000014   Code   RO         3943    i._Z15writeEEPROMWordjj  eeprom_flash.o
    0x08004984   0x0000009c   Code   RO         3079    i._Z16CalibrateSensorsv  main.o
    0x08004a20   0x00000020   Code   RO          284    i._Z16NVIC_SetPriority9IRQn_Typej  stm32f1xx_hal_cortex.o
    0x08004a40   0x000000a0   Code   RO         3045    i._Z16ProcessOwnPacketP9USBPacket  main.o
    0x08004ae0   0x00000044   Code   RO         4255    i._Z16getBMX055resGyrov  bmx055.o
    0x08004b24   0x00000006   Code   RO         4447    i._Z16i2c_readRegisterhhPh  i2c.o
    0x08004b2a   0x00000044   Code   RO         4693    i._Z16readHMC5883LDataPs  hmc5883l.o
    0x08004b6e   0x0000004c   Code   RO         4592    i._Z16readL3G4200DDataPs  l3g4200d.o
    0x08004bba   0x00000012   Code   RO         4090    i._Z17RF_EnableTransmitP19__SPI_HandleTypeDef  nrf24l01.o
    0x08004bcc   0x00000048   Code   RO         4091    i._Z17RF_ReceivePayloadP19__SPI_HandleTypeDefPhh  nrf24l01.o
    0x08004c14   0x00000034   Code   RO         4256    i._Z17getBMX055resAccelv  bmx055.o
    0x08004c48   0x00000030   Code   RO         4448    i._Z17i2c_isDeviceReadyh  i2c.o
    0x08004c78   0x00000056   Code   RO         4257    i._Z17readBMX055DataMagPs  bmx055.o
    0x08004cce   0x00000002   PAD
    0x08004cd0   0x00000100   Code   RO         3052    i._Z18BroadcastRFPacketsv  main.o
    0x08004dd0   0x00000004   Code   RO         3652    i._Z18CUSTOM_HID_Init_FSv  usbd_custom_hid_if.o
    0x08004dd4   0x00000044   Code   RO         1436    i._Z18FLASH_SetErrorCodev  stm32f1xx_hal_flash.o
    0x08004e18   0x00000362   Code   RO          871    i._Z18PCD_EP_ISR_HandlerP17PCD_HandleTypeDef  stm32f1xx_hal_pcd.o
    0x0800517a   0x00000078   Code   RO         2910    i._Z18SystemClock_Configv  main.o
    0x080051f2   0x000000f2   Code   RO         4756    i._Z18USBD_GetDescriptorP19_USBD_HandleTypeDefP13usb_setup_req  usbd_ctlreq.o
    0x080052e4   0x00000026   Code   RO         4258    i._Z18readBMX055DataGyroPs  bmx055.o
    0x0800530a   0x00000002   PAD
    0x0800530c   0x00000064   Code   RO         4259    i._Z19compensate_BMX055_Xst  bmx055.o
    0x08005370   0x00000064   Code   RO         4260    i._Z19compensate_BMX055_Yst  bmx055.o
    0x080053d4   0x00000070   Code   RO         4261    i._Z19compensate_BMX055_Zst  bmx055.o
    0x08005444   0x00000020   Code   RO         3945    i._Z19enableEEPROMWritingv  eeprom_flash.o
    0x08005464   0x0000003e   Code   RO         4262    i._Z19readBMX055DataAccelPs  bmx055.o
    0x080054a2   0x00000004   Code   RO         3653    i._Z20CUSTOM_HID_DeInit_FSv  usbd_custom_hid_if.o
    0x080054a6   0x0000004c   Code   RO         4891    i._Z20USBD_CUSTOM_HID_InitP19_USBD_HandleTypeDefh  usbd_customhid.o
    0x080054f2   0x00000004   Code   RO         3947    i._Z20disableEEPROMWritingv  eeprom_flash.o
    0x080054f6   0x000000e2   Code   RO         1939    i._Z21I2C_RequestMemoryReadP17I2C_HandleTypeDeftttj  stm32f1xx_hal_i2c.o
    0x080055d8   0x000000b8   Code   RO         4892    i._Z21USBD_CUSTOM_HID_SetupP19_USBD_HandleTypeDefP13usb_setup_req  usbd_customhid.o
    0x08005690   0x0000002c   Code   RO         4450    i._Z21i2c_writeRegisterBytehhh  i2c.o
    0x080056bc   0x00000024   Code   RO         3654    i._Z22CUSTOM_HID_OutEvent_FShh  usbd_custom_hid_if.o
    0x080056e0   0x0000001c   Code   RO         1437    i._Z22FLASH_Program_HalfWordjt  stm32f1xx_hal_flash.o
    0x080056fc   0x00000098   Code   RO         1943    i._Z22I2C_RequestMemoryWriteP17I2C_HandleTypeDeftttj  stm32f1xx_hal_i2c.o
    0x08005794   0x0000000e   Code   RO         4893    i._Z22USBD_CUSTOM_HID_DataInP19_USBD_HandleTypeDefh  usbd_customhid.o
    0x080057a2   0x00000032   Code   RO         4894    i._Z22USBD_CUSTOM_HID_DeInitP19_USBD_HandleTypeDefh  usbd_customhid.o
    0x080057d4   0x0000002a   Code   RO         1945    i._Z23I2C_IsAcknowledgeFailedP17I2C_HandleTypeDef  stm32f1xx_hal_i2c.o
    0x080057fe   0x00000024   Code   RO         4895    i._Z23USBD_CUSTOM_HID_DataOutP19_USBD_HandleTypeDefh  usbd_customhid.o
    0x08005822   0x00000002   PAD
    0x08005824   0x0000000c   Code   RO         3267    i._Z24USBD_FS_DeviceDescriptor17USBD_SpeedTypeDefPt  usbd_desc.o
    0x08005830   0x0000008a   Code   RO         1949    i._Z26I2C_WaitOnFlagUntilTimeoutP17I2C_HandleTypeDefj10FlagStatusj  stm32f1xx_hal_i2c.o
    0x080058ba   0x0000009e   Code   RO         2325    i._Z26SPI_WaitOnFlagUntilTimeoutP19__SPI_HandleTypeDefj10FlagStatusj  stm32f1xx_hal_spi.o
    0x08005958   0x0000000c   Code   RO         4896    i._Z26USBD_CUSTOM_HID_GetCfgDescPt  usbd_customhid.o
    0x08005964   0x00000022   Code   RO         4897    i._Z27USBD_CUSTOM_HID_EP0_RxReadyP19_USBD_HandleTypeDef  usbd_customhid.o
    0x08005986   0x00000002   PAD
    0x08005988   0x0000002c   Code   RO         3268    i._Z27USBD_FS_ConfigStrDescriptor17USBD_SpeedTypeDefPt  usbd_desc.o
    0x080059b4   0x0000000c   Code   RO         3269    i._Z27USBD_FS_LangIDStrDescriptor17USBD_SpeedTypeDefPt  usbd_desc.o
    0x080059c0   0x00000020   Code   RO         3270    i._Z27USBD_FS_SerialStrDescriptor17USBD_SpeedTypeDefPt  usbd_desc.o
    0x080059e0   0x00000020   Code   RO         3271    i._Z28USBD_FS_ProductStrDescriptor17USBD_SpeedTypeDefPt  usbd_desc.o
    0x08005a00   0x00000050   Code   RO         1950    i._Z29I2C_WaitOnTXEFlagUntilTimeoutP17I2C_HandleTypeDefj  stm32f1xx_hal_i2c.o
    0x08005a50   0x00000066   Code   RO         1951    i._Z30I2C_WaitOnRXNEFlagUntilTimeoutP17I2C_HandleTypeDefj  stm32f1xx_hal_i2c.o
    0x08005ab6   0x00000002   PAD
    0x08005ab8   0x00000030   Code   RO         3272    i._Z30USBD_FS_InterfaceStrDescriptor17USBD_SpeedTypeDefPt  usbd_desc.o
    0x08005ae8   0x0000001c   Code   RO         3273    i._Z33USBD_FS_ManufacturerStrDescriptor17USBD_SpeedTypeDefPt  usbd_desc.o
    0x08005b04   0x0000000c   Code   RO         4898    i._Z38USBD_CUSTOM_HID_GetDeviceQualifierDescPt  usbd_customhid.o
    0x08005b10   0x00000088   Code   RO         1953    i._Z39I2C_WaitOnMasterAddressFlagUntilTimeoutP17I2C_HandleTypeDefjj  stm32f1xx_hal_i2c.o
    0x08005b98   0x00000024   Code   RO         4511    i._Z5Blinki         led.o
    0x08005bbc   0x0000000c   Code   RO         4512    i._Z5LedOnv         led.o
    0x08005bc8   0x0000000c   Code   RO         4513    i._Z6LedOffv        led.o
    0x08005bd4   0x0000017c   Code   RO         4095    i._Z7RF_InitP19__SPI_HandleTypeDefP14RF_InitTypeDef  nrf24l01.o
    0x08005d50   0x00000020   Code   RO         2911    i._Z7getAresv       main.o
    0x08005d70   0x0000002c   Code   RO         2912    i._Z7getGresv       main.o
    0x08005d9c   0x00000020   Code   RO         2913    i._Z7getMresv       main.o
    0x08005dbc   0x00000088   Code   RO         3700    i._Z7invSqrtf       sensorfusion.o
    0x08005e44   0x0000001c   Code   RO         4096    i._Z8RF_FlushP19__SPI_HandleTypeDefh  nrf24l01.o
    0x08005e60   0x00000014   Code   RO         4514    i._Z9LedTogglev     led.o
    0x08005e74   0x00000010   Code   RO         4097    i._Z9RF_CE_LOWv     nrf24l01.o
    0x08005e84   0x00000006   Code   RO         4098    i._Z9RF_StatusP19__SPI_HandleTypeDef  nrf24l01.o
    0x08005e8a   0x0000001e   Code   RO         3786    i._ZN10Quaternion9conjugateEv  quaternion.o
    0x08005ea8   0x00000012   Code   RO         3789    i._ZN10QuaternionC1ERKS_  quaternion.o
    0x08005eba   0x0000000a   Code   RO         3790    i._ZN10QuaternionC1Effff  quaternion.o
    0x08005ec4   0x00000010   Code   RO         3791    i._ZN10QuaternionC1Ev  quaternion.o
    0x08005ed4   0x00000002   Code   RO         3792    i._ZN10QuaternionD1Ev  quaternion.o
    0x08005ed6   0x00000014   Code   RO         3793    i._ZN10QuaternionaSERKS_  quaternion.o
    0x08005eea   0x00000120   Code   RO         3800    i._ZN10QuaternionmlERKS_  quaternion.o
    0x0800600a   0x00000002   PAD
    0x0800600c   0x000000ac   Code   RO         3701    i._ZN13CSensorFusion10FuseOrientEP10SensorData  sensorfusion.o
    0x080060b8   0x0000047e   Code   RO         3702    i._ZN13CSensorFusion27MadgwickQuaternionUpdateIMUEfffffff  sensorfusion.o
    0x08006536   0x00000892   Code   RO         3703    i._ZN13CSensorFusion28MadgwickQuaternionUpdateAHRSEffffffffff  sensorfusion.o
    0x08006dc8   0x00000038   Code   RO         3705    i._ZN13CSensorFusionC1Ef  sensorfusion.o
    0x08006e00   0x00000004   Code   RO         3706    i._ZN13CSensorFusionD1Ev  sensorfusion.o
    0x08006e04   0x000000d4   Code   RO         3066    i._ZN6Sensor10ProcessNewEv  main.o
    0x08006ed8   0x0000001e   Code   RO         3092    i._ZN6Sensor16ResetCalibrationEv  main.o
    0x08006ef6   0x0000001a   Code   RO         3098    i._ZN6Sensor7SetGainEf  main.o
    0x08006f10   0x00000030   Code   RO         3086    i._ZN6SensorC1Ev    main.o
    0x08006f40   0x0000000e   Code   RO         5323    i.__scatterload_copy  mc_w.l(handlers.o)
    0x08006f4e   0x00000002   Code   RO         5324    i.__scatterload_null  mc_w.l(handlers.o)
    0x08006f50   0x0000000e   Code   RO         5325    i.__scatterload_zeroinit  mc_w.l(handlers.o)
    0x08006f5e   0x00000002   PAD
    0x08006f60   0x0000000c   Code   RO         5294    i.__set_errno       mc_w.l(errno.o)
    0x08006f6c   0x00000084   Code   RO         2914    i.__sti___6_main_c_gRes  main.o
    0x08006ff0   0x00000050   Code   RO         5264    i.free              mc_w.l(malloc.o)
    0x08007040   0x00000670   Code   RO         2915    i.main              main.o
    0x080076b0   0x0000006c   Code   RO         5265    i.malloc            mc_w.l(malloc.o)
    0x0800771c   0x0000002c   Code   RO         5171    i.sqrtf             m_ws.l(sqrtf.o)
    0x08007748   0x00000010   Data   RO            8    .constdata          system_stm32f1xx.o
    0x08007758   0x00000008   Data   RO            9    .constdata          system_stm32f1xx.o
    0x08007760   0x00000020   Data   RO         5321    Region$$Table       anon$$obj.o
    0x08007780   0x00000004   Data   RO         2940    .init_array         main.o
    0x08007784   0x00000000   Data   RO         5195    .init_array         mc_w.l(cpp_init.o)


    Execution Region RW_IRAM1 (Base: 0x20000000, Size: 0x00001558, Max: 0x00005000, ABSOLUTE, COMPRESSED[0x000000d4])

    Base Addr    Size         Type   Attr      Idx    E Section Name        Object

    0x20000000   0x00000004   Data   RW           10    .data               system_stm32f1xx.o
    0x20000004   0x00000001   Data   RW          164    .data               stm32f1xx_hal_spi_ex.o
    0x20000005   0x00000003   PAD
    0x20000008   0x00000004   Data   RW         1786    .data               stm32f1xx_hal.o
    0x2000000c   0x00000004   PAD
    0x20000010   0x00000068   Data   RW         2938    .data               main.o
    0x20000078   0x0000001c   Data   RW         3282    .data               usbd_desc.o
    0x20000094   0x00000016   Data   RW         3283    .data               usbd_desc.o
    0x200000aa   0x00000002   PAD
    0x200000ac   0x00000022   Data   RW         3659    .data               usbd_custom_hid_if.o
    0x200000ce   0x00000002   PAD
    0x200000d0   0x00000010   Data   RW         3660    .data               usbd_custom_hid_if.o
    0x200000e0   0x00000004   Data   RW         3715    .data               sensorfusion.o
    0x200000e4   0x0000001c   Data   RW         4276    .data               bmx055.o
    0x20000100   0x00000002   Data   RW         4392    .data               adxl345.o
    0x20000102   0x00000002   PAD
    0x20000104   0x0000000c   Data   RW         4524    .data               led.o
    0x20000110   0x00000002   Data   RW         4597    .data               l3g4200d.o
    0x20000112   0x00000001   Data   RW         4700    .data               hmc5883l.o
    0x20000113   0x00000001   Data   RW         4765    .data               usbd_ctlreq.o
    0x20000114   0x0000003c   Data   RW         4909    .data               usbd_customhid.o
    0x20000150   0x0000005a   Data   RW         4910    .data               usbd_customhid.o
    0x200001aa   0x00000002   PAD
    0x200001ac   0x00000004   Data   RW         5186    .data               mc_w.l(rand.o)
    0x200001b0   0x00000004   Data   RW         5295    .data               mc_w.l(errno.o)
    0x200001b4   0x00000004   Data   RW         5301    .data               mc_w.l(cpp_dtor.o)
    0x200001b8   0x00000004   Data   RW         5315    .data               mc_w.l(mvars.o)
    0x200001bc   0x00000004   Data   RW         5316    .data               mc_w.l(mvars.o)
    0x200001c0   0x00000020   Zero   RW         1452    .bss                stm32f1xx_hal_flash.o
    0x200001e0   0x00000224   Zero   RW         2833    .bss                usb_device.o
    0x20000404   0x000004a0   Zero   RW         2936    .bss                main.o
    0x200008a4   0x00000038   Zero   RW         2937    .bss                main.o
    0x200008dc   0x00000200   Zero   RW         3281    .bss                usbd_desc.o
    0x20000adc   0x00000458   Zero   RW         3407    .bss                usbd_conf.o
    0x20000f34   0x00000020   Zero   RW         4043    .bss                usb.o
    0x20000f54   0x00000004   PAD
    0x20000f58   0x00000200   Zero   RW         5132    HEAP                startup_stm32f103xb.o
    0x20001158   0x00000400   Zero   RW         5131    STACK               startup_stm32f103xb.o


==============================================================================

Image component sizes


      Code (inc. data)   RO Data    RW Data    ZI Data      Debug   Object Name

       262         10          0          2          0       4156   adxl345.o
      1148         76          0         28          0       8650   bmx055.o
        68         18          0          0          0       1908   eeprom_flash.o
       210         10          0          1          0       3299   hmc5883l.o
       134         14          0          0          0       2752   i2c.o
       158          4          0          0          0       2319   itg3200.o
       256         26          0          2          0       4134   l3g4200d.o
       258         32          0         12          0       4545   led.o
      4750        286          4        104       1240     496625   main.o
       950         22          0          0          0      15200   nrf24l01.o
       384          0          0          0          0       4096   quaternion.o
      3712         32          0          4          0      10251   sensorfusion.o
        76          0          0          0          0       1526   spilib.o
        36          8        236          0       1536        760   startup_stm32f103xb.o
       120         16          0          4          0       3546   stm32f1xx_hal.o
       744         22          0          0          0       3348   stm32f1xx_hal_adc.o
       226         14          0          0          0      26830   stm32f1xx_hal_cortex.o
       700          4          0          0          0       2164   stm32f1xx_hal_dma.o
       364         46          0          0         32       4590   stm32f1xx_hal_flash.o
        36          8          0          0          0       1897   stm32f1xx_hal_flash_ex.o
       488         42          0          0          0       4242   stm32f1xx_hal_gpio.o
      2144         34          0          0          0      12066   stm32f1xx_hal_i2c.o
       416         56          0          0          0       2828   stm32f1xx_hal_msp_1.o
      1830          0          0          0          0       9561   stm32f1xx_hal_pcd.o
        52          0          0          0          0       1178   stm32f1xx_hal_pcd_ex.o
      1994         82          0          0          0       5221   stm32f1xx_hal_rcc.o
       300         12          0          0          0       1324   stm32f1xx_hal_rcc_ex.o
       844          0          0          0          0       2942   stm32f1xx_hal_spi.o
       136          4          0          1          0       1346   stm32f1xx_hal_spi_ex.o
       162         12          0          0          0       7581   stm32f1xx_it.o
      1654          0          0          0          0      12391   stm32f1xx_ll_usb.o
        72         16         24          4          0     465631   system_stm32f1xx.o
        68          0          0          0         32       5811   usb.o
        56         18          0          0        548       6498   usb_device.o
       600         28          0          0       1112      12405   usbd_conf.o
       592          0          0          0          0       9032   usbd_core.o
      1004         30          0          1          0       7700   usbd_ctlreq.o
        64         14          0         50          0       2634   usbd_custom_hid_if.o
       474         22          0        150          0       9243   usbd_customhid.o
       208        112          0         50        512       9275   usbd_desc.o
       132          0          0          0          0       4272   usbd_ioreq.o

    ----------------------------------------------------------------------
     27932       1130        296        428       5016    1195777   Object Totals
         0          0         32          0          0          0   (incl. Generated)
        50          0          0         15          4          0   (incl. Padding)

    ----------------------------------------------------------------------

      Code (inc. data)   RO Data    RW Data    ZI Data      Debug   Library Member Name

        44          0          0          0          0         80   sqrtf.o
        86          0          0          0          0          0   __dczerorl2.o
        46          0          0          0          0         84   aeabi_atexit.o
         8          4          0          4          0         68   cpp_dtor.o
         2          0          0          0          0         68   cpp_final.o
        32         10          0          0          0         80   cpp_init.o
        66          0          0          0          0         84   cxa_finalize.o
         0          0          0          0          0          0   entry.o
         0          0          0          0          0          0   entry10a.o
         4          0          0          0          0          0   entry10b.o
         0          0          0          0          0          0   entry11a.o
         8          4          0          0          0          0   entry2.o
         4          0          0          0          0          0   entry5.o
         0          0          0          0          0          0   entry7b.o
         4          0          0          0          0          0   entry8a.o
         0          0          0          0          0          0   entry8b.o
         8          4          0          0          0          0   entry9a.o
        12          6          0          4          0         68   errno.o
        30          0          0          0          0          0   handlers.o
        36          8          0          0          0         68   init.o
         0          0          0          0          0          0   iusefp.o
        30          0          0          0          0         68   llshl.o
        32          0          0          0          0         68   llushr.o
       188         20          0          0          0        160   malloc.o
        36          0          0          0          0         68   memcpya.o
        36          0          0          0          0        108   memseta.o
         0          0          0          8          0          0   mvars.o
        36         10          0          4          0        136   rand.o
        98          0          0          0          0         92   uldiv.o
        20          0          0          0          0         68   cfrcmple.o
        56          0          0          0          0         88   d2f.o
       222          0          0          0          0        100   ddiv.o
       186          0          0          0          0        176   depilogue.o
       228          0          0          0          0         96   dmul.o
        38          0          0          0          0         68   f2d.o
       176          0          0          0          0        140   fadd.o
       124          0          0          0          0         88   fdiv.o
       110          0          0          0          0        168   fepilogue.o
        50          0          0          0          0         68   ffixi.o
        40          0          0          0          0         68   ffixui.o
        18          0          0          0          0         68   fflti.o
        28          0          0          0          0         84   ffltul.o
       100          0          0          0          0         76   fmul.o
        24          0          0          0          0         68   fscalb.o
        94          0          0          0          0         96   fsqrt.o

    ----------------------------------------------------------------------
      2368         66          0         20          0       2820   Library Totals
         8          0          0          0          0          0   (incl. Padding)

    ----------------------------------------------------------------------

      Code (inc. data)   RO Data    RW Data    ZI Data      Debug   Library Name

        44          0          0          0          0         80   m_ws.l
       802         66          0         20          0       1220   mc_w.l
      1514          0          0          0          0       1520   mf_w.l

    ----------------------------------------------------------------------
      2368         66          0         20          0       2820   Library Totals

    ----------------------------------------------------------------------

==============================================================================


      Code (inc. data)   RO Data    RW Data    ZI Data      Debug   

     30300       1196        296        448       5016    1182969   Grand Totals
     30300       1196        296        212       5016    1182969   ELF Image Totals (compressed)
     30300       1196        296        212          0          0   ROM Totals

==============================================================================

    Total RO  Size (Code + RO Data)                30596 (  29.88kB)
    Total RW  Size (RW Data + ZI Data)              5464 (   5.34kB)
    Total ROM Size (Code + RO Data + RW Data)      30808 (  30.09kB)

==============================================================================

