Component: ARM Compiler 5.06 update 4 (build 422) Tool: armlink [4d35d2]

==============================================================================

Section Cross References

    system_stm32f1xx.o(i.SystemCoreClockUpdate) refers to system_stm32f1xx.o(.data) for .data
    system_stm32f1xx.o(i.SystemCoreClockUpdate) refers to system_stm32f1xx.o(.constdata) for .constdata
    startup_stm32f103xb.o(RESET) refers to startup_stm32f103xb.o(STACK) for __initial_sp
    startup_stm32f103xb.o(RESET) refers to startup_stm32f103xb.o(.text) for Reset_Handler
    startup_stm32f103xb.o(RESET) refers to stm32f1xx_it.o(i.NMI_Handler) for NMI_Handler
    startup_stm32f103xb.o(RESET) refers to stm32f1xx_it.o(i.HardFault_Handler) for HardFault_Handler
    startup_stm32f103xb.o(RESET) refers to stm32f1xx_it.o(i.MemManage_Handler) for MemManage_Handler
    startup_stm32f103xb.o(RESET) refers to stm32f1xx_it.o(i.BusFault_Handler) for BusFault_Handler
    startup_stm32f103xb.o(RESET) refers to stm32f1xx_it.o(i.UsageFault_Handler) for UsageFault_Handler
    startup_stm32f103xb.o(RESET) refers to stm32f1xx_it.o(i.DebugMon_Handler) for DebugMon_Handler
    startup_stm32f103xb.o(RESET) refers to stm32f1xx_it.o(i.SysTick_Handler) for SysTick_Handler
    startup_stm32f103xb.o(RESET) refers to stm32f1xx_it.o(i.USB_LP_CAN1_RX0_IRQHandler) for USB_LP_CAN1_RX0_IRQHandler
    startup_stm32f103xb.o(RESET) refers to stm32f1xx_it.o(i.EXTI15_10_IRQHandler) for EXTI15_10_IRQHandler
    startup_stm32f103xb.o(.text) refers to system_stm32f1xx.o(i.SystemInit) for SystemInit
    startup_stm32f103xb.o(.text) refers to entry.o(.ARM.Collect$$$$00000000) for __main
    usbd_core.o(i.USBD_DeInit) refers to usbd_conf.o(i.USBD_LL_Stop) for USBD_LL_Stop
    usbd_core.o(i.USBD_DeInit) refers to usbd_conf.o(i.USBD_LL_DeInit) for USBD_LL_DeInit
    usbd_core.o(i.USBD_Init) refers to usbd_conf.o(i.USBD_LL_Init) for USBD_LL_Init
    usbd_core.o(i.USBD_LL_DataInStage) refers to usbd_ioreq.o(i.USBD_CtlContinueSendData) for USBD_CtlContinueSendData
    usbd_core.o(i.USBD_LL_DataInStage) refers to usbd_conf.o(i.USBD_LL_PrepareReceive) for USBD_LL_PrepareReceive
    usbd_core.o(i.USBD_LL_DataInStage) refers to usbd_ioreq.o(i.USBD_CtlReceiveStatus) for USBD_CtlReceiveStatus
    usbd_core.o(i.USBD_LL_DataOutStage) refers to usbd_ioreq.o(i.USBD_CtlContinueRx) for USBD_CtlContinueRx
    usbd_core.o(i.USBD_LL_DataOutStage) refers to usbd_ioreq.o(i.USBD_CtlSendStatus) for USBD_CtlSendStatus
    usbd_core.o(i.USBD_LL_Reset) refers to usbd_conf.o(i.USBD_LL_OpenEP) for USBD_LL_OpenEP
    usbd_core.o(i.USBD_LL_SetupStage) refers to usbd_ctlreq.o(i.USBD_ParseSetupRequest) for USBD_ParseSetupRequest
    usbd_core.o(i.USBD_LL_SetupStage) refers to usbd_conf.o(i.USBD_LL_StallEP) for USBD_LL_StallEP
    usbd_core.o(i.USBD_LL_SetupStage) refers to usbd_ctlreq.o(i.USBD_StdDevReq) for USBD_StdDevReq
    usbd_core.o(i.USBD_LL_SetupStage) refers to usbd_ctlreq.o(i.USBD_StdItfReq) for USBD_StdItfReq
    usbd_core.o(i.USBD_LL_SetupStage) refers to usbd_ctlreq.o(i.USBD_StdEPReq) for USBD_StdEPReq
    usbd_core.o(i.USBD_Start) refers to usbd_conf.o(i.USBD_LL_Start) for USBD_LL_Start
    usbd_core.o(i.USBD_Stop) refers to usbd_conf.o(i.USBD_LL_Stop) for USBD_LL_Stop
    usbd_ctlreq.o(i.USBD_CtlError) refers to usbd_conf.o(i.USBD_LL_StallEP) for USBD_LL_StallEP
    usbd_ctlreq.o(i.USBD_GetDescriptor) refers to usbd_ctlreq.o(i.USBD_CtlError) for USBD_CtlError
    usbd_ctlreq.o(i.USBD_GetDescriptor) refers to usbd_ioreq.o(i.USBD_CtlSendData) for USBD_CtlSendData
    usbd_ctlreq.o(i.USBD_SetConfig) refers to usbd_core.o(i.USBD_ClrClassConfig) for USBD_ClrClassConfig
    usbd_ctlreq.o(i.USBD_SetConfig) refers to usbd_core.o(i.USBD_SetClassConfig) for USBD_SetClassConfig
    usbd_ctlreq.o(i.USBD_SetConfig) refers to usbd_ioreq.o(i.USBD_CtlSendStatus) for USBD_CtlSendStatus
    usbd_ctlreq.o(i.USBD_SetConfig) refers to usbd_ctlreq.o(i.USBD_CtlError) for USBD_CtlError
    usbd_ctlreq.o(i.USBD_SetConfig) refers to usbd_ctlreq.o(.data) for .data
    usbd_ctlreq.o(i.USBD_StdDevReq) refers to usbd_ctlreq.o(i.USBD_GetDescriptor) for USBD_GetDescriptor
    usbd_ctlreq.o(i.USBD_StdDevReq) refers to usbd_conf.o(i.USBD_LL_SetUSBAddress) for USBD_LL_SetUSBAddress
    usbd_ctlreq.o(i.USBD_StdDevReq) refers to usbd_ioreq.o(i.USBD_CtlSendStatus) for USBD_CtlSendStatus
    usbd_ctlreq.o(i.USBD_StdDevReq) refers to usbd_ctlreq.o(i.USBD_SetConfig) for USBD_SetConfig
    usbd_ctlreq.o(i.USBD_StdDevReq) refers to usbd_ctlreq.o(i.USBD_CtlError) for USBD_CtlError
    usbd_ctlreq.o(i.USBD_StdDevReq) refers to usbd_ioreq.o(i.USBD_CtlSendData) for USBD_CtlSendData
    usbd_ctlreq.o(i.USBD_StdEPReq) refers to usbd_conf.o(i.USBD_LL_StallEP) for USBD_LL_StallEP
    usbd_ctlreq.o(i.USBD_StdEPReq) refers to usbd_conf.o(i.USBD_LL_ClearStallEP) for USBD_LL_ClearStallEP
    usbd_ctlreq.o(i.USBD_StdEPReq) refers to usbd_ioreq.o(i.USBD_CtlSendStatus) for USBD_CtlSendStatus
[...]
    ../Drivers/STM32F1xx_HAL_Driver/Src/stm32f1xx_hal_spi.c 0x00000000   Number         0  stm32f1xx_hal_spi.o ABSOLUTE
    ../Drivers/STM32F1xx_HAL_Driver/Src/stm32f1xx_hal_spi_ex.c 0x00000000   Number         0  stm32f1xx_hal_spi_ex.o ABSOLUTE
    ../Drivers/STM32F1xx_HAL_Driver/Src/stm32f1xx_hal_tim.c 0x00000000   Number         0  stm32f1xx_hal_tim.o ABSOLUTE
    ../Drivers/STM32F1xx_HAL_Driver/Src/stm32f1xx_hal_tim_ex.c 0x00000000   Number         0  stm32f1xx_hal_tim_ex.o ABSOLUTE
    ../Drivers/STM32F1xx_HAL_Driver/Src/stm32f1xx_ll_usb.c 0x00000000   Number         0  stm32f1xx_ll_usb.o ABSOLUTE
    ../Middlewares/ST/STM32_USB_Device_Library/Class/CustomHID/Src/usbd_customhid.c 0x00000000   Number         0  usbd_customhid.o ABSOLUTE
    ../Middlewares/ST/STM32_USB_Device_Library/Core/Src/usbd_core.c 0x00000000   Number         0  usbd_core.o ABSOLUTE
    ../Middlewares/ST/STM32_USB_Device_Library/Core/Src/usbd_ctlreq.c 0x00000000   Number         0  usbd_ctlreq.o ABSOLUTE
    ../Middlewares/ST/STM32_USB_Device_Library/Core/Src/usbd_ioreq.c 0x00000000   Number         0  usbd_ioreq.o ABSOLUTE
    ../Src/main.c                            0x00000000   Number         0  main.o ABSOLUTE
    ../Src/stm32f1xx_hal_msp.c               0x00000000   Number         0  stm32f1xx_hal_msp.o ABSOLUTE
    ../Src/stm32f1xx_it.c                    0x00000000   Number         0  stm32f1xx_it.o ABSOLUTE
    ../Src/system_stm32f1xx.c                0x00000000   Number         0  system_stm32f1xx.o ABSOLUTE
    ../Src/usb_device.c                      0x00000000   Number         0  usb_device.o ABSOLUTE
    ../Src/usbd_conf.c                       0x00000000   Number         0  usbd_conf.o ABSOLUTE
    ../Src/usbd_custom_hid_if.c              0x00000000   Number         0  usbd_custom_hid_if.o ABSOLUTE
    ../Src/usbd_desc.c                       0x00000000   Number         0  usbd_desc.o ABSOLUTE
    ../clib/../cmprslib/zerorunl2.c          0x00000000   Number         0  __dczerorl2.o ABSOLUTE
    ../clib/microlib/division.c              0x00000000   Number         0  uldiv.o ABSOLUTE
    ../clib/microlib/init/entry.s            0x00000000   Number         0  entry11a.o ABSOLUTE
    ../clib/microlib/init/entry.s            0x00000000   Number         0  entry11b.o ABSOLUTE
    ../clib/microlib/init/entry.s            0x00000000   Number         0  entry8b.o ABSOLUTE
    ../clib/microlib/init/entry.s            0x00000000   Number         0  entry8a.o ABSOLUTE
    ../clib/microlib/init/entry.s            0x00000000   Number         0  entry2.o ABSOLUTE
    ../clib/microlib/init/entry.s            0x00000000   Number         0  entry.o ABSOLUTE
    ../clib/microlib/init/entry.s            0x00000000   Number         0  entry10a.o ABSOLUTE
    ../clib/microlib/init/entry.s            0x00000000   Number         0  entry9a.o ABSOLUTE
    ../clib/microlib/init/entry.s            0x00000000   Number         0  entry9b.o ABSOLUTE
    ../clib/microlib/init/entry.s            0x00000000   Number         0  entry7b.o ABSOLUTE
    ../clib/microlib/init/entry.s            0x00000000   Number         0  entry7a.o ABSOLUTE
    ../clib/microlib/init/entry.s            0x00000000   Number         0  entry10b.o ABSOLUTE
    ../clib/microlib/init/entry.s            0x00000000   Number         0  entry5.o ABSOLUTE
    ../clib/microlib/longlong.c              0x00000000   Number         0  llushr.o ABSOLUTE
    ../clib/microlib/longlong.c              0x00000000   Number         0  llshl.o ABSOLUTE
    ../clib/microlib/stdlib/rand.c           0x00000000   Number         0  rand.o ABSOLUTE
    ../clib/microlib/string/memcpy.c         0x00000000   Number         0  memcpyb.o ABSOLUTE
    ../clib/microlib/string/memcpy.c         0x00000000   Number         0  memcpya.o ABSOLUTE
    ../clib/microlib/string/memset.c         0x00000000   Number         0  memseta.o ABSOLUTE
    ../clib/microlib/stubs.s                 0x00000000   Number         0  iusefp.o ABSOLUTE
    ../fplib/microlib/fpdiv.c                0x00000000   Number         0  fdiv.o ABSOLUTE
    ../fplib/microlib/fpepilogue.c           0x00000000   Number         0  fepilogue.o ABSOLUTE
    ../fplib/microlib/fpfix.c                0x00000000   Number         0  ffixui.o ABSOLUTE
    ..\..\Common\eeprom_flash.cpp            0x00000000   Number         0  eeprom_flash.o ABSOLUTE
    ..\..\Common\led.c                       0x00000000   Number         0  led.o ABSOLUTE
    ..\..\Common\nrf24l01.c                  0x00000000   Number         0  nrf24l01.o ABSOLUTE
    ..\..\Common\spilib.c                    0x00000000   Number         0  spilib.o ABSOLUTE
    ..\..\Common\usb.c                       0x00000000   Number         0  usb.o ABSOLUTE
    ..\Drivers\STM32F1xx_HAL_Driver\Src\stm32f1xx_hal.c 0x00000000   Number         0  stm32f1xx_hal.o ABSOLUTE
    ..\Drivers\STM32F1xx_HAL_Driver\Src\stm32f1xx_hal_cortex.c 0x00000000   Number         0  stm32f1xx_hal_cortex.o ABSOLUTE
    ..\Drivers\STM32F1xx_HAL_Driver\Src\stm32f1xx_hal_dma.c 0x00000000   Number         0  stm32f1xx_hal_dma.o ABSOLUTE
    ..\Drivers\STM32F1xx_HAL_Driver\Src\stm32f1xx_hal_flash.c 0x00000000   Number         0  stm32f1xx_hal_flash.o ABSOLUTE
    ..\Drivers\STM32F1xx_HAL_Driver\Src\stm32f1xx_hal_flash_ex.c 0x00000000   Number         0  stm32f1xx_hal_flash_ex.o ABSOLUTE
    ..\Drivers\STM32F1xx_HAL_Driver\Src\stm32f1xx_hal_gpio.c 0x00000000   Number         0  stm32f1xx_hal_gpio.o ABSOLUTE
    ..\Drivers\STM32F1xx_HAL_Driver\Src\stm32f1xx_hal_gpio_ex.c 0x00000000   Number         0  stm32f1xx_hal_gpio_ex.o ABSOLUTE
    ..\Drivers\STM32F1xx_HAL_Driver\Src\stm32f1xx_hal_pcd.c 0x00000000   Number         0  stm32f1xx_hal_pcd.o ABSOLUTE
    ..\Drivers\STM32F1xx_HAL_Driver\Src\stm32f1xx_hal_pcd_ex.c 0x00000000   Number         0  stm32f1xx_hal_pcd_ex.o ABSOLUTE
    ..\Drivers\STM32F1xx_HAL_Driver\Src\stm32f1xx_hal_pwr.c 0x00000000   Number         0  stm32f1xx_hal_pwr.o ABSOLUTE
    ..\Drivers\STM32F1xx_HAL_Driver\Src\stm32f1xx_hal_rcc.c 0x00000000   Number         0  stm32f1xx_hal_rcc.o ABSOLUTE
    ..\Drivers\STM32F1xx_HAL_Driver\Src\stm32f1xx_hal_rcc_ex.c 0x00000000   Number         0  stm32f1xx_hal_rcc_ex.o ABSOLUTE
    ..\Drivers\STM32F1xx_HAL_Driver\Src\stm32f1xx_hal_spi.c 0x00000000   Number         0  stm32f1xx_hal_spi.o ABSOLUTE
    ..\Drivers\STM32F1xx_HAL_Driver\Src\stm32f1xx_hal_spi_ex.c 0x00000000   Number         0  stm32f1xx_hal_spi_ex.o ABSOLUTE
    ..\Drivers\STM32F1xx_HAL_Driver\Src\stm32f1xx_hal_tim.c 0x00000000   Number         0  stm32f1xx_hal_tim.o ABSOLUTE
    ..\Drivers\STM32F1xx_HAL_Driver\Src\stm32f1xx_hal_tim_ex.c 0x00000000   Number         0  stm32f1xx_hal_tim_ex.o ABSOLUTE
    ..\Drivers\STM32F1xx_HAL_Driver\Src\stm32f1xx_ll_usb.c 0x00000000   Number         0  stm32f1xx_ll_usb.o ABSOLUTE
    ..\Middlewares\ST\STM32_USB_Device_Library\Class\CustomHID\Src\usbd_customhid.c 0x00000000   Number         0  usbd_customhid.o ABSOLUTE
    ..\Middlewares\ST\STM32_USB_Device_Library\Core\Src\usbd_core.c 0x00000000   Number         0  usbd_core.o ABSOLUTE
    ..\Middlewares\ST\STM32_USB_Device_Library\Core\Src\usbd_ctlreq.c 0x00000000   Number         0  usbd_ctlreq.o ABSOLUTE
    ..\Middlewares\ST\STM32_USB_Device_Library\Core\Src\usbd_ioreq.c 0x00000000   Number         0  usbd_ioreq.o ABSOLUTE
    ..\Src\main.c                            0x00000000   Number         0  main.o ABSOLUTE
    ..\Src\stm32f1xx_hal_msp.c               0x00000000   Number         0  stm32f1xx_hal_msp.o ABSOLUTE
    ..\Src\stm32f1xx_it.c                    0x00000000   Number         0  stm32f1xx_it.o ABSOLUTE
    ..\Src\system_stm32f1xx.c                0x00000000   Number         0  system_stm32f1xx.o ABSOLUTE
    ..\Src\usb_device.c                      0x00000000   Number         0  usb_device.o ABSOLUTE
    ..\Src\usbd_conf.c                       0x00000000   Number         0  usbd_conf.o ABSOLUTE
    ..\Src\usbd_custom_hid_if.c              0x00000000   Number         0  usbd_custom_hid_if.o ABSOLUTE
    ..\Src\usbd_desc.c                       0x00000000   Number         0  usbd_desc.o ABSOLUTE
    ..\\..\\Common\\eeprom_flash.cpp         0x00000000   Number         0  eeprom_flash.o ABSOLUTE
    ..\\..\\Common\\led.c                    0x00000000   Number         0  led.o ABSOLUTE
    ..\\..\\Common\\nrf24l01.c               0x00000000   Number         0  nrf24l01.o ABSOLUTE
    ..\\..\\Common\\spilib.c                 0x00000000   Number         0  spilib.o ABSOLUTE
    dc.s                                     0x00000000   Number         0  dc.o ABSOLUTE
    handlers.s                               0x00000000   Number         0  handlers.o ABSOLUTE
    init.s                                   0x00000000   Number         0  init.o ABSOLUTE
    startup_stm32f103xb.s                    0x00000000   Number         0  startup_stm32f103xb.o ABSOLUTE
    RESET                                    0x08000000   Section      236  startup_stm32f103xb.o(RESET)
    .ARM.Collect$$$$00000000                 0x080000ec   Section        0  entry.o(.ARM.Collect$$$$00000000)
    .ARM.Collect$$$$00000001                 0x080000ec   Section        4  entry2.o(.ARM.Collect$$$$00000001)
    .ARM.Collect$$$$00000004                 0x080000f0   Section        4  entry5.o(.ARM.Collect$$$$00000004)
    .ARM.Collect$$$$00000008                 0x080000f4   Section        0  entry7b.o(.ARM.Collect$$$$00000008)
    .ARM.Collect$$$$0000000A                 0x080000f4   Section        0  entry8b.o(.ARM.Collect$$$$0000000A)
    .ARM.Collect$$$$0000000B                 0x080000f4   Section        8  entry9a.o(.ARM.Collect$$$$0000000B)
    .ARM.Collect$$$$0000000D                 0x080000fc   Section        0  entry10a.o(.ARM.Collect$$$$0000000D)
    .ARM.Collect$$$$0000000F                 0x080000fc   Section        0  entry11a.o(.ARM.Collect$$$$0000000F)
    .ARM.Collect$$$$00002712                 0x080000fc   Section        4  entry2.o(.ARM.Collect$$$$00002712)
    __lit__00000000                          0x080000fc   Data           4  entry2.o(.ARM.Collect$$$$00002712)
    .text                                    0x08000100   Section       36  startup_stm32f103xb.o(.text)
    .text                                    0x08000124   Section        0  uldiv.o(.text)
    .text                                    0x08000186   Section        0  llushr.o(.text)
    .text                                    0x080001a8   Section        0  rand.o(.text)
    .text                                    0x080001cc   Section        0  memcpya.o(.text)
    .text                                    0x080001f0   Section        0  memseta.o(.text)
    .text                                    0x08000214   Section        0  fdiv.o(.text)
    .text                                    0x08000290   Section        0  ffixui.o(.text)
    .text                                    0x080002b8   Section        0  llshl.o(.text)
    .text                                    0x080002d6   Section        0  iusefp.o(.text)
    .text                                    0x080002d6   Section        0  fepilogue.o(.text)
    .text                                    0x08000344   Section       36  init.o(.text)
    .text                                    0x08000368   Section        0  __dczerorl2.o(.text)
    i.BusFault_Handler                       0x080003be   Section        0  stm32f1xx_it.o(i.BusFault_Handler)
    i.CUSTOM_HID_DeInit_FS                   0x080003c0   Section        0  usbd_custom_hid_if.o(i.CUSTOM_HID_DeInit_FS)
    CUSTOM_HID_DeInit_FS                     0x080003c1   Thumb Code     4  usbd_custom_hid_if.o(i.CUSTOM_HID_DeInit_FS)
    i.CUSTOM_HID_Init_FS                     0x080003c4   Section        0  usbd_custom_hid_if.o(i.CUSTOM_HID_Init_FS)
    CUSTOM_HID_Init_FS                       0x080003c5   Thumb Code     4  usbd_custom_hid_if.o(i.CUSTOM_HID_Init_FS)
    i.CUSTOM_HID_OutEvent_FS                 0x080003c8   Section        0  usbd_custom_hid_if.o(i.CUSTOM_HID_OutEvent_FS)
    CUSTOM_HID_OutEvent_FS                   0x080003c9   Thumb Code    26  usbd_custom_hid_if.o(i.CUSTOM_HID_OutEvent_FS)
    i.CheckPacketCrc                         0x080003ec   Section        0  usb.o(i.CheckPacketCrc)
    i.DebugMon_Handler                       0x08000402   Section        0  stm32f1xx_it.o(i.DebugMon_Handler)
    i.EXTI15_10_IRQHandler                   0x08000404   Section        0  stm32f1xx_it.o(i.EXTI15_10_IRQHandler)
    i.GetPacketCrc                           0x0800040c   Section        0  usb.o(i.GetPacketCrc)
    i.HAL_Delay                              0x08000426   Section        0  stm32f1xx_hal.o(i.HAL_Delay)
    i.HAL_GPIO_EXTI_Callback                 0x0800043c   Section        0  main.o(i.HAL_GPIO_EXTI_Callback)
    i.HAL_GPIO_EXTI_IRQHandler               0x0800046c   Section        0  stm32f1xx_hal_gpio.o(i.HAL_GPIO_EXTI_IRQHandler)
    i.HAL_GPIO_Init                          0x08000484   Section        0  stm32f1xx_hal_gpio.o(i.HAL_GPIO_Init)
    i.HAL_GPIO_WritePin                      0x08000640   Section        0  stm32f1xx_hal_gpio.o(i.HAL_GPIO_WritePin)
    i.HAL_GetTick                            0x0800064c   Section        0  stm32f1xx_hal.o(i.HAL_GetTick)
    i.HAL_IncTick                            0x08000658   Section        0  stm32f1xx_hal.o(i.HAL_IncTick)
    i.HAL_Init                               0x08000668   Section        0  stm32f1xx_hal.o(i.HAL_Init)
    i.HAL_InitTick                           0x0800068c   Section        0  stm32f1xx_hal.o(i.HAL_InitTick)
    i.HAL_MspInit                            0x080006b0   Section        0  stm32f1xx_hal_msp.o(i.HAL_MspInit)
    i.HAL_NVIC_EnableIRQ                     0x08000738   Section        0  stm32f1xx_hal_cortex.o(i.HAL_NVIC_EnableIRQ)
    i.HAL_NVIC_SetPriority                   0x08000750   Section        0  stm32f1xx_hal_cortex.o(i.HAL_NVIC_SetPriority)
    i.HAL_NVIC_SetPriorityGrouping           0x08000790   Section        0  stm32f1xx_hal_cortex.o(i.HAL_NVIC_SetPriorityGrouping)
    i.HAL_PCDEx_PMAConfig                    0x080007b4   Section        0  stm32f1xx_hal_pcd_ex.o(i.HAL_PCDEx_PMAConfig)
    i.HAL_PCDEx_SetConnectionState           0x080007e8   Section        0  usbd_conf.o(i.HAL_PCDEx_SetConnectionState)
    i.HAL_PCD_DataInStageCallback            0x080007ea   Section        0  usbd_conf.o(i.HAL_PCD_DataInStageCallback)
    i.HAL_PCD_DataOutStageCallback           0x080007f8   Section        0  usbd_conf.o(i.HAL_PCD_DataOutStageCallback)
    i.HAL_PCD_EP_Close                       0x08000808   Section        0  stm32f1xx_hal_pcd.o(i.HAL_PCD_EP_Close)
    i.HAL_PCD_EP_ClrStall                    0x08000848   Section        0  stm32f1xx_hal_pcd.o(i.HAL_PCD_EP_ClrStall)
    i.HAL_PCD_EP_Open                        0x08000890   Section        0  stm32f1xx_hal_pcd.o(i.HAL_PCD_EP_Open)
    i.HAL_PCD_EP_Receive                     0x080008d4   Section        0  stm32f1xx_hal_pcd.o(i.HAL_PCD_EP_Receive)
    i.HAL_PCD_EP_SetStall                    0x08000914   Section        0  stm32f1xx_hal_pcd.o(i.HAL_PCD_EP_SetStall)
    i.HAL_PCD_EP_Transmit                    0x0800096a   Section        0  stm32f1xx_hal_pcd.o(i.HAL_PCD_EP_Transmit)
    i.HAL_PCD_IRQHandler                     0x080009a8   Section        0  stm32f1xx_hal_pcd.o(i.HAL_PCD_IRQHandler)
    i.HAL_PCD_Init                           0x08000ab4   Section        0  stm32f1xx_hal_pcd.o(i.HAL_PCD_Init)
    i.HAL_PCD_MspInit                        0x08000b74   Section        0  usbd_conf.o(i.HAL_PCD_MspInit)
    i.HAL_PCD_ResetCallback                  0x08000bb0   Section        0  usbd_conf.o(i.HAL_PCD_ResetCallback)
    i.HAL_PCD_ResumeCallback                 0x08000bca   Section        0  usbd_conf.o(i.HAL_PCD_ResumeCallback)
    i.HAL_PCD_SOFCallback                    0x08000bd2   Section        0  usbd_conf.o(i.HAL_PCD_SOFCallback)
    i.HAL_PCD_SetAddress                     0x08000bda   Section        0  stm32f1xx_hal_pcd.o(i.HAL_PCD_SetAddress)
    i.HAL_PCD_SetupStageCallback             0x08000c02   Section        0  usbd_conf.o(i.HAL_PCD_SetupStageCallback)
    i.HAL_PCD_Start                          0x08000c10   Section        0  stm32f1xx_hal_pcd.o(i.HAL_PCD_Start)
    i.HAL_PCD_SuspendCallback                0x08000c44   Section        0  usbd_conf.o(i.HAL_PCD_SuspendCallback)
    i.HAL_RCCEx_PeriphCLKConfig              0x08000c68   Section        0  stm32f1xx_hal_rcc_ex.o(i.HAL_RCCEx_PeriphCLKConfig)
    i.HAL_RCC_ClockConfig                    0x08000d94   Section        0  stm32f1xx_hal_rcc.o(i.HAL_RCC_ClockConfig)
    i.HAL_RCC_GetHCLKFreq                    0x08000f1c   Section        0  stm32f1xx_hal_rcc.o(i.HAL_RCC_GetHCLKFreq)
    i.HAL_RCC_GetSysClockFreq                0x08000f28   Section        0  stm32f1xx_hal_rcc.o(i.HAL_RCC_GetSysClockFreq)
    i.HAL_RCC_OscConfig                      0x08000fb0   Section        0  stm32f1xx_hal_rcc.o(i.HAL_RCC_OscConfig)
    i.HAL_SPI_Init                           0x08001530   Section        0  stm32f1xx_hal_spi_ex.o(i.HAL_SPI_Init)
    i.HAL_SPI_MspInit                        0x080015b8   Section        0  stm32f1xx_hal_msp.o(i.HAL_SPI_MspInit)
    i.HAL_SPI_TransmitReceive                0x08001610   Section        0  stm32f1xx_hal_spi.o(i.HAL_SPI_TransmitReceive)
    i.HAL_SYSTICK_CLKSourceConfig            0x080018c2   Section        0  stm32f1xx_hal_cortex.o(i.HAL_SYSTICK_CLKSourceConfig)
    i.HAL_SYSTICK_Callback                   0x080018dc   Section        0  led.o(i.HAL_SYSTICK_Callback)
    i.HAL_SYSTICK_Config                     0x08001938   Section        0  stm32f1xx_hal_cortex.o(i.HAL_SYSTICK_Config)
    i.HAL_SYSTICK_IRQHandler                 0x08001960   Section        0  stm32f1xx_hal_cortex.o(i.HAL_SYSTICK_IRQHandler)
    i.HardFault_Handler                      0x08001968   Section        0  stm32f1xx_it.o(i.HardFault_Handler)
    i.MX_USB_DEVICE_Init                     0x0800196c   Section        0  usb_device.o(i.MX_USB_DEVICE_Init)
    i.MemManage_Handler                      0x080019a4   Section        0  stm32f1xx_it.o(i.MemManage_Handler)
    i.NMI_Handler                            0x080019a6   Section        0  stm32f1xx_it.o(i.NMI_Handler)
    i.NVIC_SetPriority                       0x080019a8   Section        0  stm32f1xx_hal_cortex.o(i.NVIC_SetPriority)
    NVIC_SetPriority                         0x080019a9   Thumb Code    32  stm32f1xx_hal_cortex.o(i.NVIC_SetPriority)
    i.PCD_EP_ISR_Handler                     0x080019c8   Section        0  stm32f1xx_hal_pcd.o(i.PCD_EP_ISR_Handler)
    PCD_EP_ISR_Handler                       0x080019c9   Thumb Code   866  stm32f1xx_hal_pcd.o(i.PCD_EP_ISR_Handler)
    i.SPI_WaitOnFlagUntilTimeout             0x08001d2a   Section        0  stm32f1xx_hal_spi.o(i.SPI_WaitOnFlagUntilTimeout)
    SPI_WaitOnFlagUntilTimeout               0x08001d2b   Thumb Code   158  stm32f1xx_hal_spi.o(i.SPI_WaitOnFlagUntilTimeout)
    i.SetPacketCrc                           0x08001dc8   Section        0  usb.o(i.SetPacketCrc)
    i.SysTick_Handler                        0x08001ddc   Section        0  stm32f1xx_it.o(i.SysTick_Handler)
    i.SystemInit                             0x08001dec   Section        0  system_stm32f1xx.o(i.SystemInit)
    i.USBD_CUSTOM_HID_DataIn                 0x08001e34   Section        0  usbd_customhid.o(i.USBD_CUSTOM_HID_DataIn)
    USBD_CUSTOM_HID_DataIn                   0x08001e35   Thumb Code    14  usbd_customhid.o(i.USBD_CUSTOM_HID_DataIn)
    i.USBD_CUSTOM_HID_DataOut                0x08001e42   Section        0  usbd_customhid.o(i.USBD_CUSTOM_HID_DataOut)
    USBD_CUSTOM_HID_DataOut                  0x08001e43   Thumb Code    36  usbd_customhid.o(i.USBD_CUSTOM_HID_DataOut)
    i.USBD_CUSTOM_HID_DeInit                 0x08001e66   Section        0  usbd_customhid.o(i.USBD_CUSTOM_HID_DeInit)
    USBD_CUSTOM_HID_DeInit                   0x08001e67   Thumb Code    50  usbd_customhid.o(i.USBD_CUSTOM_HID_DeInit)
    i.USBD_CUSTOM_HID_EP0_RxReady            0x08001e98   Section        0  usbd_customhid.o(i.USBD_CUSTOM_HID_EP0_RxReady)
    USBD_CUSTOM_HID_EP0_RxReady              0x08001e99   Thumb Code    34  usbd_customhid.o(i.USBD_CUSTOM_HID_EP0_RxReady)
    i.USBD_CUSTOM_HID_GetCfgDesc             0x08001ebc   Section        0  usbd_customhid.o(i.USBD_CUSTOM_HID_GetCfgDesc)
    USBD_CUSTOM_HID_GetCfgDesc               0x08001ebd   Thumb Code     8  usbd_customhid.o(i.USBD_CUSTOM_HID_GetCfgDesc)
    i.USBD_CUSTOM_HID_GetDeviceQualifierDesc 0x08001ec8   Section        0  usbd_customhid.o(i.USBD_CUSTOM_HID_GetDeviceQualifierDesc)
    USBD_CUSTOM_HID_GetDeviceQualifierDesc   0x08001ec9   Thumb Code     8  usbd_customhid.o(i.USBD_CUSTOM_HID_GetDeviceQualifierDesc)
    i.USBD_CUSTOM_HID_Init                   0x08001ed4   Section        0  usbd_customhid.o(i.USBD_CUSTOM_HID_Init)
    USBD_CUSTOM_HID_Init                     0x08001ed5   Thumb Code    76  usbd_customhid.o(i.USBD_CUSTOM_HID_Init)
    i.USBD_CUSTOM_HID_RegisterInterface      0x08001f20   Section        0  usbd_customhid.o(i.USBD_CUSTOM_HID_RegisterInterface)
    i.USBD_CUSTOM_HID_SendReport             0x08001f30   Section        0  usbd_customhid.o(i.USBD_CUSTOM_HID_SendReport)
    i.USBD_CUSTOM_HID_SendReport_FS          0x08001f58   Section        0  usbd_custom_hid_if.o(i.USBD_CUSTOM_HID_SendReport_FS)
    i.USBD_CUSTOM_HID_Setup                  0x08001f6c   Section        0  usbd_customhid.o(i.USBD_CUSTOM_HID_Setup)
    USBD_CUSTOM_HID_Setup                    0x08001f6d   Thumb Code   180  usbd_customhid.o(i.USBD_CUSTOM_HID_Setup)
    i.USBD_ClrClassConfig                    0x08002024   Section        0  usbd_core.o(i.USBD_ClrClassConfig)
    i.USBD_CtlContinueRx                     0x08002032   Section        0  usbd_ioreq.o(i.USBD_CtlContinueRx)
    i.USBD_CtlContinueSendData               0x08002042   Section        0  usbd_ioreq.o(i.USBD_CtlContinueSendData)
    i.USBD_CtlError                          0x08002052   Section        0  usbd_ctlreq.o(i.USBD_CtlError)
    i.USBD_CtlPrepareRx                      0x08002068   Section        0  usbd_ioreq.o(i.USBD_CtlPrepareRx)
    i.USBD_CtlReceiveStatus                  0x08002086   Section        0  usbd_ioreq.o(i.USBD_CtlReceiveStatus)
    i.USBD_CtlSendData                       0x0800209c   Section        0  usbd_ioreq.o(i.USBD_CtlSendData)
    i.USBD_CtlSendStatus                     0x080020b6   Section        0  usbd_ioreq.o(i.USBD_CtlSendStatus)
    i.USBD_FS_ConfigStrDescriptor            0x080020cc   Section        0  usbd_desc.o(i.USBD_FS_ConfigStrDescriptor)
    i.USBD_FS_DeviceDescriptor               0x080020f8   Section        0  usbd_desc.o(i.USBD_FS_DeviceDescriptor)
    i.USBD_FS_InterfaceStrDescriptor         0x08002104   Section        0  usbd_desc.o(i.USBD_FS_InterfaceStrDescriptor)
    i.USBD_FS_LangIDStrDescriptor            0x08002134   Section        0  usbd_desc.o(i.USBD_FS_LangIDStrDescriptor)
    i.USBD_FS_ManufacturerStrDescriptor      0x08002140   Section        0  usbd_desc.o(i.USBD_FS_ManufacturerStrDescriptor)
    i.USBD_FS_ProductStrDescriptor           0x0800215c   Section        0  usbd_desc.o(i.USBD_FS_ProductStrDescriptor)
    i.USBD_FS_SerialStrDescriptor            0x0800217c   Section        0  usbd_desc.o(i.USBD_FS_SerialStrDescriptor)
    i.USBD_GetDescriptor                     0x0800219c   Section        0  usbd_ctlreq.o(i.USBD_GetDescriptor)
    USBD_GetDescriptor                       0x0800219d   Thumb Code   242  usbd_ctlreq.o(i.USBD_GetDescriptor)
    i.USBD_GetString                         0x0800228e   Section        0  usbd_ctlreq.o(i.USBD_GetString)
    i.USBD_Init                              0x080022d4   Section        0  usbd_core.o(i.USBD_Init)
    i.USBD_LL_ClearStallEP                   0x080022fe   Section        0  usbd_conf.o(i.USBD_LL_ClearStallEP)
    i.USBD_LL_CloseEP                        0x0800231e   Section        0  usbd_conf.o(i.USBD_LL_CloseEP)
    i.USBD_LL_DataInStage                    0x0800233e   Section        0  usbd_core.o(i.USBD_LL_DataInStage)
    i.USBD_LL_DataOutStage                   0x080023e8   Section        0  usbd_core.o(i.USBD_LL_DataOutStage)
    i.USBD_LL_Init                           0x08002454   Section        0  usbd_conf.o(i.USBD_LL_Init)
    i.USBD_LL_IsStallEP                      0x080024c0   Section        0  usbd_conf.o(i.USBD_LL_IsStallEP)
    i.USBD_LL_OpenEP                         0x080024dc   Section        0  usbd_conf.o(i.USBD_LL_OpenEP)
    i.USBD_LL_PrepareReceive                 0x08002502   Section        0  usbd_conf.o(i.USBD_LL_PrepareReceive)
    i.USBD_LL_Reset                          0x08002522   Section        0  usbd_core.o(i.USBD_LL_Reset)
    i.USBD_LL_Resume                         0x08002560   Section        0  usbd_core.o(i.USBD_LL_Resume)
    i.USBD_LL_SOF                            0x0800256c   Section        0  usbd_core.o(i.USBD_LL_SOF)
    i.USBD_LL_SetSpeed                       0x08002584   Section        0  usbd_core.o(i.USBD_LL_SetSpeed)
    i.USBD_LL_SetUSBAddress                  0x0800258a   Section        0  usbd_conf.o(i.USBD_LL_SetUSBAddress)
    i.USBD_LL_SetupStage                     0x080025aa   Section        0  usbd_core.o(i.USBD_LL_SetupStage)
    i.USBD_LL_StallEP                        0x08002604   Section        0  usbd_conf.o(i.USBD_LL_StallEP)
    i.USBD_LL_Start                          0x08002624   Section        0  usbd_conf.o(i.USBD_LL_Start)
    i.USBD_LL_Suspend                        0x08002644   Section        0  usbd_core.o(i.USBD_LL_Suspend)
    i.USBD_LL_Transmit                       0x08002656   Section        0  usbd_conf.o(i.USBD_LL_Transmit)
    i.USBD_ParseSetupRequest                 0x08002676   Section        0  usbd_ctlreq.o(i.USBD_ParseSetupRequest)
    i.USBD_RegisterClass                     0x0800269e   Section        0  usbd_core.o(i.USBD_RegisterClass)
    i.USBD_SetClassConfig                    0x080026ae   Section        0  usbd_core.o(i.USBD_SetClassConfig)
    i.USBD_SetConfig                         0x080026c4   Section        0  usbd_ctlreq.o(i.USBD_SetConfig)
    USBD_SetConfig                           0x080026c5   Thumb Code   110  usbd_ctlreq.o(i.USBD_SetConfig)
    i.USBD_Start                             0x08002738   Section        0  usbd_core.o(i.USBD_Start)
    i.USBD_StdDevReq                         0x08002742   Section        0  usbd_ctlreq.o(i.USBD_StdDevReq)
    i.USBD_StdEPReq                          0x08002834   Section        0  usbd_ctlreq.o(i.USBD_StdEPReq)
    i.USBD_StdItfReq                         0x08002910   Section        0  usbd_ctlreq.o(i.USBD_StdItfReq)
    i.USBD_static_free                       0x08002944   Section        0  usbd_conf.o(i.USBD_static_free)
    i.USBD_static_malloc                     0x08002948   Section        0  usbd_conf.o(i.USBD_static_malloc)
    i.USB_ActivateEndpoint                   0x08002950   Section        0  stm32f1xx_ll_usb.o(i.USB_ActivateEndpoint)
    i.USB_CoreInit                           0x08002bac   Section        0  stm32f1xx_ll_usb.o(i.USB_CoreInit)
    i.USB_DeactivateEndpoint                 0x08002bb0   Section        0  stm32f1xx_ll_usb.o(i.USB_DeactivateEndpoint)
    i.USB_DevConnect                         0x08002cd4   Section        0  stm32f1xx_ll_usb.o(i.USB_DevConnect)
    i.USB_DevDisconnect                      0x08002cd8   Section        0  stm32f1xx_ll_usb.o(i.USB_DevDisconnect)
    i.USB_DevInit                            0x08002cdc   Section        0  stm32f1xx_ll_usb.o(i.USB_DevInit)
    i.USB_DisableGlobalInt                   0x08002cee   Section        0  stm32f1xx_ll_usb.o(i.USB_DisableGlobalInt)
    i.USB_EP0_OutStart                       0x08002cfc   Section        0  stm32f1xx_ll_usb.o(i.USB_EP0_OutStart)
    i.USB_EPClearStall                       0x08002d00   Section        0  stm32f1xx_ll_usb.o(i.USB_EPClearStall)
    i.USB_EPSetStall                         0x08002d6a   Section        0  stm32f1xx_ll_usb.o(i.USB_EPSetStall)
    i.USB_EPStartXfer                        0x08002db4   Section        0  stm32f1xx_ll_usb.o(i.USB_EPStartXfer)
    i.USB_EnableGlobalInt                    0x08002f5e   Section        0  stm32f1xx_ll_usb.o(i.USB_EnableGlobalInt)
    i.USB_LP_CAN1_RX0_IRQHandler             0x08002f6c   Section        0  stm32f1xx_it.o(i.USB_LP_CAN1_RX0_IRQHandler)
    i.USB_ReadInterrupts                     0x08002f78   Section        0  stm32f1xx_ll_usb.o(i.USB_ReadInterrupts)
    i.USB_ReadPMA                            0x08002f80   Section        0  stm32f1xx_ll_usb.o(i.USB_ReadPMA)
    i.USB_SetCurrentMode                     0x08002f9e   Section        0  stm32f1xx_ll_usb.o(i.USB_SetCurrentMode)
    i.USB_SetDevAddress                      0x08002fa2   Section        0  stm32f1xx_ll_usb.o(i.USB_SetDevAddress)
    i.USB_WritePMA                           0x08002fae   Section        0  stm32f1xx_ll_usb.o(i.USB_WritePMA)
    i.UsageFault_Handler                     0x08002fd4   Section        0  stm32f1xx_it.o(i.UsageFault_Handler)
    i._Z10BlinkReasei                        0x08002fd6   Section        0  led.o(i._Z10BlinkReasei)
    i._Z10BlinkReaseib                       0x08002fdc   Section        0  led.o(i._Z10BlinkReaseib)
    i._Z10RF_CE_HIGHv                        0x08003010   Section        0  nrf24l01.o(i._Z10RF_CE_HIGHv)
    i._Z10RF_NSS_LOWv                        0x08003020   Section        0  nrf24l01.o(i._Z10RF_NSS_LOWv)
    i._Z11RF_NSS_HIGHv                       0x0800303c   Section        0  nrf24l01.o(i._Z11RF_NSS_HIGHv)
    i._Z11RF_Read_CmdP19__SPI_HandleTypeDefh 0x0800304c   Section        0  nrf24l01.o(i._Z11RF_Read_CmdP19__SPI_HandleTypeDefh)
    i._Z11RF_Send_CmdP19__SPI_HandleTypeDefhh 0x08003072   Section        0  nrf24l01.o(i._Z11RF_Send_CmdP19__SPI_HandleTypeDefhh)
    i._Z12MX_GPIO_Initv                      0x080030bc   Section        0  main.o(i._Z12MX_GPIO_Initv)
    MX_GPIO_Init()                           0x080030bd   Thumb Code   230  main.o(i._Z12MX_GPIO_Initv)
    i._Z12MX_SPI1_Initv                      0x080031b8   Section        0  main.o(i._Z12MX_SPI1_Initv)
    MX_SPI1_Init()                           0x080031b9   Thumb Code    58  main.o(i._Z12MX_SPI1_Initv)
    i._Z12RF_IRQ_CLEARP19__SPI_HandleTypeDefh 0x080031fc   Section        0  nrf24l01.o(i._Z12RF_IRQ_CLEARP19__SPI_HandleTypeDefh)
    i._Z12RF_Send_AdrsP19__SPI_HandleTypeDefhPh 0x08003204   Section        0  nrf24l01.o(i._Z12RF_Send_AdrsP19__SPI_HandleTypeDefhPh)
    i._Z12SPI_ReadByteP19__SPI_HandleTypeDefh 0x0800323c   Section        0  spilib.o(i._Z12SPI_ReadByteP19__SPI_HandleTypeDefh)
    i._Z12SPI_SendByteP19__SPI_HandleTypeDefh 0x08003262   Section        0  spilib.o(i._Z12SPI_SendByteP19__SPI_HandleTypeDefh)
    i._Z13Error_Handlerv                     0x08003288   Section        0  main.o(i._Z13Error_Handlerv)
    i._Z13HAL_GetMicrosv                     0x080032b8   Section        0  main.o(i._Z13HAL_GetMicrosv)
    i._Z13RF_FifoStatusP19__SPI_HandleTypeDef 0x080032fa   Section        0  nrf24l01.o(i._Z13RF_FifoStatusP19__SPI_HandleTypeDef)
    i._Z14HAL_MicroDelayy                    0x08003300   Section        0  main.o(i._Z14HAL_MicroDelayy)
    i._Z14RF_ReceiveModeP19__SPI_HandleTypeDefPh 0x08003324   Section        0  nrf24l01.o(i._Z14RF_ReceiveModeP19__SPI_HandleTypeDefPh)
    i._Z14RF_SendPayloadP19__SPI_HandleTypeDefPhh 0x08003368   Section        0  nrf24l01.o(i._Z14RF_SendPayloadP19__SPI_HandleTypeDefPhh)
    i._Z15RF_TransmitModeP19__SPI_HandleTypeDefPh 0x080033a4   Section        0  nrf24l01.o(i._Z15RF_TransmitModeP19__SPI_HandleTypeDefPh)
    i._Z17RF_EnableTransmitP19__SPI_HandleTypeDef 0x080033e2   Section        0  nrf24l01.o(i._Z17RF_EnableTransmitP19__SPI_HandleTypeDef)
    i._Z17RF_ReceivePayloadP19__SPI_HandleTypeDefPhh 0x080033f4   Section        0  nrf24l01.o(i._Z17RF_ReceivePayloadP19__SPI_HandleTypeDefPhh)
    i._Z18SystemClock_Configv                0x0800343c   Section        0  main.o(i._Z18SystemClock_Configv)
    i._Z25BaseStation_NRF24L01_Initv         0x080034b0   Section        0  main.o(i._Z25BaseStation_NRF24L01_Initv)
    i._Z5Blinki                              0x08003518   Section        0  led.o(i._Z5Blinki)
    i._Z6LedOffv                             0x0800353c   Section        0  led.o(i._Z6LedOffv)
    i._Z7RF_InitP19__SPI_HandleTypeDefP14RF_InitTypeDef 0x08003548   Section        0  nrf24l01.o(i._Z7RF_InitP19__SPI_HandleTypeDefP14RF_InitTypeDef)
    i._Z8RF_FlushP19__SPI_HandleTypeDefh     0x080036c4   Section        0  nrf24l01.o(i._Z8RF_FlushP19__SPI_HandleTypeDefh)
    i._Z9LedTogglev                          0x080036e0   Section        0  led.o(i._Z9LedTogglev)
    i._Z9RF_CE_LOWv                          0x080036f4   Section        0  nrf24l01.o(i._Z9RF_CE_LOWv)
    i._Z9RF_StatusP19__SPI_HandleTypeDef     0x08003704   Section        0  nrf24l01.o(i._Z9RF_StatusP19__SPI_HandleTypeDef)
    i.__scatterload_copy                     0x0800370a   Section       14  handlers.o(i.__scatterload_copy)
    i.__scatterload_null                     0x08003718   Section        2  handlers.o(i.__scatterload_null)
    i.__scatterload_zeroinit                 0x0800371a   Section       14  handlers.o(i.__scatterload_zeroinit)
    i.main                                   0x08003728   Section        0  main.o(i.main)
    .constdata                               0x08003970   Section       16  system_stm32f1xx.o(.constdata)
    .data                                    0x20000000   Section        4  system_stm32f1xx.o(.data)
    .data                                    0x20000004   Section        1  usbd_ctlreq.o(.data)
    cfgidx                                   0x20000004   Data           1  usbd_ctlreq.o(.data)
    .data                                    0x20000008   Section       60  usbd_customhid.o(.data)
    .data                                    0x20000044   Section       90  usbd_customhid.o(.data)
    USBD_CUSTOM_HID_CfgDesc                  0x20000044   Data          41  usbd_customhid.o(.data)
    USBD_CUSTOM_HID_Desc                     0x20000070   Data          34  usbd_customhid.o(.data)
    USBD_CUSTOM_HID_DeviceQualifierDesc      0x20000094   Data          10  usbd_customhid.o(.data)
    .data                                    0x200000a0   Section       12  main.o(.data)
    .data                                    0x200000ac   Section       28  usbd_desc.o(.data)
    .data                                    0x200000c8   Section       22  usbd_desc.o(.data)
    .data                                    0x200000e0   Section       34  usbd_custom_hid_if.o(.data)
    CUSTOM_HID_ReportDesc_FS                 0x200000e0   Data          34  usbd_custom_hid_if.o(.data)
    .data                                    0x20000104   Section       16  usbd_custom_hid_if.o(.data)
    .data                                    0x20000114   Section       12  led.o(.data)
    .data                                    0x20000120   Section        4  stm32f1xx_hal.o(.data)
    uwTick                                   0x20000120   Data           4  stm32f1xx_hal.o(.data)
    .data                                    0x20000124   Section        1  stm32f1xx_hal_spi_ex.o(.data)
    .data                                    0x20000128   Section        4  rand.o(.data)
    _rand_state                              0x20000128   Data           4  rand.o(.data)
    .bss                                     0x2000012c   Section      456  main.o(.bss)
    .bss                                     0x200002f4   Section      512  usbd_desc.o(.bss)
    .bss                                     0x200004f4   Section      548  usb_device.o(.bss)
    .bss                                     0x20000718   Section     1112  usbd_conf.o(.bss)
    mem                                      0x20000718   Data          56  usbd_conf.o(.bss)
    .bss                                     0x20000b70   Section       32  usb.o(.bss)
    STACK                                    0x20000b90   Section     1024  startup_stm32f103xb.o(STACK)

    Global Symbols

    Symbol Name                              Value     Ov Type        Size  Object(Section)

    BuildAttributes$$THM_ISAv4$P$D$K$B$S$PE$A:L22UL41UL21$X:L11$S22US41US21$IEEE1$IW$USESV6$~STKCKD$USESV7$~SHL$OTIME$ROPI$EBA8$MICROLIB$REQ8$PRES8$EABIv2 0x00000000   Number         0  anon$$obj.o ABSOLUTE
    __ARM_use_no_argv                        0x00000000   Number         0  main.o ABSOLUTE
    __cpp_initialize__aeabi_                  - Undefined Weak Reference
    __cxa_finalize                            - Undefined Weak Reference
    _clock_init                               - Undefined Weak Reference
    _microlib_exit                            - Undefined Weak Reference
    __Vectors_Size                           0x000000ec   Number         0  startup_stm32f103xb.o ABSOLUTE
    __Vectors                                0x08000000   Data           4  startup_stm32f103xb.o(RESET)
    __Vectors_End                            0x080000ec   Data           0  startup_stm32f103xb.o(RESET)
    __main                                   0x080000ed   Thumb Code     0  entry.o(.ARM.Collect$$$$00000000)
    _main_stk                                0x080000ed   Thumb Code     0  entry2.o(.ARM.Collect$$$$00000001)
    _main_scatterload                        0x080000f1   Thumb Code     0  entry5.o(.ARM.Collect$$$$00000004)
    __main_after_scatterload                 0x080000f5   Thumb Code     0  entry5.o(.ARM.Collect$$$$00000004)
    _main_clock                              0x080000f5   Thumb Code     0  entry7b.o(.ARM.Collect$$$$00000008)
    _main_cpp_init                           0x080000f5   Thumb Code     0  entry8b.o(.ARM.Collect$$$$0000000A)
    _main_init                               0x080000f5   Thumb Code     0  entry9a.o(.ARM.Collect$$$$0000000B)
    __rt_final_cpp                           0x080000fd   Thumb Code     0  entry10a.o(.ARM.Collect$$$$0000000D)
    __rt_final_exit                          0x080000fd   Thumb Code     0  entry11a.o(.ARM.Collect$$$$0000000F)
    Reset_Handler                            0x08000101   Thumb Code     8  startup_stm32f103xb.o(.text)
    SVC_Handler                              0x08000113   Thumb Code     2  startup_stm32f103xb.o(.text)
    PendSV_Handler                           0x08000117   Thumb Code     2  startup_stm32f103xb.o(.text)
    ADC1_2_IRQHandler                        0x0800011b   Thumb Code     0  startup_stm32f103xb.o(.text)
    CAN1_RX1_IRQHandler                      0x0800011b   Thumb Code     0  startup_stm32f103xb.o(.text)
    CAN1_SCE_IRQHandler                      0x0800011b   Thumb Code     0  startup_stm32f103xb.o(.text)
    DMA1_Channel1_IRQHandler                 0x0800011b   Thumb Code     0  startup_stm32f103xb.o(.text)
    DMA1_Channel2_IRQHandler                 0x0800011b   Thumb Code     0  startup_stm32f103xb.o(.text)
    DMA1_Channel3_IRQHandler                 0x0800011b   Thumb Code     0  startup_stm32f103xb.o(.text)
    DMA1_Channel4_IRQHandler                 0x0800011b   Thumb Code     0  startup_stm32f103xb.o(.text)
    DMA1_Channel5_IRQHandler                 0x0800011b   Thumb Code     0  startup_stm32f103xb.o(.text)
    DMA1_Channel6_IRQHandler                 0x0800011b   Thumb Code     0  startup_stm32f103xb.o(.text)
    DMA1_Channel7_IRQHandler                 0x0800011b   Thumb Code     0  startup_stm32f103xb.o(.text)
    EXTI0_IRQHandler                         0x0800011b   Thumb Code     0  startup_stm32f103xb.o(.text)
    EXTI1_IRQHandler                         0x0800011b   Thumb Code     0  startup_stm32f103xb.o(.text)
    EXTI2_IRQHandler                         0x0800011b   Thumb Code     0  startup_stm32f103xb.o(.text)
    EXTI3_IRQHandler                         0x0800011b   Thumb Code     0  startup_stm32f103xb.o(.text)
    EXTI4_IRQHandler                         0x0800011b   Thumb Code     0  startup_stm32f103xb.o(.text)
    EXTI9_5_IRQHandler                       0x0800011b   Thumb Code     0  startup_stm32f103xb.o(.text)
    FLASH_IRQHandler                         0x0800011b   Thumb Code     0  startup_stm32f103xb.o(.text)
    I2C1_ER_IRQHandler                       0x0800011b   Thumb Code     0  startup_stm32f103xb.o(.text)
    I2C1_EV_IRQHandler                       0x0800011b   Thumb Code     0  startup_stm32f103xb.o(.text)
    I2C2_ER_IRQHandler                       0x0800011b   Thumb Code     0  startup_stm32f103xb.o(.text)
    I2C2_EV_IRQHandler                       0x0800011b   Thumb Code     0  startup_stm32f103xb.o(.text)
    PVD_IRQHandler                           0x0800011b   Thumb Code     0  startup_stm32f103xb.o(.text)
    RCC_IRQHandler                           0x0800011b   Thumb Code     0  startup_stm32f103xb.o(.text)
    RTC_Alarm_IRQHandler                     0x0800011b   Thumb Code     0  startup_stm32f103xb.o(.text)
    RTC_IRQHandler                           0x0800011b   Thumb Code     0  startup_stm32f103xb.o(.text)
    SPI1_IRQHandler                          0x0800011b   Thumb Code     0  startup_stm32f103xb.o(.text)
    SPI2_IRQHandler                          0x0800011b   Thumb Code     0  startup_stm32f103xb.o(.text)
    TAMPER_IRQHandler                        0x0800011b   Thumb Code     0  startup_stm32f103xb.o(.text)
    TIM1_BRK_IRQHandler                      0x0800011b   Thumb Code     0  startup_stm32f103xb.o(.text)
    TIM1_CC_IRQHandler                       0x0800011b   Thumb Code     0  startup_stm32f103xb.o(.text)
    TIM1_TRG_COM_IRQHandler                  0x0800011b   Thumb Code     0  startup_stm32f103xb.o(.text)
    TIM1_UP_IRQHandler                       0x0800011b   Thumb Code     0  startup_stm32f103xb.o(.text)
    TIM2_IRQHandler                          0x0800011b   Thumb Code     0  startup_stm32f103xb.o(.text)
    TIM3_IRQHandler                          0x0800011b   Thumb Code     0  startup_stm32f103xb.o(.text)
    TIM4_IRQHandler                          0x0800011b   Thumb Code     0  startup_stm32f103xb.o(.text)
    USART1_IRQHandler                        0x0800011b   Thumb Code     0  startup_stm32f103xb.o(.text)
    USART2_IRQHandler                        0x0800011b   Thumb Code     0  startup_stm32f103xb.o(.text)
    USART3_IRQHandler                        0x0800011b   Thumb Code     0  startup_stm32f103xb.o(.text)
    USBWakeUp_IRQHandler                     0x0800011b   Thumb Code     0  startup_stm32f103xb.o(.text)
    USB_HP_CAN1_TX_IRQHandler                0x0800011b   Thumb Code     0  startup_stm32f103xb.o(.text)
    WWDG_IRQHandler                          0x0800011b   Thumb Code     0  startup_stm32f103xb.o(.text)
    __aeabi_uldivmod                         0x08000125   Thumb Code    98  uldiv.o(.text)
    __aeabi_llsr                             0x08000187   Thumb Code    32  llushr.o(.text)
    _ll_ushift_r                             0x08000187   Thumb Code     0  llushr.o(.text)
    rand                                     0x080001a9   Thumb Code    20  rand.o(.text)
    srand                                    0x080001bd   Thumb Code     6  rand.o(.text)
    __aeabi_memcpy                           0x080001cd   Thumb Code    36  memcpya.o(.text)
    __aeabi_memcpy4                          0x080001cd   Thumb Code     0  memcpya.o(.text)
    __aeabi_memcpy8                          0x080001cd   Thumb Code     0  memcpya.o(.text)
    __aeabi_memset                           0x080001f1   Thumb Code    14  memseta.o(.text)
    __aeabi_memset4                          0x080001f1   Thumb Code     0  memseta.o(.text)
    __aeabi_memset8                          0x080001f1   Thumb Code     0  memseta.o(.text)
    __aeabi_memclr                           0x080001ff   Thumb Code     4  memseta.o(.text)
    __aeabi_memclr4                          0x080001ff   Thumb Code     0  memseta.o(.text)
    __aeabi_memclr8                          0x080001ff   Thumb Code     0  memseta.o(.text)
    _memset$wrapper                          0x08000203   Thumb Code    18  memseta.o(.text)
    __aeabi_fdiv                             0x08000215   Thumb Code   124  fdiv.o(.text)
    __aeabi_f2uiz                            0x08000291   Thumb Code    40  ffixui.o(.text)
    __aeabi_llsl                             0x080002b9   Thumb Code    30  llshl.o(.text)
    _ll_shift_l                              0x080002b9   Thumb Code     0  llshl.o(.text)
    __I$use$fp                               0x080002d7   Thumb Code     0  iusefp.o(.text)
    _float_round                             0x080002d7   Thumb Code    18  fepilogue.o(.text)
    _float_epilogue                          0x080002e9   Thumb Code    92  fepilogue.o(.text)
    __scatterload                            0x08000345   Thumb Code    28  init.o(.text)
    __scatterload_rt2                        0x08000345   Thumb Code     0  init.o(.text)
    __decompress                             0x08000369   Thumb Code     0  __dczerorl2.o(.text)
    __decompress1                            0x08000369   Thumb Code    86  __dczerorl2.o(.text)
    BusFault_Handler                         0x080003bf   Thumb Code     2  stm32f1xx_it.o(i.BusFault_Handler)
    CheckPacketCrc                           0x080003ed   Thumb Code    22  usb.o(i.CheckPacketCrc)
    DebugMon_Handler                         0x08000403   Thumb Code     2  stm32f1xx_it.o(i.DebugMon_Handler)
    EXTI15_10_IRQHandler                     0x08000405   Thumb Code     8  stm32f1xx_it.o(i.EXTI15_10_IRQHandler)
    GetPacketCrc                             0x0800040d   Thumb Code    26  usb.o(i.GetPacketCrc)
    HAL_Delay                                0x08000427   Thumb Code    22  stm32f1xx_hal.o(i.HAL_Delay)
    HAL_GPIO_EXTI_Callback                   0x0800043d   Thumb Code    44  main.o(i.HAL_GPIO_EXTI_Callback)
    HAL_GPIO_EXTI_IRQHandler                 0x0800046d   Thumb Code    18  stm32f1xx_hal_gpio.o(i.HAL_GPIO_EXTI_IRQHandler)
    HAL_GPIO_Init                            0x08000485   Thumb Code   408  stm32f1xx_hal_gpio.o(i.HAL_GPIO_Init)
    HAL_GPIO_WritePin                        0x08000641   Thumb Code    10  stm32f1xx_hal_gpio.o(i.HAL_GPIO_WritePin)
    HAL_GetTick                              0x0800064d   Thumb Code     6  stm32f1xx_hal.o(i.HAL_GetTick)
    HAL_IncTick                              0x08000659   Thumb Code    10  stm32f1xx_hal.o(i.HAL_IncTick)
    HAL_Init                                 0x08000669   Thumb Code    32  stm32f1xx_hal.o(i.HAL_Init)
    HAL_InitTick                             0x0800068d   Thumb Code    34  stm32f1xx_hal.o(i.HAL_InitTick)
    HAL_MspInit                              0x080006b1   Thumb Code   126  stm32f1xx_hal_msp.o(i.HAL_MspInit)
    HAL_NVIC_EnableIRQ                       0x08000739   Thumb Code    22  stm32f1xx_hal_cortex.o(i.HAL_NVIC_EnableIRQ)
    HAL_NVIC_SetPriority                     0x08000751   Thumb Code    60  stm32f1xx_hal_cortex.o(i.HAL_NVIC_SetPriority)
    HAL_NVIC_SetPriorityGrouping             0x08000791   Thumb Code    26  stm32f1xx_hal_cortex.o(i.HAL_NVIC_SetPriorityGrouping)
    HAL_PCDEx_PMAConfig                      0x080007b5   Thumb Code    52  stm32f1xx_hal_pcd_ex.o(i.HAL_PCDEx_PMAConfig)
    HAL_PCDEx_SetConnectionState             0x080007e9   Thumb Code     2  usbd_conf.o(i.HAL_PCDEx_SetConnectionState)
    HAL_PCD_DataInStageCallback              0x080007eb   Thumb Code    14  usbd_conf.o(i.HAL_PCD_DataInStageCallback)
    HAL_PCD_DataOutStageCallback             0x080007f9   Thumb Code    16  usbd_conf.o(i.HAL_PCD_DataOutStageCallback)
    HAL_PCD_EP_Close                         0x08000809   Thumb Code    64  stm32f1xx_hal_pcd.o(i.HAL_PCD_EP_Close)
    HAL_PCD_EP_ClrStall                      0x08000849   Thumb Code    72  stm32f1xx_hal_pcd.o(i.HAL_PCD_EP_ClrStall)
    HAL_PCD_EP_Open                          0x08000891   Thumb Code    68  stm32f1xx_hal_pcd.o(i.HAL_PCD_EP_Open)
    HAL_PCD_EP_Receive                       0x080008d5   Thumb Code    64  stm32f1xx_hal_pcd.o(i.HAL_PCD_EP_Receive)
    HAL_PCD_EP_SetStall                      0x08000915   Thumb Code    86  stm32f1xx_hal_pcd.o(i.HAL_PCD_EP_SetStall)
    HAL_PCD_EP_Transmit                      0x0800096b   Thumb Code    62  stm32f1xx_hal_pcd.o(i.HAL_PCD_EP_Transmit)
    HAL_PCD_IRQHandler                       0x080009a9   Thumb Code   266  stm32f1xx_hal_pcd.o(i.HAL_PCD_IRQHandler)
    HAL_PCD_Init                             0x08000ab5   Thumb Code   192  stm32f1xx_hal_pcd.o(i.HAL_PCD_Init)
    HAL_PCD_MspInit                          0x08000b75   Thumb Code    50  usbd_conf.o(i.HAL_PCD_MspInit)
    HAL_PCD_ResetCallback                    0x08000bb1   Thumb Code    26  usbd_conf.o(i.HAL_PCD_ResetCallback)
    HAL_PCD_ResumeCallback                   0x08000bcb   Thumb Code     8  usbd_conf.o(i.HAL_PCD_ResumeCallback)
    HAL_PCD_SOFCallback                      0x08000bd3   Thumb Code     8  usbd_conf.o(i.HAL_PCD_SOFCallback)
    HAL_PCD_SetAddress                       0x08000bdb   Thumb Code    40  stm32f1xx_hal_pcd.o(i.HAL_PCD_SetAddress)
    HAL_PCD_SetupStageCallback               0x08000c03   Thumb Code    14  usbd_conf.o(i.HAL_PCD_SetupStageCallback)
    HAL_PCD_Start                            0x08000c11   Thumb Code    50  stm32f1xx_hal_pcd.o(i.HAL_PCD_Start)
    HAL_PCD_SuspendCallback                  0x08000c45   Thumb Code    30  usbd_conf.o(i.HAL_PCD_SuspendCallback)
    HAL_RCCEx_PeriphCLKConfig                0x08000c69   Thumb Code   288  stm32f1xx_hal_rcc_ex.o(i.HAL_RCCEx_PeriphCLKConfig)
    HAL_RCC_ClockConfig                      0x08000d95   Thumb Code   374  stm32f1xx_hal_rcc.o(i.HAL_RCC_ClockConfig)
    HAL_RCC_GetHCLKFreq                      0x08000f1d   Thumb Code     6  stm32f1xx_hal_rcc.o(i.HAL_RCC_GetHCLKFreq)
    HAL_RCC_GetSysClockFreq                  0x08000f29   Thumb Code   102  stm32f1xx_hal_rcc.o(i.HAL_RCC_GetSysClockFreq)
    HAL_RCC_OscConfig                        0x08000fb1   Thumb Code  1406  stm32f1xx_hal_rcc.o(i.HAL_RCC_OscConfig)
    HAL_SPI_Init                             0x08001531   Thumb Code   132  stm32f1xx_hal_spi_ex.o(i.HAL_SPI_Init)
    HAL_SPI_MspInit                          0x080015b9   Thumb Code    74  stm32f1xx_hal_msp.o(i.HAL_SPI_MspInit)
    HAL_SPI_TransmitReceive                  0x08001611   Thumb Code   690  stm32f1xx_hal_spi.o(i.HAL_SPI_TransmitReceive)
    HAL_SYSTICK_CLKSourceConfig              0x080018c3   Thumb Code    24  stm32f1xx_hal_cortex.o(i.HAL_SYSTICK_CLKSourceConfig)
    HAL_SYSTICK_Callback                     0x080018dd   Thumb Code    78  led.o(i.HAL_SYSTICK_Callback)
    HAL_SYSTICK_Config                       0x08001939   Thumb Code    40  stm32f1xx_hal_cortex.o(i.HAL_SYSTICK_Config)
    HAL_SYSTICK_IRQHandler                   0x08001961   Thumb Code     8  stm32f1xx_hal_cortex.o(i.HAL_SYSTICK_IRQHandler)
    HardFault_Handler                        0x08001969   Thumb Code     2  stm32f1xx_it.o(i.HardFault_Handler)
    MX_USB_DEVICE_Init                       0x0800196d   Thumb Code    38  usb_device.o(i.MX_USB_DEVICE_Init)
    MemManage_Handler                        0x080019a5   Thumb Code     2  stm32f1xx_it.o(i.MemManage_Handler)
    NMI_Handler                              0x080019a7   Thumb Code     2  stm32f1xx_it.o(i.NMI_Handler)
    SetPacketCrc                             0x08001dc9   Thumb Code    20  usb.o(i.SetPacketCrc)
    SysTick_Handler                          0x08001ddd   Thumb Code    14  stm32f1xx_it.o(i.SysTick_Handler)
    SystemInit                               0x08001ded   Thumb Code    56  system_stm32f1xx.o(i.SystemInit)
    USBD_CUSTOM_HID_RegisterInterface        0x08001f21   Thumb Code    16  usbd_customhid.o(i.USBD_CUSTOM_HID_RegisterInterface)
    USBD_CUSTOM_HID_SendReport               0x08001f31   Thumb Code    40  usbd_customhid.o(i.USBD_CUSTOM_HID_SendReport)
    USBD_CUSTOM_HID_SendReport_FS            0x08001f59   Thumb Code    16  usbd_custom_hid_if.o(i.USBD_CUSTOM_HID_SendReport_FS)
    USBD_ClrClassConfig                      0x08002025   Thumb Code    14  usbd_core.o(i.USBD_ClrClassConfig)
    USBD_CtlContinueRx                       0x08002033   Thumb Code    16  usbd_ioreq.o(i.USBD_CtlContinueRx)
    USBD_CtlContinueSendData                 0x08002043   Thumb Code    16  usbd_ioreq.o(i.USBD_CtlContinueSendData)
    USBD_CtlError                            0x08002053   Thumb Code    22  usbd_ctlreq.o(i.USBD_CtlError)
    USBD_CtlPrepareRx                        0x08002069   Thumb Code    30  usbd_ioreq.o(i.USBD_CtlPrepareRx)
    USBD_CtlReceiveStatus                    0x08002087   Thumb Code    22  usbd_ioreq.o(i.USBD_CtlReceiveStatus)
    USBD_CtlSendData                         0x0800209d   Thumb Code    26  usbd_ioreq.o(i.USBD_CtlSendData)
    USBD_CtlSendStatus                       0x080020b7   Thumb Code    22  usbd_ioreq.o(i.USBD_CtlSendStatus)
    USBD_FS_ConfigStrDescriptor              0x080020cd   Thumb Code    16  usbd_desc.o(i.USBD_FS_ConfigStrDescriptor)
    USBD_FS_DeviceDescriptor                 0x080020f9   Thumb Code     8  usbd_desc.o(i.USBD_FS_DeviceDescriptor)
    USBD_FS_InterfaceStrDescriptor           0x08002105   Thumb Code    16  usbd_desc.o(i.USBD_FS_InterfaceStrDescriptor)
    USBD_FS_LangIDStrDescriptor              0x08002135   Thumb Code     8  usbd_desc.o(i.USBD_FS_LangIDStrDescriptor)
    USBD_FS_ManufacturerStrDescriptor        0x08002141   Thumb Code    16  usbd_desc.o(i.USBD_FS_ManufacturerStrDescriptor)
    USBD_FS_ProductStrDescriptor             0x0800215d   Thumb Code    16  usbd_desc.o(i.USBD_FS_ProductStrDescriptor)
    USBD_FS_SerialStrDescriptor              0x0800217d   Thumb Code    16  usbd_desc.o(i.USBD_FS_SerialStrDescriptor)
    USBD_GetString                           0x0800228f   Thumb Code    70  usbd_ctlreq.o(i.USBD_GetString)
    USBD_Init                                0x080022d5   Thumb Code    42  usbd_core.o(i.USBD_Init)
    USBD_LL_ClearStallEP                     0x080022ff   Thumb Code    32  usbd_conf.o(i.USBD_LL_ClearStallEP)
    USBD_LL_CloseEP                          0x0800231f   Thumb Code    32  usbd_conf.o(i.USBD_LL_CloseEP)
    USBD_LL_DataInStage                      0x0800233f   Thumb Code   170  usbd_core.o(i.USBD_LL_DataInStage)
    USBD_LL_DataOutStage                     0x080023e9   Thumb Code   106  usbd_core.o(i.USBD_LL_DataOutStage)
    USBD_LL_Init                             0x08002455   Thumb Code   100  usbd_conf.o(i.USBD_LL_Init)
    USBD_LL_IsStallEP                        0x080024c1   Thumb Code    28  usbd_conf.o(i.USBD_LL_IsStallEP)
    USBD_LL_OpenEP                           0x080024dd   Thumb Code    38  usbd_conf.o(i.USBD_LL_OpenEP)
    USBD_LL_PrepareReceive                   0x08002503   Thumb Code    32  usbd_conf.o(i.USBD_LL_PrepareReceive)
    USBD_LL_Reset                            0x08002523   Thumb Code    62  usbd_core.o(i.USBD_LL_Reset)
    USBD_LL_Resume                           0x08002561   Thumb Code    12  usbd_core.o(i.USBD_LL_Resume)
    USBD_LL_SOF                              0x0800256d   Thumb Code    24  usbd_core.o(i.USBD_LL_SOF)
    USBD_LL_SetSpeed                         0x08002585   Thumb Code     6  usbd_core.o(i.USBD_LL_SetSpeed)
    USBD_LL_SetUSBAddress                    0x0800258b   Thumb Code    32  usbd_conf.o(i.USBD_LL_SetUSBAddress)
    USBD_LL_SetupStage                       0x080025ab   Thumb Code    90  usbd_core.o(i.USBD_LL_SetupStage)
    USBD_LL_StallEP                          0x08002605   Thumb Code    32  usbd_conf.o(i.USBD_LL_StallEP)
    USBD_LL_Start                            0x08002625   Thumb Code    32  usbd_conf.o(i.USBD_LL_Start)
    USBD_LL_Suspend                          0x08002645   Thumb Code    18  usbd_core.o(i.USBD_LL_Suspend)
    USBD_LL_Transmit                         0x08002657   Thumb Code    32  usbd_conf.o(i.USBD_LL_Transmit)
    USBD_ParseSetupRequest                   0x08002677   Thumb Code    40  usbd_ctlreq.o(i.USBD_ParseSetupRequest)
    USBD_RegisterClass                       0x0800269f   Thumb Code    16  usbd_core.o(i.USBD_RegisterClass)
    USBD_SetClassConfig                      0x080026af   Thumb Code    22  usbd_core.o(i.USBD_SetClassConfig)
    USBD_Start                               0x08002739   Thumb Code    10  usbd_core.o(i.USBD_Start)
    USBD_StdDevReq                           0x08002743   Thumb Code   242  usbd_ctlreq.o(i.USBD_StdDevReq)
    USBD_StdEPReq                            0x08002835   Thumb Code   220  usbd_ctlreq.o(i.USBD_StdEPReq)
    USBD_StdItfReq                           0x08002911   Thumb Code    52  usbd_ctlreq.o(i.USBD_StdItfReq)
    USBD_static_free                         0x08002945   Thumb Code     2  usbd_conf.o(i.USBD_static_free)
    USBD_static_malloc                       0x08002949   Thumb Code     4  usbd_conf.o(i.USBD_static_malloc)
    USB_ActivateEndpoint                     0x08002951   Thumb Code   604  stm32f1xx_ll_usb.o(i.USB_ActivateEndpoint)
    USB_CoreInit                             0x08002bad   Thumb Code     4  stm32f1xx_ll_usb.o(i.USB_CoreInit)
    USB_DeactivateEndpoint                   0x08002bb1   Thumb Code   292  stm32f1xx_ll_usb.o(i.USB_DeactivateEndpoint)
    USB_DevConnect                           0x08002cd5   Thumb Code     4  stm32f1xx_ll_usb.o(i.USB_DevConnect)
    USB_DevDisconnect                        0x08002cd9   Thumb Code     4  stm32f1xx_ll_usb.o(i.USB_DevDisconnect)
    USB_DevInit                              0x08002cdd   Thumb Code    18  stm32f1xx_ll_usb.o(i.USB_DevInit)
    USB_DisableGlobalInt                     0x08002cef   Thumb Code    14  stm32f1xx_ll_usb.o(i.USB_DisableGlobalInt)
    USB_EP0_OutStart                         0x08002cfd   Thumb Code     4  stm32f1xx_ll_usb.o(i.USB_EP0_OutStart)
    USB_EPClearStall                         0x08002d01   Thumb Code   106  stm32f1xx_ll_usb.o(i.USB_EPClearStall)
    USB_EPSetStall                           0x08002d6b   Thumb Code    74  stm32f1xx_ll_usb.o(i.USB_EPSetStall)
    USB_EPStartXfer                          0x08002db5   Thumb Code   426  stm32f1xx_ll_usb.o(i.USB_EPStartXfer)
    USB_EnableGlobalInt                      0x08002f5f   Thumb Code    14  stm32f1xx_ll_usb.o(i.USB_EnableGlobalInt)
    USB_LP_CAN1_RX0_IRQHandler               0x08002f6d   Thumb Code     6  stm32f1xx_it.o(i.USB_LP_CAN1_RX0_IRQHandler)
    USB_ReadInterrupts                       0x08002f79   Thumb Code     6  stm32f1xx_ll_usb.o(i.USB_ReadInterrupts)
    USB_ReadPMA                              0x08002f81   Thumb Code    30  stm32f1xx_ll_usb.o(i.USB_ReadPMA)
    USB_SetCurrentMode                       0x08002f9f   Thumb Code     4  stm32f1xx_ll_usb.o(i.USB_SetCurrentMode)
    USB_SetDevAddress                        0x08002fa3   Thumb Code    12  stm32f1xx_ll_usb.o(i.USB_SetDevAddress)
    USB_WritePMA                             0x08002faf   Thumb Code    38  stm32f1xx_ll_usb.o(i.USB_WritePMA)
    UsageFault_Handler                       0x08002fd5   Thumb Code     2  stm32f1xx_it.o(i.UsageFault_Handler)
    BlinkRease(int)                          0x08002fd7   Thumb Code     6  led.o(i._Z10BlinkReasei)
    BlinkRease(int, bool)                    0x08002fdd   Thumb Code    50  led.o(i._Z10BlinkReaseib)
    RF_CE_HIGH()                             0x08003011   Thumb Code    10  nrf24l01.o(i._Z10RF_CE_HIGHv)
    RF_NSS_LOW()                             0x08003021   Thumb Code    24  nrf24l01.o(i._Z10RF_NSS_LOWv)
    RF_NSS_HIGH()                            0x0800303d   Thumb Code    10  nrf24l01.o(i._Z11RF_NSS_HIGHv)
    RF_Read_Cmd(__SPI_HandleTypeDef*, unsigned char) 0x0800304d   Thumb Code    38  nrf24l01.o(i._Z11RF_Read_CmdP19__SPI_HandleTypeDefh)
    RF_Send_Cmd(__SPI_HandleTypeDef*, unsigned char, unsigned char) 0x08003073   Thumb Code    72  nrf24l01.o(i._Z11RF_Send_CmdP19__SPI_HandleTypeDefhh)
    RF_IRQ_CLEAR(__SPI_HandleTypeDef*, unsigned char) 0x080031fd   Thumb Code     8  nrf24l01.o(i._Z12RF_IRQ_CLEARP19__SPI_HandleTypeDefh)
    RF_Send_Adrs(__SPI_HandleTypeDef*, unsigned char, unsigned char*) 0x08003205   Thumb Code    56  nrf24l01.o(i._Z12RF_Send_AdrsP19__SPI_HandleTypeDefhPh)
    SPI_ReadByte(__SPI_HandleTypeDef*, unsigned char) 0x0800323d   Thumb Code    38  spilib.o(i._Z12SPI_ReadByteP19__SPI_HandleTypeDefh)
    SPI_SendByte(__SPI_HandleTypeDef*, unsigned char) 0x08003263   Thumb Code    38  spilib.o(i._Z12SPI_SendByteP19__SPI_HandleTypeDefh)
    Error_Handler()                          0x08003289   Thumb Code    38  main.o(i._Z13Error_Handlerv)
    HAL_GetMicros()                          0x080032b9   Thumb Code    66  main.o(i._Z13HAL_GetMicrosv)
    RF_FifoStatus(__SPI_HandleTypeDef*)      0x080032fb   Thumb Code     6  nrf24l01.o(i._Z13RF_FifoStatusP19__SPI_HandleTypeDef)
    HAL_MicroDelay(unsigned long long)       0x08003301   Thumb Code    36  main.o(i._Z14HAL_MicroDelayy)
    RF_ReceiveMode(__SPI_HandleTypeDef*, unsigned char*) 0x08003325   Thumb Code    68  nrf24l01.o(i._Z14RF_ReceiveModeP19__SPI_HandleTypeDefPh)
    RF_SendPayload(__SPI_HandleTypeDef*, unsigned char*, unsigned char) 0x08003369   Thumb Code    60  nrf24l01.o(i._Z14RF_SendPayloadP19__SPI_HandleTypeDefPhh)
    RF_TransmitMode(__SPI_HandleTypeDef*, unsigned char*) 0x080033a5   Thumb Code    62  nrf24l01.o(i._Z15RF_TransmitModeP19__SPI_HandleTypeDefPh)
    RF_EnableTransmit(__SPI_HandleTypeDef*)  0x080033e3   Thumb Code    18  nrf24l01.o(i._Z17RF_EnableTransmitP19__SPI_HandleTypeDef)
    RF_ReceivePayload(__SPI_HandleTypeDef*, unsigned char*, unsigned char) 0x080033f5   Thumb Code    72  nrf24l01.o(i._Z17RF_ReceivePayloadP19__SPI_HandleTypeDefPhh)
    SystemClock_Config()                     0x0800343d   Thumb Code   116  main.o(i._Z18SystemClock_Configv)
    BaseStation_NRF24L01_Init()              0x080034b1   Thumb Code    98  main.o(i._Z25BaseStation_NRF24L01_Initv)
    Blink(int)                               0x08003519   Thumb Code    30  led.o(i._Z5Blinki)
    LedOff()                                 0x0800353d   Thumb Code     8  led.o(i._Z6LedOffv)
    RF_Init(__SPI_HandleTypeDef*, RF_InitTypeDef*) 0x08003549   Thumb Code   380  nrf24l01.o(i._Z7RF_InitP19__SPI_HandleTypeDefP14RF_InitTypeDef)
    RF_Flush(__SPI_HandleTypeDef*, unsigned char) 0x080036c5   Thumb Code    28  nrf24l01.o(i._Z8RF_FlushP19__SPI_HandleTypeDefh)
    LedToggle()                              0x080036e1   Thumb Code    16  led.o(i._Z9LedTogglev)
    RF_CE_LOW()                              0x080036f5   Thumb Code    10  nrf24l01.o(i._Z9RF_CE_LOWv)
    RF_Status(__SPI_HandleTypeDef*)          0x08003705   Thumb Code     6  nrf24l01.o(i._Z9RF_StatusP19__SPI_HandleTypeDef)
    __scatterload_copy                       0x0800370b   Thumb Code    14  handlers.o(i.__scatterload_copy)
    __scatterload_null                       0x08003719   Thumb Code     2  handlers.o(i.__scatterload_null)
    __scatterload_zeroinit                   0x0800371b   Thumb Code    14  handlers.o(i.__scatterload_zeroinit)
    main                                     0x08003729   Thumb Code   568  main.o(i.main)
    AHBPrescTable                            0x08003970   Data          16  system_stm32f1xx.o(.constdata)
    Region$$Table$$Base                      0x08003980   Number         0  anon$$obj.o(Region$$Table)
    Region$$Table$$Limit                     0x080039a0   Number         0  anon$$obj.o(Region$$Table)
    SystemCoreClock                          0x20000000   Data           4  system_stm32f1xx.o(.data)
    USBD_CUSTOM_HID                          0x20000008   Data          60  usbd_customhid.o(.data)
    rfStatus                                 0x200000a0   Data           1  main.o(.data)
    blinkDelay                               0x200000a4   Data           4  main.o(.data)
    pUSBCommandPacket                        0x200000a8   Data           4  main.o(.data)
    FS_Desc                                  0x200000ac   Data          28  usbd_desc.o(.data)
    USBD_LangIDDesc                          0x200000c8   Data           4  usbd_desc.o(.data)
    USBD_FS_DeviceDesc                       0x200000cc   Data          18  usbd_desc.o(.data)
    USBD_CustomHID_fops_FS                   0x20000104   Data          16  usbd_custom_hid_if.o(.data)
    _ledState                                0x20000114   Data           1  led.o(.data)
    _ledTicks                                0x20000118   Data           4  led.o(.data)
    _ledIntensity                            0x2000011c   Data           4  led.o(.data)
    uCRCErrorWorkaroundCheck                 0x20000124   Data           1  stm32f1xx_hal_spi_ex.o(.data)
    Channels                                 0x2000012c   Data         264  main.o(.bss)
    USBBypassPacket                          0x20000234   Data          32  main.o(.bss)
    RF_InitStruct                            0x20000254   Data          37  main.o(.bss)
    SyncPacket                               0x20000279   Data          32  main.o(.bss)
    hspi1                                    0x2000029c   Data          88  main.o(.bss)
    USBD_StrDesc                             0x200002f4   Data         512  usbd_desc.o(.bss)
    hUsbDeviceFS                             0x200004f4   Data         548  usb_device.o(.bss)
    hpcd_USB_FS                              0x20000750   Data        1056  usbd_conf.o(.bss)
    USB_RX_Buffer                            0x20000b70   Data          32  usb.o(.bss)
    __initial_sp                             0x20000f90   Data           0  startup_stm32f103xb.o(STACK)



==============================================================================

Memory Map of the image

  Image Entry point : 0x080000ed

  Load Region LR_IROM1 (Base: 0x08000000, Size: 0x00003acc, Max: 0x00010000, ABSOLUTE, COMPRESSED[0x00003a54])

    Execution Region ER_IROM1 (Base: 0x08000000, Size: 0x000039a0, Max: 0x00010000, ABSOLUTE)

    Base Addr    Size         Type   Attr      Idx    E Section Name        Object

    0x08000000   0x000000ec   Data   RO          127    RESET               startup_stm32f103xb.o
    0x080000ec   0x00000000   Code   RO         3383  * .ARM.Collect$$$$00000000  mc_w.l(entry.o)
    0x080000ec   0x00000004   Code   RO         3403    .ARM.Collect$$$$00000001  mc_w.l(entry2.o)
    0x080000f0   0x00000004   Code   RO         3406    .ARM.Collect$$$$00000004  mc_w.l(entry5.o)
    0x080000f4   0x00000000   Code   RO         3408    .ARM.Collect$$$$00000008  mc_w.l(entry7b.o)
    0x080000f4   0x00000000   Code   RO         3410    .ARM.Collect$$$$0000000A  mc_w.l(entry8b.o)
    0x080000f4   0x00000008   Code   RO         3411    .ARM.Collect$$$$0000000B  mc_w.l(entry9a.o)
    0x080000fc   0x00000000   Code   RO         3413    .ARM.Collect$$$$0000000D  mc_w.l(entry10a.o)
    0x080000fc   0x00000000   Code   RO         3415    .ARM.Collect$$$$0000000F  mc_w.l(entry11a.o)
    0x080000fc   0x00000004   Code   RO         3404    .ARM.Collect$$$$00002712  mc_w.l(entry2.o)
    0x08000100   0x00000024   Code   RO          128    .text               startup_stm32f103xb.o
    0x08000124   0x00000062   Code   RO         3386    .text               mc_w.l(uldiv.o)
    0x08000186   0x00000020   Code   RO         3388    .text               mc_w.l(llushr.o)
    0x080001a6   0x00000002   PAD
    0x080001a8   0x00000024   Code   RO         3390    .text               mc_w.l(rand.o)
    0x080001cc   0x00000024   Code   RO         3393    .text               mc_w.l(memcpya.o)
    0x080001f0   0x00000024   Code   RO         3395    .text               mc_w.l(memseta.o)
    0x08000214   0x0000007c   Code   RO         3399    .text               mf_w.l(fdiv.o)
    0x08000290   0x00000028   Code   RO         3401    .text               mf_w.l(ffixui.o)
    0x080002b8   0x0000001e   Code   RO         3417    .text               mc_w.l(llshl.o)
    0x080002d6   0x00000000   Code   RO         3419    .text               mc_w.l(iusefp.o)
    0x080002d6   0x0000006e   Code   RO         3420    .text               mf_w.l(fepilogue.o)
    0x08000344   0x00000024   Code   RO         3422    .text               mc_w.l(init.o)
    0x08000368   0x00000056   Code   RO         3432    .text               mc_w.l(__dczerorl2.o)
    0x080003be   0x00000002   Code   RO          781    i.BusFault_Handler  stm32f1xx_it.o
    0x080003c0   0x00000004   Code   RO          933    i.CUSTOM_HID_DeInit_FS  usbd_custom_hid_if.o
    0x080003c4   0x00000004   Code   RO          934    i.CUSTOM_HID_Init_FS  usbd_custom_hid_if.o
    0x080003c8   0x00000024   Code   RO          935    i.CUSTOM_HID_OutEvent_FS  usbd_custom_hid_if.o
    0x080003ec   0x00000016   Code   RO         1502    i.CheckPacketCrc    usb.o
    0x08000402   0x00000002   Code   RO          782    i.DebugMon_Handler  stm32f1xx_it.o
    0x08000404   0x00000008   Code   RO          783    i.EXTI15_10_IRQHandler  stm32f1xx_it.o
    0x0800040c   0x0000001a   Code   RO         1503    i.GetPacketCrc      usb.o
    0x08000426   0x00000016   Code   RO         1906    i.HAL_Delay         stm32f1xx_hal.o
    0x0800043c   0x00000030   Code   RO          523    i.HAL_GPIO_EXTI_Callback  main.o
    0x0800046c   0x00000018   Code   RO         2592    i.HAL_GPIO_EXTI_IRQHandler  stm32f1xx_hal_gpio.o
    0x08000484   0x000001bc   Code   RO         2593    i.HAL_GPIO_Init     stm32f1xx_hal_gpio.o
    0x08000640   0x0000000a   Code   RO         2597    i.HAL_GPIO_WritePin  stm32f1xx_hal_gpio.o
    0x0800064a   0x00000002   PAD
    0x0800064c   0x0000000c   Code   RO         1910    i.HAL_GetTick       stm32f1xx_hal.o
    0x08000658   0x00000010   Code   RO         1911    i.HAL_IncTick       stm32f1xx_hal.o
    0x08000668   0x00000024   Code   RO         1912    i.HAL_Init          stm32f1xx_hal.o
    0x0800068c   0x00000022   Code   RO         1913    i.HAL_InitTick      stm32f1xx_hal.o
    0x080006ae   0x00000002   PAD
    0x080006b0   0x00000088   Code   RO          741    i.HAL_MspInit       stm32f1xx_hal_msp.o
    0x08000738   0x00000016   Code   RO         2311    i.HAL_NVIC_EnableIRQ  stm32f1xx_hal_cortex.o
    0x0800074e   0x00000002   PAD
    0x08000750   0x00000040   Code   RO         2317    i.HAL_NVIC_SetPriority  stm32f1xx_hal_cortex.o
    0x08000790   0x00000024   Code   RO         2318    i.HAL_NVIC_SetPriorityGrouping  stm32f1xx_hal_cortex.o
    0x080007b4   0x00000034   Code   RO         2467    i.HAL_PCDEx_PMAConfig  stm32f1xx_hal_pcd_ex.o
    0x080007e8   0x00000002   Code   RO         1027    i.HAL_PCDEx_SetConnectionState  usbd_conf.o
    0x080007ea   0x0000000e   Code   RO         1029    i.HAL_PCD_DataInStageCallback  usbd_conf.o
    0x080007f8   0x00000010   Code   RO         1030    i.HAL_PCD_DataOutStageCallback  usbd_conf.o
    0x08000808   0x00000040   Code   RO         2980    i.HAL_PCD_EP_Close  stm32f1xx_hal_pcd.o
    0x08000848   0x00000048   Code   RO         2981    i.HAL_PCD_EP_ClrStall  stm32f1xx_hal_pcd.o
    0x08000890   0x00000044   Code   RO         2984    i.HAL_PCD_EP_Open   stm32f1xx_hal_pcd.o
    0x080008d4   0x00000040   Code   RO         2985    i.HAL_PCD_EP_Receive  stm32f1xx_hal_pcd.o
    0x08000914   0x00000056   Code   RO         2986    i.HAL_PCD_EP_SetStall  stm32f1xx_hal_pcd.o
    0x0800096a   0x0000003e   Code   RO         2987    i.HAL_PCD_EP_Transmit  stm32f1xx_hal_pcd.o
    0x080009a8   0x0000010a   Code   RO         2989    i.HAL_PCD_IRQHandler  stm32f1xx_hal_pcd.o
    0x08000ab2   0x00000002   PAD
    0x08000ab4   0x000000c0   Code   RO         2992    i.HAL_PCD_Init      stm32f1xx_hal_pcd.o
    0x08000b74   0x0000003c   Code   RO         1035    i.HAL_PCD_MspInit   usbd_conf.o
    0x08000bb0   0x0000001a   Code   RO         1036    i.HAL_PCD_ResetCallback  usbd_conf.o
    0x08000bca   0x00000008   Code   RO         1037    i.HAL_PCD_ResumeCallback  usbd_conf.o
    0x08000bd2   0x00000008   Code   RO         1038    i.HAL_PCD_SOFCallback  usbd_conf.o
    0x08000bda   0x00000028   Code   RO         2998    i.HAL_PCD_SetAddress  stm32f1xx_hal_pcd.o
    0x08000c02   0x0000000e   Code   RO         1039    i.HAL_PCD_SetupStageCallback  usbd_conf.o
    0x08000c10   0x00000032   Code   RO         3000    i.HAL_PCD_Start     stm32f1xx_hal_pcd.o
    0x08000c42   0x00000002   PAD
    0x08000c44   0x00000024   Code   RO         1040    i.HAL_PCD_SuspendCallback  usbd_conf.o
    0x08000c68   0x0000012c   Code   RO         2933    i.HAL_RCCEx_PeriphCLKConfig  stm32f1xx_hal_rcc_ex.o
    0x08000d94   0x00000188   Code   RO         1794    i.HAL_RCC_ClockConfig  stm32f1xx_hal_rcc.o
    0x08000f1c   0x0000000c   Code   RO         1799    i.HAL_RCC_GetHCLKFreq  stm32f1xx_hal_rcc.o
    0x08000f28   0x00000088   Code   RO         1803    i.HAL_RCC_GetSysClockFreq  stm32f1xx_hal_rcc.o
    0x08000fb0   0x0000057e   Code   RO         1806    i.HAL_RCC_OscConfig  stm32f1xx_hal_rcc.o
    0x0800152e   0x00000002   PAD
    0x08001530   0x00000088   Code   RO         2430    i.HAL_SPI_Init      stm32f1xx_hal_spi_ex.o
    0x080015b8   0x00000058   Code   RO          743    i.HAL_SPI_MspInit   stm32f1xx_hal_msp.o
    0x08001610   0x000002b2   Code   RO         2699    i.HAL_SPI_TransmitReceive  stm32f1xx_hal_spi.o
    0x080018c2   0x00000018   Code   RO         2320    i.HAL_SYSTICK_CLKSourceConfig  stm32f1xx_hal_cortex.o
    0x080018da   0x00000002   PAD
    0x080018dc   0x0000005c   Code   RO         1596    i.HAL_SYSTICK_Callback  led.o
    0x08001938   0x00000028   Code   RO         2322    i.HAL_SYSTICK_Config  stm32f1xx_hal_cortex.o
    0x08001960   0x00000008   Code   RO         2323    i.HAL_SYSTICK_IRQHandler  stm32f1xx_hal_cortex.o
    0x08001968   0x00000002   Code   RO          784    i.HardFault_Handler  stm32f1xx_it.o
    0x0800196a   0x00000002   PAD
    0x0800196c   0x00000038   Code   RO          988    i.MX_USB_DEVICE_Init  usb_device.o
    0x080019a4   0x00000002   Code   RO          785    i.MemManage_Handler  stm32f1xx_it.o
    0x080019a6   0x00000002   Code   RO          786    i.NMI_Handler       stm32f1xx_it.o
    0x080019a8   0x00000020   Code   RO         2324    i.NVIC_SetPriority  stm32f1xx_hal_cortex.o
    0x080019c8   0x00000362   Code   RO         3003    i.PCD_EP_ISR_Handler  stm32f1xx_hal_pcd.o
    0x08001d2a   0x0000009e   Code   RO         2721    i.SPI_WaitOnFlagUntilTimeout  stm32f1xx_hal_spi.o
    0x08001dc8   0x00000014   Code   RO         1504    i.SetPacketCrc      usb.o
    0x08001ddc   0x0000000e   Code   RO          787    i.SysTick_Handler   stm32f1xx_it.o
    0x08001dea   0x00000002   PAD
    0x08001dec   0x00000048   Code   RO            5    i.SystemInit        system_stm32f1xx.o
    0x08001e34   0x0000000e   Code   RO          374    i.USBD_CUSTOM_HID_DataIn  usbd_customhid.o
    0x08001e42   0x00000024   Code   RO          375    i.USBD_CUSTOM_HID_DataOut  usbd_customhid.o
    0x08001e66   0x00000032   Code   RO          376    i.USBD_CUSTOM_HID_DeInit  usbd_customhid.o
    0x08001e98   0x00000022   Code   RO          377    i.USBD_CUSTOM_HID_EP0_RxReady  usbd_customhid.o
    0x08001eba   0x00000002   PAD
    0x08001ebc   0x0000000c   Code   RO          378    i.USBD_CUSTOM_HID_GetCfgDesc  usbd_customhid.o
    0x08001ec8   0x0000000c   Code   RO          379    i.USBD_CUSTOM_HID_GetDeviceQualifierDesc  usbd_customhid.o
    0x08001ed4   0x0000004c   Code   RO          380    i.USBD_CUSTOM_HID_Init  usbd_customhid.o
    0x08001f20   0x00000010   Code   RO          381    i.USBD_CUSTOM_HID_RegisterInterface  usbd_customhid.o
    0x08001f30   0x00000028   Code   RO          382    i.USBD_CUSTOM_HID_SendReport  usbd_customhid.o
    0x08001f58   0x00000014   Code   RO          936    i.USBD_CUSTOM_HID_SendReport_FS  usbd_custom_hid_if.o
    0x08001f6c   0x000000b8   Code   RO          383    i.USBD_CUSTOM_HID_Setup  usbd_customhid.o
    0x08002024   0x0000000e   Code   RO          135    i.USBD_ClrClassConfig  usbd_core.o
    0x08002032   0x00000010   Code   RO          459    i.USBD_CtlContinueRx  usbd_ioreq.o
    0x08002042   0x00000010   Code   RO          460    i.USBD_CtlContinueSendData  usbd_ioreq.o
    0x08002052   0x00000016   Code   RO          302    i.USBD_CtlError     usbd_ctlreq.o
    0x08002068   0x0000001e   Code   RO          461    i.USBD_CtlPrepareRx  usbd_ioreq.o
    0x08002086   0x00000016   Code   RO          462    i.USBD_CtlReceiveStatus  usbd_ioreq.o
    0x0800209c   0x0000001a   Code   RO          463    i.USBD_CtlSendData  usbd_ioreq.o
    0x080020b6   0x00000016   Code   RO          464    i.USBD_CtlSendStatus  usbd_ioreq.o
    0x080020cc   0x0000002c   Code   RO          861    i.USBD_FS_ConfigStrDescriptor  usbd_desc.o
    0x080020f8   0x0000000c   Code   RO          862    i.USBD_FS_DeviceDescriptor  usbd_desc.o
    0x08002104   0x00000030   Code   RO          863    i.USBD_FS_InterfaceStrDescriptor  usbd_desc.o
    0x08002134   0x0000000c   Code   RO          864    i.USBD_FS_LangIDStrDescriptor  usbd_desc.o
    0x08002140   0x0000001c   Code   RO          865    i.USBD_FS_ManufacturerStrDescriptor  usbd_desc.o
    0x0800215c   0x00000020   Code   RO          866    i.USBD_FS_ProductStrDescriptor  usbd_desc.o
    0x0800217c   0x00000020   Code   RO          867    i.USBD_FS_SerialStrDescriptor  usbd_desc.o
    0x0800219c   0x000000f2   Code   RO          303    i.USBD_GetDescriptor  usbd_ctlreq.o
    0x0800228e   0x00000046   Code   RO          304    i.USBD_GetString    usbd_ctlreq.o
    0x080022d4   0x0000002a   Code   RO          137    i.USBD_Init         usbd_core.o
    0x080022fe   0x00000020   Code   RO         1041    i.USBD_LL_ClearStallEP  usbd_conf.o
    0x0800231e   0x00000020   Code   RO         1042    i.USBD_LL_CloseEP   usbd_conf.o
    0x0800233e   0x000000aa   Code   RO          138    i.USBD_LL_DataInStage  usbd_core.o
    0x080023e8   0x0000006a   Code   RO          139    i.USBD_LL_DataOutStage  usbd_core.o
    0x08002452   0x00000002   PAD
    0x08002454   0x0000006c   Code   RO         1047    i.USBD_LL_Init      usbd_conf.o
    0x080024c0   0x0000001c   Code   RO         1048    i.USBD_LL_IsStallEP  usbd_conf.o
    0x080024dc   0x00000026   Code   RO         1049    i.USBD_LL_OpenEP    usbd_conf.o
    0x08002502   0x00000020   Code   RO         1050    i.USBD_LL_PrepareReceive  usbd_conf.o
    0x08002522   0x0000003e   Code   RO          144    i.USBD_LL_Reset     usbd_core.o
    0x08002560   0x0000000c   Code   RO          145    i.USBD_LL_Resume    usbd_core.o
    0x0800256c   0x00000018   Code   RO          146    i.USBD_LL_SOF       usbd_core.o
    0x08002584   0x00000006   Code   RO          147    i.USBD_LL_SetSpeed  usbd_core.o
    0x0800258a   0x00000020   Code   RO         1051    i.USBD_LL_SetUSBAddress  usbd_conf.o
    0x080025aa   0x0000005a   Code   RO          148    i.USBD_LL_SetupStage  usbd_core.o
    0x08002604   0x00000020   Code   RO         1052    i.USBD_LL_StallEP   usbd_conf.o
    0x08002624   0x00000020   Code   RO         1053    i.USBD_LL_Start     usbd_conf.o
    0x08002644   0x00000012   Code   RO          149    i.USBD_LL_Suspend   usbd_core.o
    0x08002656   0x00000020   Code   RO         1055    i.USBD_LL_Transmit  usbd_conf.o
    0x08002676   0x00000028   Code   RO          305    i.USBD_ParseSetupRequest  usbd_ctlreq.o
    0x0800269e   0x00000010   Code   RO          150    i.USBD_RegisterClass  usbd_core.o
    0x080026ae   0x00000016   Code   RO          152    i.USBD_SetClassConfig  usbd_core.o
    0x080026c4   0x00000074   Code   RO          306    i.USBD_SetConfig    usbd_ctlreq.o
    0x08002738   0x0000000a   Code   RO          153    i.USBD_Start        usbd_core.o
    0x08002742   0x000000f2   Code   RO          307    i.USBD_StdDevReq    usbd_ctlreq.o
    0x08002834   0x000000dc   Code   RO          308    i.USBD_StdEPReq     usbd_ctlreq.o
    0x08002910   0x00000034   Code   RO          309    i.USBD_StdItfReq    usbd_ctlreq.o
    0x08002944   0x00000002   Code   RO         1056    i.USBD_static_free  usbd_conf.o
    0x08002946   0x00000002   PAD
    0x08002948   0x00000008   Code   RO         1057    i.USBD_static_malloc  usbd_conf.o
    0x08002950   0x0000025c   Code   RO         3190    i.USB_ActivateEndpoint  stm32f1xx_ll_usb.o
    0x08002bac   0x00000004   Code   RO         3193    i.USB_CoreInit      stm32f1xx_ll_usb.o
    0x08002bb0   0x00000124   Code   RO         3195    i.USB_DeactivateEndpoint  stm32f1xx_ll_usb.o
    0x08002cd4   0x00000004   Code   RO         3196    i.USB_DevConnect    stm32f1xx_ll_usb.o
    0x08002cd8   0x00000004   Code   RO         3197    i.USB_DevDisconnect  stm32f1xx_ll_usb.o
    0x08002cdc   0x00000012   Code   RO         3198    i.USB_DevInit       stm32f1xx_ll_usb.o
    0x08002cee   0x0000000e   Code   RO         3199    i.USB_DisableGlobalInt  stm32f1xx_ll_usb.o
    0x08002cfc   0x00000004   Code   RO         3200    i.USB_EP0_OutStart  stm32f1xx_ll_usb.o
    0x08002d00   0x0000006a   Code   RO         3201    i.USB_EPClearStall  stm32f1xx_ll_usb.o
    0x08002d6a   0x0000004a   Code   RO         3202    i.USB_EPSetStall    stm32f1xx_ll_usb.o
    0x08002db4   0x000001aa   Code   RO         3203    i.USB_EPStartXfer   stm32f1xx_ll_usb.o
    0x08002f5e   0x0000000e   Code   RO         3204    i.USB_EnableGlobalInt  stm32f1xx_ll_usb.o
    0x08002f6c   0x0000000c   Code   RO          788    i.USB_LP_CAN1_RX0_IRQHandler  stm32f1xx_it.o
    0x08002f78   0x00000006   Code   RO         3211    i.USB_ReadInterrupts  stm32f1xx_ll_usb.o
    0x08002f7e   0x00000002   PAD
    0x08002f80   0x0000001e   Code   RO         3212    i.USB_ReadPMA       stm32f1xx_ll_usb.o
    0x08002f9e   0x00000004   Code   RO         3214    i.USB_SetCurrentMode  stm32f1xx_ll_usb.o
    0x08002fa2   0x0000000c   Code   RO         3215    i.USB_SetDevAddress  stm32f1xx_ll_usb.o
    0x08002fae   0x00000026   Code   RO         3217    i.USB_WritePMA      stm32f1xx_ll_usb.o
    0x08002fd4   0x00000002   Code   RO          789    i.UsageFault_Handler  stm32f1xx_it.o
    0x08002fd6   0x00000006   Code   RO         1598    i._Z10BlinkReasei   led.o
    0x08002fdc   0x00000032   Code   RO         1599    i._Z10BlinkReaseib  led.o
    0x0800300e   0x00000002   PAD
    0x08003010   0x00000010   Code   RO         1243    i._Z10RF_CE_HIGHv   nrf24l01.o
    0x08003020   0x0000001c   Code   RO         1244    i._Z10RF_NSS_LOWv   nrf24l01.o
    0x0800303c   0x00000010   Code   RO         1245    i._Z11RF_NSS_HIGHv  nrf24l01.o
    0x0800304c   0x00000026   Code   RO         1246    i._Z11RF_Read_CmdP19__SPI_HandleTypeDefh  nrf24l01.o
    0x08003072   0x00000048   Code   RO         1247    i._Z11RF_Send_CmdP19__SPI_HandleTypeDefhh  nrf24l01.o
    0x080030ba   0x00000002   PAD
    0x080030bc   0x000000fc   Code   RO          524    i._Z12MX_GPIO_Initv  main.o
    0x080031b8   0x00000044   Code   RO          525    i._Z12MX_SPI1_Initv  main.o
    0x080031fc   0x00000008   Code   RO         1248    i._Z12RF_IRQ_CLEARP19__SPI_HandleTypeDefh  nrf24l01.o
    0x08003204   0x00000038   Code   RO         1249    i._Z12RF_Send_AdrsP19__SPI_HandleTypeDefhPh  nrf24l01.o
    0x0800323c   0x00000026   Code   RO         1470    i._Z12SPI_ReadByteP19__SPI_HandleTypeDefh  spilib.o
    0x08003262   0x00000026   Code   RO         1471    i._Z12SPI_SendByteP19__SPI_HandleTypeDefh  spilib.o
    0x08003288   0x00000030   Code   RO          526    i._Z13Error_Handlerv  main.o
    0x080032b8   0x00000042   Code   RO          527    i._Z13HAL_GetMicrosv  main.o
    0x080032fa   0x00000006   Code   RO         1252    i._Z13RF_FifoStatusP19__SPI_HandleTypeDef  nrf24l01.o
    0x08003300   0x00000024   Code   RO          528    i._Z14HAL_MicroDelayy  main.o
    0x08003324   0x00000044   Code   RO         1253    i._Z14RF_ReceiveModeP19__SPI_HandleTypeDefPh  nrf24l01.o
    0x08003368   0x0000003c   Code   RO         1254    i._Z14RF_SendPayloadP19__SPI_HandleTypeDefPhh  nrf24l01.o
    0x080033a4   0x0000003e   Code   RO         1255    i._Z15RF_TransmitModeP19__SPI_HandleTypeDefPh  nrf24l01.o
    0x080033e2   0x00000012   Code   RO         1257    i._Z17RF_EnableTransmitP19__SPI_HandleTypeDef  nrf24l01.o
    0x080033f4   0x00000048   Code   RO         1258    i._Z17RF_ReceivePayloadP19__SPI_HandleTypeDefPhh  nrf24l01.o
    0x0800343c   0x00000074   Code   RO          529    i._Z18SystemClock_Configv  main.o
    0x080034b0   0x00000068   Code   RO          530    i._Z25BaseStation_NRF24L01_Initv  main.o
    0x08003518   0x00000024   Code   RO         1601    i._Z5Blinki         led.o
    0x0800353c   0x0000000c   Code   RO         1603    i._Z6LedOffv        led.o
    0x08003548   0x0000017c   Code   RO         1262    i._Z7RF_InitP19__SPI_HandleTypeDefP14RF_InitTypeDef  nrf24l01.o
    0x080036c4   0x0000001c   Code   RO         1263    i._Z8RF_FlushP19__SPI_HandleTypeDefh  nrf24l01.o
    0x080036e0   0x00000014   Code   RO         1604    i._Z9LedTogglev     led.o
    0x080036f4   0x00000010   Code   RO         1264    i._Z9RF_CE_LOWv     nrf24l01.o
    0x08003704   0x00000006   Code   RO         1265    i._Z9RF_StatusP19__SPI_HandleTypeDef  nrf24l01.o
    0x0800370a   0x0000000e   Code   RO         3426    i.__scatterload_copy  mc_w.l(handlers.o)
    0x08003718   0x00000002   Code   RO         3427    i.__scatterload_null  mc_w.l(handlers.o)
    0x0800371a   0x0000000e   Code   RO         3428    i.__scatterload_zeroinit  mc_w.l(handlers.o)
    0x08003728   0x00000248   Code   RO          531    i.main              main.o
    0x08003970   0x00000010   Data   RO            6    .constdata          system_stm32f1xx.o
    0x08003980   0x00000020   Data   RO         3424    Region$$Table       anon$$obj.o


    Execution Region RW_IRAM1 (Base: 0x20000000, Size: 0x00000f90, Max: 0x00005000, ABSOLUTE, COMPRESSED[0x000000b4])

    Base Addr    Size         Type   Attr      Idx    E Section Name        Object

    0x20000000   0x00000004   Data   RW            8    .data               system_stm32f1xx.o
    0x20000004   0x00000001   Data   RW          310    .data               usbd_ctlreq.o
    0x20000005   0x00000003   PAD
    0x20000008   0x0000003c   Data   RW          384    .data               usbd_customhid.o
    0x20000044   0x0000005a   Data   RW          385    .data               usbd_customhid.o
    0x2000009e   0x00000002   PAD
    0x200000a0   0x0000000c   Data   RW          542    .data               main.o
    0x200000ac   0x0000001c   Data   RW          869    .data               usbd_desc.o
    0x200000c8   0x00000016   Data   RW          870    .data               usbd_desc.o
    0x200000de   0x00000002   PAD
    0x200000e0   0x00000022   Data   RW          937    .data               usbd_custom_hid_if.o
    0x20000102   0x00000002   PAD
    0x20000104   0x00000010   Data   RW          938    .data               usbd_custom_hid_if.o
    0x20000114   0x0000000c   Data   RW         1614    .data               led.o
    0x20000120   0x00000004   Data   RW         1918    .data               stm32f1xx_hal.o
    0x20000124   0x00000001   Data   RW         2432    .data               stm32f1xx_hal_spi_ex.o
    0x20000125   0x00000003   PAD
    0x20000128   0x00000004   Data   RW         3391    .data               mc_w.l(rand.o)
    0x2000012c   0x000001c8   Zero   RW          541    .bss                main.o
    0x200002f4   0x00000200   Zero   RW          868    .bss                usbd_desc.o
    0x200004f4   0x00000224   Zero   RW          989    .bss                usb_device.o
    0x20000718   0x00000458   Zero   RW         1058    .bss                usbd_conf.o
    0x20000b70   0x00000020   Zero   RW         1505    .bss                usb.o
    0x20000b90   0x00000400   Zero   RW          125    STACK               startup_stm32f103xb.o


==============================================================================

Image component sizes


      Code (inc. data)   RO Data    RW Data    ZI Data      Debug   Object Name

       216         28          0         12          0       3696   led.o
      1322         68          0         12        456     458289   main.o
       950         22          0          0          0     400312   nrf24l01.o
        76          0          0          0          0       1662   spilib.o
        36          8        236          0       1024        756   startup_stm32f103xb.o
       120         16          0          4          0       3630   stm32f1xx_hal.o
       226         14          0          0          0      26802   stm32f1xx_hal_cortex.o
       478         42          0          0          0       3711   stm32f1xx_hal_gpio.o
       224         24          0          0          0       1572   stm32f1xx_hal_msp.o
      1830          0          0          0          0       9613   stm32f1xx_hal_pcd.o
        52          0          0          0          0       1270   stm32f1xx_hal_pcd_ex.o
      1946         70          0          0          0       4762   stm32f1xx_hal_rcc.o
       300         12          0          0          0       1420   stm32f1xx_hal_rcc_ex.o
       848          0          0          0          0       3026   stm32f1xx_hal_spi.o
       136          4          0          1          0       1442   stm32f1xx_hal_spi_ex.o
        46          6          0          0          0       3747   stm32f1xx_it.o
      1654          0          0          0          0      12439   stm32f1xx_ll_usb.o
        72         16         16          4          0     435883   system_stm32f1xx.o
        68          0          0          0         32       4407   usb.o
        56         18          0          0        548        672   usb_device.o
       592         28          0          0       1112      12457   usbd_conf.o
       592          0          0          0          0      13460   usbd_core.o
      1004         30          0          1          0      12188   usbd_ctlreq.o
        64         14          0         50          0       4116   usbd_custom_hid_if.o
       474         22          0        150          0       9307   usbd_customhid.o
       208        112          0         50        512       5343   usbd_desc.o
       132          0          0          0          0       4352   usbd_ioreq.o

    ----------------------------------------------------------------------
     13752        554        284        296       3684    1440334   Object Totals
         0          0         32          0          0          0   (incl. Generated)
        30          0          0         12          0          0   (incl. Padding)

    ----------------------------------------------------------------------

      Code (inc. data)   RO Data    RW Data    ZI Data      Debug   Library Member Name

        86          0          0          0          0          0   __dczerorl2.o
         0          0          0          0          0          0   entry.o
         0          0          0          0          0          0   entry10a.o
         0          0          0          0          0          0   entry11a.o
         8          4          0          0          0          0   entry2.o
         4          0          0          0          0          0   entry5.o
         0          0          0          0          0          0   entry7b.o
         0          0          0          0          0          0   entry8b.o
         8          4          0          0          0          0   entry9a.o
        30          0          0          0          0          0   handlers.o
        36          8          0          0          0         68   init.o
         0          0          0          0          0          0   iusefp.o
        30          0          0          0          0         68   llshl.o
        32          0          0          0          0         68   llushr.o
        36          0          0          0          0         68   memcpya.o
        36          0          0          0          0        108   memseta.o
        36         10          0          4          0        136   rand.o
        98          0          0          0          0         92   uldiv.o
       124          0          0          0          0         88   fdiv.o
       110          0          0          0          0        168   fepilogue.o
        40          0          0          0          0         68   ffixui.o

    ----------------------------------------------------------------------
       716         26          0          4          0        932   Library Totals
         2          0          0          0          0          0   (incl. Padding)

    ----------------------------------------------------------------------

      Code (inc. data)   RO Data    RW Data    ZI Data      Debug   Library Name

       440         26          0          4          0        608   mc_w.l
       274          0          0          0          0        324   mf_w.l

    ----------------------------------------------------------------------
       716         26          0          4          0        932   Library Totals

    ----------------------------------------------------------------------

==============================================================================


      Code (inc. data)   RO Data    RW Data    ZI Data      Debug   

     14468        580        284        300       3684    1432346   Grand Totals
     14468        580        284        180       3684    1432346   ELF Image Totals (compressed)
     14468        580        284        180          0          0   ROM Totals

==============================================================================

    Total RO  Size (Code + RO Data)                14752 (  14.41kB)
    Total RW  Size (RW Data + ZI Data)              3984 (   3.89kB)
    Total ROM Size (Code + RO Data + RW Data)      14932 (  14.58kB)

==============================================================================

