Component: ARM Compiler 5.06 update 2 (build 183) Tool: armlink [4d35b7]

==============================================================================

Section Cross References

    system_stm32f1xx_1.o(i.SystemCoreClockUpdate) refers to system_stm32f1xx_1.o(.data) for .data
    system_stm32f1xx_1.o(i.SystemCoreClockUpdate) refers to system_stm32f1xx_1.o(.constdata) for .constdata
    system_stm32f1xx_1.o(.ARM.exidx) refers to system_stm32f1xx_1.o(i.SystemInit) for i.SystemInit
    system_stm32f1xx_1.o(.ARM.exidx) refers to system_stm32f1xx_1.o(i.SystemCoreClockUpdate) for i.SystemCoreClockUpdate
    startup_stm32f103xb.o(RESET) refers to startup_stm32f103xb.o(STACK) for __initial_sp
    startup_stm32f103xb.o(RESET) refers to startup_stm32f103xb.o(.text) for Reset_Handler
    startup_stm32f103xb.o(RESET) refers to stm32f1xx_it.o(i.NMI_Handler) for NMI_Handler
    startup_stm32f103xb.o(RESET) refers to stm32f1xx_it.o(i.HardFault_Handler) for HardFault_Handler
    startup_stm32f103xb.o(RESET) refers to stm32f1xx_it.o(i.MemManage_Handler) for MemManage_Handler
    startup_stm32f103xb.o(RESET) refers to stm32f1xx_it.o(i.BusFault_Handler) for BusFault_Handler
    startup_stm32f103xb.o(RESET) refers to stm32f1xx_it.o(i.UsageFault_Handler) for UsageFault_Handler
    startup_stm32f103xb.o(RESET) refers to stm32f1xx_it.o(i.DebugMon_Handler) for DebugMon_Handler
    startup_stm32f103xb.o(RESET) refers to stm32f1xx_it.o(i.SysTick_Handler) for SysTick_Handler
    startup_stm32f103xb.o(RESET) refers to stm32f1xx_it.o(i.USB_LP_CAN1_RX0_IRQHandler) for USB_LP_CAN1_RX0_IRQHandler
    startup_stm32f103xb.o(.text) refers to system_stm32f1xx_1.o(i.SystemInit) for SystemInit
    startup_stm32f103xb.o(.text) refers to entry.o(.ARM.Collect$$$$00000000) for __main
    usb_device.o(i.MX_USB_DEVICE_Init) refers to usbd_core.o(i.USBD_Init) for USBD_Init
    usb_device.o(i.MX_USB_DEVICE_Init) refers to usbd_core.o(i.USBD_RegisterClass) for USBD_RegisterClass
    usb_device.o(i.MX_USB_DEVICE_Init) refers to usbd_customhid.o(i.USBD_CUSTOM_HID_RegisterInterface) for USBD_CUSTOM_HID_RegisterInterface
    usb_device.o(i.MX_USB_DEVICE_Init) refers to usbd_core.o(i.USBD_Start) for USBD_Start
    usb_device.o(i.MX_USB_DEVICE_Init) refers to usbd_desc.o(.data) for FS_Desc
    usb_device.o(i.MX_USB_DEVICE_Init) refers to usb_device.o(.bss) for .bss
    usb_device.o(i.MX_USB_DEVICE_Init) refers to usbd_customhid.o(.data) for USBD_CUSTOM_HID
    usb_device.o(i.MX_USB_DEVICE_Init) refers to usbd_custom_hid_if.o(.data) for USBD_CustomHID_fops_FS
    usb_device.o(.ARM.exidx) refers to usb_device.o(i.MX_USB_DEVICE_Init) for i.MX_USB_DEVICE_Init
    stm32f1xx_it.o(i.SysTick_Handler) refers to stm32f1xx_hal.o(i.HAL_IncTick) for HAL_IncTick
    stm32f1xx_it.o(i.SysTick_Handler) refers to stm32f1xx_hal_cortex.o(i.HAL_SYSTICK_IRQHandler) for HAL_SYSTICK_IRQHandler
    stm32f1xx_it.o(i.USB_LP_CAN1_RX0_IRQHandler) refers to stm32f1xx_hal_pcd.o(i.HAL_PCD_IRQHandler) for HAL_PCD_IRQHandler
    stm32f1xx_it.o(i.USB_LP_CAN1_RX0_IRQHandler) refers to usbd_conf.o(.bss) for hpcd_USB_FS
    stm32f1xx_it.o(.ARM.exidx) refers to stm32f1xx_it.o(i.NMI_Handler) for i.NMI_Handler
    stm32f1xx_it.o(.ARM.exidx) refers to stm32f1xx_it.o(i.HardFault_Handler) for i.HardFault_Handler
    stm32f1xx_it.o(.ARM.exidx) refers to stm32f1xx_it.o(i.MemManage_Handler) for i.MemManage_Handler
    stm32f1xx_it.o(.ARM.exidx) refers to stm32f1xx_it.o(i.BusFault_Handler) for i.BusFault_Handler
    stm32f1xx_it.o(.ARM.exidx) refers to stm32f1xx_it.o(i.UsageFault_Handler) for i.UsageFault_Handler
    stm32f1xx_it.o(.ARM.exidx) refers to stm32f1xx_it.o(i.DebugMon_Handler) for i.DebugMon_Handler
    stm32f1xx_it.o(.ARM.exidx) refers to stm32f1xx_it.o(i.SysTick_Handler) for i.SysTick_Handler
    stm32f1xx_it.o(.ARM.exidx) refers to stm32f1xx_it.o(i.USB_LP_CAN1_RX0_IRQHandler) for i.USB_LP_CAN1_RX0_IRQHandler
    stm32f1xx_hal_msp.o(i.HAL_I2C_MspDeInit) refers to stm32f1xx_hal_gpio.o(i.HAL_GPIO_DeInit) for HAL_GPIO_DeInit
    stm32f1xx_hal_msp.o(i.HAL_I2C_MspInit) refers to stm32f1xx_hal_gpio.o(i.HAL_GPIO_Init) for HAL_GPIO_Init
    stm32f1xx_hal_msp.o(i.HAL_MspInit) refers to stm32f1xx_hal_cortex.o(i.HAL_NVIC_SetPriorityGrouping) for HAL_NVIC_SetPriorityGrouping
    stm32f1xx_hal_msp.o(i.HAL_MspInit) refers to stm32f1xx_hal_cortex.o(i.HAL_NVIC_SetPriority) for HAL_NVIC_SetPriority
    stm32f1xx_hal_msp.o(i.HAL_SPI_MspDeInit) refers to stm32f1xx_hal_gpio.o(i.HAL_GPIO_DeInit) for HAL_GPIO_DeInit
    stm32f1xx_hal_msp.o(i.HAL_SPI_MspInit) refers to stm32f1xx_hal_gpio.o(i.HAL_GPIO_Init) for HAL_GPIO_Init
    stm32f1xx_hal_msp.o(.ARM.exidx) refers to stm32f1xx_hal_msp.o(i.HAL_MspInit) for i.HAL_MspInit
    stm32f1xx_hal_msp.o(.ARM.exidx) refers to stm32f1xx_hal_msp.o(i.HAL_I2C_MspInit) for i.HAL_I2C_MspInit
    stm32f1xx_hal_msp.o(.ARM.exidx) refers to stm32f1xx_hal_msp.o(i.HAL_I2C_MspDeInit) for i.HAL_I2C_MspDeInit
[...]
    i._Z13spi_write_bufR10SPICommand         0x08003f7c   Section        0  spi.o(i._Z13spi_write_bufR10SPICommand)
    i._Z14USBD_SetConfigP19_USBD_HandleTypeDefP13usb_setup_req 0x08003fd8   Section        0  usbd_ctlreq.o(i._Z14USBD_SetConfigP19_USBD_HandleTypeDefP13usb_setup_req)
    USBD_SetConfig(_USBD_HandleTypeDef*, usb_setup_req*) 0x08003fd9   Thumb Code   110  usbd_ctlreq.o(i._Z14USBD_SetConfigP19_USBD_HandleTypeDefP13usb_setup_req)
    i._Z14getHMC5883Lresv                    0x0800404c   Section        0  hmc5883l.o(i._Z14getHMC5883Lresv)
    i._Z14getL3G4200Dresv                    0x08004054   Section        0  l3g4200d.o(i._Z14getL3G4200Dresv)
    i._Z15getBMX055resMagv                   0x08004090   Section        0  bmx055.o(i._Z15getBMX055resMagv)
    i._Z15readADXL345DataPs                  0x08004098   Section        0  adxl345.o(i._Z15readADXL345DataPs)
    i._Z15readITG3200DataPs                  0x080040dc   Section        0  itg3200.o(i._Z15readITG3200DataPs)
    i._Z16NVIC_SetPriority9IRQn_Typej        0x08004108   Section        0  stm32f1xx_hal_cortex.o(i._Z16NVIC_SetPriority9IRQn_Typej)
    NVIC_SetPriority(IRQn_Type, unsigned)    0x08004109   Thumb Code    32  stm32f1xx_hal_cortex.o(i._Z16NVIC_SetPriority9IRQn_Typej)
    i._Z16getBMX055resGyrov                  0x08004128   Section        0  bmx055.o(i._Z16getBMX055resGyrov)
    i._Z16i2c_readRegisterhhPh               0x0800416c   Section        0  i2c.o(i._Z16i2c_readRegisterhhPh)
    i._Z16readHMC5883LDataPs                 0x08004172   Section        0  hmc5883l.o(i._Z16readHMC5883LDataPs)
    i._Z16readL3G4200DDataPs                 0x080041b6   Section        0  l3g4200d.o(i._Z16readL3G4200DDataPs)
    i._Z17SE8R01_ReadStatusv                 0x08004204   Section        0  se8r01.o(i._Z17SE8R01_ReadStatusv)
    i._Z17SE8R01_SwitchBankh                 0x0800422c   Section        0  se8r01.o(i._Z17SE8R01_SwitchBankh)
    i._Z17getBMX055resAccelv                 0x08004270   Section        0  bmx055.o(i._Z17getBMX055resAccelv)
    i._Z17i2c_isDeviceReadyh                 0x080042a4   Section        0  i2c.o(i._Z17i2c_isDeviceReadyh)
    i._Z17readBMX055DataMagPs                0x080042d4   Section        0  bmx055.o(i._Z17readBMX055DataMagPs)
    i._Z18CUSTOM_HID_Init_FSv                0x0800436c   Section        0  usbd_custom_hid_if.o(i._Z18CUSTOM_HID_Init_FSv)
    CUSTOM_HID_Init_FS()                     0x0800436d   Thumb Code     4  usbd_custom_hid_if.o(i._Z18CUSTOM_HID_Init_FSv)
    i._Z18PCD_EP_ISR_HandlerP17PCD_HandleTypeDef 0x08004370   Section        0  stm32f1xx_hal_pcd.o(i._Z18PCD_EP_ISR_HandlerP17PCD_HandleTypeDef)
    PCD_EP_ISR_Handler(PCD_HandleTypeDef*)   0x08004371   Thumb Code   866  stm32f1xx_hal_pcd.o(i._Z18PCD_EP_ISR_HandlerP17PCD_HandleTypeDef)
    i._Z18SE8R01_ReadPayloadPh               0x080046d4   Section        0  se8r01.o(i._Z18SE8R01_ReadPayloadPh)
    i._Z18SystemClock_Configv                0x080046f4   Section        0  main.o(i._Z18SystemClock_Configv)
    i._Z18USBD_GetDescriptorP19_USBD_HandleTypeDefP13usb_setup_req 0x08004766   Section        0  usbd_ctlreq.o(i._Z18USBD_GetDescriptorP19_USBD_HandleTypeDefP13usb_setup_req)
    USBD_GetDescriptor(_USBD_HandleTypeDef*, usb_setup_req*) 0x08004767   Thumb Code   242  usbd_ctlreq.o(i._Z18USBD_GetDescriptorP19_USBD_HandleTypeDefP13usb_setup_req)
    i._Z18readBMX055DataGyroPs               0x08004858   Section        0  bmx055.o(i._Z18readBMX055DataGyroPs)
    i._Z19SE8R01_FlushBuffersv               0x08004880   Section        0  se8r01.o(i._Z19SE8R01_FlushBuffersv)
    i._Z19SE8R01_WritePayloadPhb             0x080048b4   Section        0  se8r01.o(i._Z19SE8R01_WritePayloadPhb)
    i._Z19readBMX055DataAccelPs              0x080048d8   Section        0  bmx055.o(i._Z19readBMX055DataAccelPs)
    i._Z20CUSTOM_HID_DeInit_FSv              0x08004918   Section        0  usbd_custom_hid_if.o(i._Z20CUSTOM_HID_DeInit_FSv)
    CUSTOM_HID_DeInit_FS()                   0x08004919   Thumb Code     4  usbd_custom_hid_if.o(i._Z20CUSTOM_HID_DeInit_FSv)
    i._Z20USBD_CUSTOM_HID_InitP19_USBD_HandleTypeDefh 0x0800491c   Section        0  usbd_customhid.o(i._Z20USBD_CUSTOM_HID_InitP19_USBD_HandleTypeDefh)
    USBD_CUSTOM_HID_Init(_USBD_HandleTypeDef*, unsigned char) 0x0800491d   Thumb Code    76  usbd_customhid.o(i._Z20USBD_CUSTOM_HID_InitP19_USBD_HandleTypeDefh)
    i._Z21I2C_RequestMemoryReadP17I2C_HandleTypeDeftttj 0x08004968   Section        0  stm32f1xx_hal_i2c.o(i._Z21I2C_RequestMemoryReadP17I2C_HandleTypeDeftttj)
    I2C_RequestMemoryRead(I2C_HandleTypeDef*, unsigned short, unsigned short, unsigned short, unsigned) 0x08004969   Thumb Code   226  stm32f1xx_hal_i2c.o(i._Z21I2C_RequestMemoryReadP17I2C_HandleTypeDeftttj)
    i._Z21USBD_CUSTOM_HID_SetupP19_USBD_HandleTypeDefP13usb_setup_req 0x08004a4c   Section        0  usbd_customhid.o(i._Z21USBD_CUSTOM_HID_SetupP19_USBD_HandleTypeDefP13usb_setup_req)
    USBD_CUSTOM_HID_Setup(_USBD_HandleTypeDef*, usb_setup_req*) 0x08004a4d   Thumb Code   180  usbd_customhid.o(i._Z21USBD_CUSTOM_HID_SetupP19_USBD_HandleTypeDefP13usb_setup_req)
    i._Z21i2c_writeRegisterBytehhh           0x08004b04   Section        0  i2c.o(i._Z21i2c_writeRegisterBytehhh)
    i._Z22CUSTOM_HID_OutEvent_FShh           0x08004b30   Section        0  usbd_custom_hid_if.o(i._Z22CUSTOM_HID_OutEvent_FShh)
    CUSTOM_HID_OutEvent_FS(unsigned char, unsigned char) 0x08004b31   Thumb Code    26  usbd_custom_hid_if.o(i._Z22CUSTOM_HID_OutEvent_FShh)
    i._Z22I2C_RequestMemoryWriteP17I2C_HandleTypeDeftttj 0x08004b54   Section        0  stm32f1xx_hal_i2c.o(i._Z22I2C_RequestMemoryWriteP17I2C_HandleTypeDeftttj)
    I2C_RequestMemoryWrite(I2C_HandleTypeDef*, unsigned short, unsigned short, unsigned short, unsigned) 0x08004b55   Thumb Code   146  stm32f1xx_hal_i2c.o(i._Z22I2C_RequestMemoryWriteP17I2C_HandleTypeDeftttj)
    i._Z22SE8R01_ClearInterruptsv            0x08004bec   Section        0  se8r01.o(i._Z22SE8R01_ClearInterruptsv)
    i._Z22USBD_CUSTOM_HID_DataInP19_USBD_HandleTypeDefh 0x08004c10   Section        0  usbd_customhid.o(i._Z22USBD_CUSTOM_HID_DataInP19_USBD_HandleTypeDefh)
    USBD_CUSTOM_HID_DataIn(_USBD_HandleTypeDef*, unsigned char) 0x08004c11   Thumb Code    14  usbd_customhid.o(i._Z22USBD_CUSTOM_HID_DataInP19_USBD_HandleTypeDefh)
    i._Z22USBD_CUSTOM_HID_DeInitP19_USBD_HandleTypeDefh 0x08004c1e   Section        0  usbd_customhid.o(i._Z22USBD_CUSTOM_HID_DeInitP19_USBD_HandleTypeDefh)
    USBD_CUSTOM_HID_DeInit(_USBD_HandleTypeDef*, unsigned char) 0x08004c1f   Thumb Code    50  usbd_customhid.o(i._Z22USBD_CUSTOM_HID_DeInitP19_USBD_HandleTypeDefh)
    i._Z23I2C_IsAcknowledgeFailedP17I2C_HandleTypeDef 0x08004c50   Section        0  stm32f1xx_hal_i2c.o(i._Z23I2C_IsAcknowledgeFailedP17I2C_HandleTypeDef)
    I2C_IsAcknowledgeFailed(I2C_HandleTypeDef*) 0x08004c51   Thumb Code    42  stm32f1xx_hal_i2c.o(i._Z23I2C_IsAcknowledgeFailedP17I2C_HandleTypeDef)
    i._Z23USBD_CUSTOM_HID_DataOutP19_USBD_HandleTypeDefh 0x08004c7a   Section        0  usbd_customhid.o(i._Z23USBD_CUSTOM_HID_DataOutP19_USBD_HandleTypeDefh)
    USBD_CUSTOM_HID_DataOut(_USBD_HandleTypeDef*, unsigned char) 0x08004c7b   Thumb Code    36  usbd_customhid.o(i._Z23USBD_CUSTOM_HID_DataOutP19_USBD_HandleTypeDefh)
    i._Z24USBD_FS_DeviceDescriptor17USBD_SpeedTypeDefPt 0x08004ca0   Section        0  usbd_desc.o(i._Z24USBD_FS_DeviceDescriptor17USBD_SpeedTypeDefPt)
    i._Z26I2C_WaitOnFlagUntilTimeoutP17I2C_HandleTypeDefj10FlagStatusj 0x08004cac   Section        0  stm32f1xx_hal_i2c.o(i._Z26I2C_WaitOnFlagUntilTimeoutP17I2C_HandleTypeDefj10FlagStatusj)
    I2C_WaitOnFlagUntilTimeout(I2C_HandleTypeDef*, unsigned, FlagStatus, unsigned) 0x08004cad   Thumb Code   138  stm32f1xx_hal_i2c.o(i._Z26I2C_WaitOnFlagUntilTimeoutP17I2C_HandleTypeDefj10FlagStatusj)
    i._Z26SPI_WaitOnFlagUntilTimeoutP19__SPI_HandleTypeDefj10FlagStatusj 0x08004d36   Section        0  stm32f1xx_hal_spi.o(i._Z26SPI_WaitOnFlagUntilTimeoutP19__SPI_HandleTypeDefj10FlagStatusj)
    SPI_WaitOnFlagUntilTimeout(__SPI_HandleTypeDef*, unsigned, FlagStatus, unsigned) 0x08004d37   Thumb Code   158  stm32f1xx_hal_spi.o(i._Z26SPI_WaitOnFlagUntilTimeoutP19__SPI_HandleTypeDefj10FlagStatusj)
    i._Z26USBD_CUSTOM_HID_GetCfgDescPt       0x08004dd4   Section        0  usbd_customhid.o(i._Z26USBD_CUSTOM_HID_GetCfgDescPt)
    USBD_CUSTOM_HID_GetCfgDesc(unsigned short*) 0x08004dd5   Thumb Code     8  usbd_customhid.o(i._Z26USBD_CUSTOM_HID_GetCfgDescPt)
    i._Z27USBD_CUSTOM_HID_EP0_RxReadyP19_USBD_HandleTypeDef 0x08004de0   Section        0  usbd_customhid.o(i._Z27USBD_CUSTOM_HID_EP0_RxReadyP19_USBD_HandleTypeDef)
    USBD_CUSTOM_HID_EP0_RxReady(_USBD_HandleTypeDef*) 0x08004de1   Thumb Code    34  usbd_customhid.o(i._Z27USBD_CUSTOM_HID_EP0_RxReadyP19_USBD_HandleTypeDef)
    i._Z27USBD_FS_ConfigStrDescriptor17USBD_SpeedTypeDefPt 0x08004e04   Section        0  usbd_desc.o(i._Z27USBD_FS_ConfigStrDescriptor17USBD_SpeedTypeDefPt)
    i._Z27USBD_FS_LangIDStrDescriptor17USBD_SpeedTypeDefPt 0x08004e30   Section        0  usbd_desc.o(i._Z27USBD_FS_LangIDStrDescriptor17USBD_SpeedTypeDefPt)
    i._Z27USBD_FS_SerialStrDescriptor17USBD_SpeedTypeDefPt 0x08004e3c   Section        0  usbd_desc.o(i._Z27USBD_FS_SerialStrDescriptor17USBD_SpeedTypeDefPt)
    i._Z28USBD_FS_ProductStrDescriptor17USBD_SpeedTypeDefPt 0x08004e5c   Section        0  usbd_desc.o(i._Z28USBD_FS_ProductStrDescriptor17USBD_SpeedTypeDefPt)
    i._Z29I2C_WaitOnTXEFlagUntilTimeoutP17I2C_HandleTypeDefj 0x08004e7c   Section        0  stm32f1xx_hal_i2c.o(i._Z29I2C_WaitOnTXEFlagUntilTimeoutP17I2C_HandleTypeDefj)
    I2C_WaitOnTXEFlagUntilTimeout(I2C_HandleTypeDef*, unsigned) 0x08004e7d   Thumb Code    80  stm32f1xx_hal_i2c.o(i._Z29I2C_WaitOnTXEFlagUntilTimeoutP17I2C_HandleTypeDefj)
    i._Z30I2C_WaitOnRXNEFlagUntilTimeoutP17I2C_HandleTypeDefj 0x08004ecc   Section        0  stm32f1xx_hal_i2c.o(i._Z30I2C_WaitOnRXNEFlagUntilTimeoutP17I2C_HandleTypeDefj)
    I2C_WaitOnRXNEFlagUntilTimeout(I2C_HandleTypeDef*, unsigned) 0x08004ecd   Thumb Code   102  stm32f1xx_hal_i2c.o(i._Z30I2C_WaitOnRXNEFlagUntilTimeoutP17I2C_HandleTypeDefj)
    i._Z30USBD_FS_InterfaceStrDescriptor17USBD_SpeedTypeDefPt 0x08004f34   Section        0  usbd_desc.o(i._Z30USBD_FS_InterfaceStrDescriptor17USBD_SpeedTypeDefPt)
    i._Z33USBD_FS_ManufacturerStrDescriptor17USBD_SpeedTypeDefPt 0x08004f64   Section        0  usbd_desc.o(i._Z33USBD_FS_ManufacturerStrDescriptor17USBD_SpeedTypeDefPt)
    i._Z38USBD_CUSTOM_HID_GetDeviceQualifierDescPt 0x08004f80   Section        0  usbd_customhid.o(i._Z38USBD_CUSTOM_HID_GetDeviceQualifierDescPt)
    USBD_CUSTOM_HID_GetDeviceQualifierDesc(unsigned short*) 0x08004f81   Thumb Code     8  usbd_customhid.o(i._Z38USBD_CUSTOM_HID_GetDeviceQualifierDescPt)
    i._Z39I2C_WaitOnMasterAddressFlagUntilTimeoutP17I2C_HandleTypeDefjj 0x08004f8c   Section        0  stm32f1xx_hal_i2c.o(i._Z39I2C_WaitOnMasterAddressFlagUntilTimeoutP17I2C_HandleTypeDefjj)
    I2C_WaitOnMasterAddressFlagUntilTimeout(I2C_HandleTypeDef*, unsigned, unsigned) 0x08004f8d   Thumb Code   136  stm32f1xx_hal_i2c.o(i._Z39I2C_WaitOnMasterAddressFlagUntilTimeoutP17I2C_HandleTypeDefjj)
    i._Z5Blinki                              0x08005014   Section        0  led.o(i._Z5Blinki)
    i._Z5LedOnv                              0x08005038   Section        0  led.o(i._Z5LedOnv)
    i._Z6LedOffv                             0x08005048   Section        0  led.o(i._Z6LedOffv)
    i._Z6spi_rwR10SPICommand                 0x08005058   Section        0  spi.o(i._Z6spi_rwR10SPICommand)
    i._Z7getAresv                            0x08005084   Section        0  main.o(i._Z7getAresv)
    i._Z7getGresv                            0x080050a4   Section        0  main.o(i._Z7getGresv)
    i._Z7getMresv                            0x080050d0   Section        0  main.o(i._Z7getMresv)
    i._Z9LedTogglev                          0x080050f0   Section        0  led.o(i._Z9LedTogglev)
    i._ZN10QuaternionC1ERKS_                 0x08005100   Section        0  quaternion.o(i._ZN10QuaternionC1ERKS_)
    i._ZN10QuaternionC1Ev                    0x08005112   Section        0  quaternion.o(i._ZN10QuaternionC1Ev)
    i._ZN10QuaternionD1Ev                    0x08005122   Section        0  quaternion.o(i._ZN10QuaternionD1Ev)
    i._ZN10QuaternionaSERKS_                 0x08005124   Section        0  quaternion.o(i._ZN10QuaternionaSERKS_)
    i._ZN13CSensorFusion24MadgwickQuaternionUpdateEffffffffff 0x08005138   Section        0  sensorfusion.o(i._ZN13CSensorFusion24MadgwickQuaternionUpdateEffffffffff)
    i._ZN13CSensorFusion4FuseEP10SensorData  0x08005d68   Section        0  sensorfusion.o(i._ZN13CSensorFusion4FuseEP10SensorData)
    i._ZN13CSensorFusion5ValueEv             0x08005e80   Section        0  sensorfusion.o(i._ZN13CSensorFusion5ValueEv)
    i._ZN13CSensorFusionC1Efff               0x08005ea2   Section        0  sensorfusion.o(i._ZN13CSensorFusionC1Efff)
    i._ZSt4sqrtf                             0x08005ede   Section        0  sensorfusion.o(i._ZSt4sqrtf)
    i.__scatterload_copy                     0x08005ee2   Section       14  handlers.o(i.__scatterload_copy)
    i.__scatterload_null                     0x08005ef0   Section        2  handlers.o(i.__scatterload_null)
    i.__scatterload_zeroinit                 0x08005ef2   Section       14  handlers.o(i.__scatterload_zeroinit)
    i.__set_errno                            0x08005f00   Section        0  errno.o(i.__set_errno)
    i.main                                   0x08005f0c   Section        0  main.o(i.main)
    i.sqrtf                                  0x080060e4   Section        0  sqrtf.o(i.sqrtf)
    .constdata                               0x08006110   Section       16  system_stm32f1xx_1.o(.constdata)
    .constdata                               0x08006120   Section        8  system_stm32f1xx_1.o(.constdata)
    .data                                    0x20000000   Section        4  system_stm32f1xx_1.o(.data)
    .data                                    0x20000004   Section       34  main.o(.data)
    .data                                    0x20000028   Section       28  usbd_desc.o(.data)
    .data                                    0x20000044   Section       22  usbd_desc.o(.data)
    .data                                    0x2000005c   Section       34  usbd_custom_hid_if.o(.data)
    CUSTOM_HID_ReportDesc_FS                 0x2000005c   Data          34  usbd_custom_hid_if.o(.data)
    .data                                    0x20000080   Section       16  usbd_custom_hid_if.o(.data)
    .data                                    0x20000090   Section        4  led.o(.data)
    .data                                    0x20000094   Section        2  adxl345.o(.data)
    .data                                    0x20000096   Section        2  l3g4200d.o(.data)
    .data                                    0x20000098   Section        1  hmc5883l.o(.data)
    .data                                    0x2000009a   Section       22  bmx055.o(.data)
    .data                                    0x200000b0   Section       11  se8r01.o(.data)
    .data                                    0x200000bc   Section        4  stm32f1xx_hal.o(.data)
    uwTick                                   0x200000bc   Data           4  stm32f1xx_hal.o(.data)
    .data                                    0x200000c0   Section        1  stm32f1xx_hal_spi_ex.o(.data)
    .data                                    0x200000c4   Section       60  usbd_customhid.o(.data)
    .data                                    0x20000100   Section       90  usbd_customhid.o(.data)
    USBD_CUSTOM_HID_CfgDesc                  0x20000100   Data          41  usbd_customhid.o(.data)
    USBD_CUSTOM_HID_Desc                     0x2000012c   Data          34  usbd_customhid.o(.data)
    USBD_CUSTOM_HID_DeviceQualifierDesc      0x20000150   Data          10  usbd_customhid.o(.data)
    .data                                    0x2000015a   Section        1  usbd_ctlreq.o(.data)
    cfgidx                                   0x2000015a   Data           1  usbd_ctlreq.o(.data)
    .data                                    0x2000015c   Section        4  errno.o(.data)
    _errno                                   0x2000015c   Data           4  errno.o(.data)
    .bss                                     0x20000160   Section      548  usb_device.o(.bss)
    .bss                                     0x20000384   Section      236  main.o(.bss)
    .bss                                     0x20000470   Section      512  usbd_desc.o(.bss)
    .bss                                     0x20000670   Section     1112  usbd_conf.o(.bss)
    mem                                      0x20000670   Data          56  usbd_conf.o(.bss)
    .bss                                     0x20000ac8   Section       32  usb.o(.bss)
    .bss                                     0x20000ae8   Section       24  se8r01.o(.bss)
    .bss                                     0x20000b00   Section      128  spi.o(.bss)
    STACK                                    0x20000b80   Section     1024  startup_stm32f103xb.o(STACK)

    Global Symbols

    Symbol Name                              Value     Ov Type        Size  Object(Section)

    BuildAttributes$$THM_ISAv4$P$D$K$B$S$PE$A:L22UL41UL21$X:L11$S22US41US21$IEEE1$IW$USESV6$~STKCKD$USESV7$~SHL$OTIME$ROPI$IEEEX$EBA8$MICROLIB$REQ8$PRES8$EABIv2 0x00000000   Number         0  anon$$obj.o ABSOLUTE
    __ARM_use_no_argv                        0x00000000   Number         0  main.o ABSOLUTE
    __cpp_initialize__aeabi_                  - Undefined Weak Reference
    __cxa_finalize                            - Undefined Weak Reference
    _clock_init                               - Undefined Weak Reference
    _microlib_exit                            - Undefined Weak Reference
    __Vectors_Size                           0x000000ec   Number         0  startup_stm32f103xb.o ABSOLUTE
    __Vectors                                0x08000000   Data           4  startup_stm32f103xb.o(RESET)
    __Vectors_End                            0x080000ec   Data           0  startup_stm32f103xb.o(RESET)
    __main                                   0x080000ed   Thumb Code     0  entry.o(.ARM.Collect$$$$00000000)
    _main_stk                                0x080000ed   Thumb Code     0  entry2.o(.ARM.Collect$$$$00000001)
    _main_scatterload                        0x080000f1   Thumb Code     0  entry5.o(.ARM.Collect$$$$00000004)
    __main_after_scatterload                 0x080000f5   Thumb Code     0  entry5.o(.ARM.Collect$$$$00000004)
    _main_clock                              0x080000f5   Thumb Code     0  entry7b.o(.ARM.Collect$$$$00000008)
    _main_cpp_init                           0x080000f5   Thumb Code     0  entry8b.o(.ARM.Collect$$$$0000000A)
    _main_init                               0x080000f5   Thumb Code     0  entry9a.o(.ARM.Collect$$$$0000000B)
    __rt_final_cpp                           0x080000fd   Thumb Code     0  entry10a.o(.ARM.Collect$$$$0000000D)
    __rt_final_exit                          0x080000fd   Thumb Code     0  entry11a.o(.ARM.Collect$$$$0000000F)
    Reset_Handler                            0x08000101   Thumb Code     8  startup_stm32f103xb.o(.text)
    SVC_Handler                              0x08000113   Thumb Code     2  startup_stm32f103xb.o(.text)
    PendSV_Handler                           0x08000117   Thumb Code     2  startup_stm32f103xb.o(.text)
    ADC1_2_IRQHandler                        0x0800011b   Thumb Code     0  startup_stm32f103xb.o(.text)
    CAN1_RX1_IRQHandler                      0x0800011b   Thumb Code     0  startup_stm32f103xb.o(.text)
    CAN1_SCE_IRQHandler                      0x0800011b   Thumb Code     0  startup_stm32f103xb.o(.text)
    DMA1_Channel1_IRQHandler                 0x0800011b   Thumb Code     0  startup_stm32f103xb.o(.text)
    DMA1_Channel2_IRQHandler                 0x0800011b   Thumb Code     0  startup_stm32f103xb.o(.text)
    DMA1_Channel3_IRQHandler                 0x0800011b   Thumb Code     0  startup_stm32f103xb.o(.text)
    DMA1_Channel4_IRQHandler                 0x0800011b   Thumb Code     0  startup_stm32f103xb.o(.text)
    DMA1_Channel5_IRQHandler                 0x0800011b   Thumb Code     0  startup_stm32f103xb.o(.text)
    DMA1_Channel6_IRQHandler                 0x0800011b   Thumb Code     0  startup_stm32f103xb.o(.text)
    DMA1_Channel7_IRQHandler                 0x0800011b   Thumb Code     0  startup_stm32f103xb.o(.text)
    EXTI0_IRQHandler                         0x0800011b   Thumb Code     0  startup_stm32f103xb.o(.text)
    EXTI15_10_IRQHandler                     0x0800011b   Thumb Code     0  startup_stm32f103xb.o(.text)
    EXTI1_IRQHandler                         0x0800011b   Thumb Code     0  startup_stm32f103xb.o(.text)
    EXTI2_IRQHandler                         0x0800011b   Thumb Code     0  startup_stm32f103xb.o(.text)
    EXTI3_IRQHandler                         0x0800011b   Thumb Code     0  startup_stm32f103xb.o(.text)
    EXTI4_IRQHandler                         0x0800011b   Thumb Code     0  startup_stm32f103xb.o(.text)
    EXTI9_5_IRQHandler                       0x0800011b   Thumb Code     0  startup_stm32f103xb.o(.text)
    FLASH_IRQHandler                         0x0800011b   Thumb Code     0  startup_stm32f103xb.o(.text)
    I2C1_ER_IRQHandler                       0x0800011b   Thumb Code     0  startup_stm32f103xb.o(.text)
    I2C1_EV_IRQHandler                       0x0800011b   Thumb Code     0  startup_stm32f103xb.o(.text)
    I2C2_ER_IRQHandler                       0x0800011b   Thumb Code     0  startup_stm32f103xb.o(.text)
    I2C2_EV_IRQHandler                       0x0800011b   Thumb Code     0  startup_stm32f103xb.o(.text)
    PVD_IRQHandler                           0x0800011b   Thumb Code     0  startup_stm32f103xb.o(.text)
    RCC_IRQHandler                           0x0800011b   Thumb Code     0  startup_stm32f103xb.o(.text)
    RTC_Alarm_IRQHandler                     0x0800011b   Thumb Code     0  startup_stm32f103xb.o(.text)
    RTC_IRQHandler                           0x0800011b   Thumb Code     0  startup_stm32f103xb.o(.text)
    SPI1_IRQHandler                          0x0800011b   Thumb Code     0  startup_stm32f103xb.o(.text)
    SPI2_IRQHandler                          0x0800011b   Thumb Code     0  startup_stm32f103xb.o(.text)
    TAMPER_IRQHandler                        0x0800011b   Thumb Code     0  startup_stm32f103xb.o(.text)
    TIM1_BRK_IRQHandler                      0x0800011b   Thumb Code     0  startup_stm32f103xb.o(.text)
    TIM1_CC_IRQHandler                       0x0800011b   Thumb Code     0  startup_stm32f103xb.o(.text)
    TIM1_TRG_COM_IRQHandler                  0x0800011b   Thumb Code     0  startup_stm32f103xb.o(.text)
    TIM1_UP_IRQHandler                       0x0800011b   Thumb Code     0  startup_stm32f103xb.o(.text)
    TIM2_IRQHandler                          0x0800011b   Thumb Code     0  startup_stm32f103xb.o(.text)
    TIM3_IRQHandler                          0x0800011b   Thumb Code     0  startup_stm32f103xb.o(.text)
    TIM4_IRQHandler                          0x0800011b   Thumb Code     0  startup_stm32f103xb.o(.text)
    USART1_IRQHandler                        0x0800011b   Thumb Code     0  startup_stm32f103xb.o(.text)
    USART2_IRQHandler                        0x0800011b   Thumb Code     0  startup_stm32f103xb.o(.text)
    USART3_IRQHandler                        0x0800011b   Thumb Code     0  startup_stm32f103xb.o(.text)
    USBWakeUp_IRQHandler                     0x0800011b   Thumb Code     0  startup_stm32f103xb.o(.text)
    USB_HP_CAN1_TX_IRQHandler                0x0800011b   Thumb Code     0  startup_stm32f103xb.o(.text)
    WWDG_IRQHandler                          0x0800011b   Thumb Code     0  startup_stm32f103xb.o(.text)
    __aeabi_uldivmod                         0x08000125   Thumb Code    98  uldiv.o(.text)
    __aeabi_llsr                             0x08000187   Thumb Code    32  llushr.o(.text)
    _ll_ushift_r                             0x08000187   Thumb Code     0  llushr.o(.text)
    __aeabi_memcpy                           0x080001a7   Thumb Code    36  memcpya.o(.text)
    __aeabi_memcpy4                          0x080001a7   Thumb Code     0  memcpya.o(.text)
    __aeabi_memcpy8                          0x080001a7   Thumb Code     0  memcpya.o(.text)
    __aeabi_fadd                             0x080001cb   Thumb Code   164  fadd.o(.text)
    __aeabi_fsub                             0x0800026f   Thumb Code     6  fadd.o(.text)
    __aeabi_frsub                            0x08000275   Thumb Code     6  fadd.o(.text)
    __aeabi_fmul                             0x0800027b   Thumb Code   100  fmul.o(.text)
    __aeabi_fdiv                             0x080002df   Thumb Code   124  fdiv.o(.text)
    __ARM_scalbnf                            0x0800035b   Thumb Code    24  fscalb.o(.text)
    scalbnf                                  0x0800035b   Thumb Code     0  fscalb.o(.text)
    __aeabi_dadd                             0x08000373   Thumb Code   322  dadd.o(.text)
    __aeabi_dsub                             0x080004b5   Thumb Code     6  dadd.o(.text)
    __aeabi_drsub                            0x080004bb   Thumb Code     6  dadd.o(.text)
    __aeabi_dmul                             0x080004c1   Thumb Code   228  dmul.o(.text)
    __aeabi_ddiv                             0x080005a5   Thumb Code   222  ddiv.o(.text)
    __ARM_scalbn                             0x08000683   Thumb Code    46  dscalb.o(.text)
    scalbn                                   0x08000683   Thumb Code     0  dscalb.o(.text)
    __aeabi_i2f                              0x080006b1   Thumb Code    18  fflti.o(.text)
    __aeabi_ul2f                             0x080006c3   Thumb Code    28  ffltul.o(.text)
    __aeabi_f2d                              0x080006df   Thumb Code    38  f2d.o(.text)
    __aeabi_d2f                              0x08000705   Thumb Code    56  d2f.o(.text)
    __aeabi_llsl                             0x0800073d   Thumb Code    30  llshl.o(.text)
    _ll_shift_l                              0x0800073d   Thumb Code     0  llshl.o(.text)
    __aeabi_lasr                             0x0800075b   Thumb Code    36  llsshr.o(.text)
    _ll_sshift_r                             0x0800075b   Thumb Code     0  llsshr.o(.text)
    __I$use$fp                               0x0800077f   Thumb Code     0  iusefp.o(.text)
    _float_round                             0x0800077f   Thumb Code    18  fepilogue.o(.text)
    _float_epilogue                          0x08000791   Thumb Code    92  fepilogue.o(.text)
    _fsqrt                                   0x080007ed   Thumb Code    94  fsqrt.o(.text)
    _double_round                            0x0800084b   Thumb Code    30  depilogue.o(.text)
    _double_epilogue                         0x08000869   Thumb Code   156  depilogue.o(.text)
    __scatterload                            0x08000905   Thumb Code    28  init.o(.text)
    __scatterload_rt2                        0x08000905   Thumb Code     0  init.o(.text)
    __decompress                             0x08000929   Thumb Code     0  __dczerorl2.o(.text)
    __decompress1                            0x08000929   Thumb Code    86  __dczerorl2.o(.text)
    BusFault_Handler                         0x0800097f   Thumb Code     2  stm32f1xx_it.o(i.BusFault_Handler)
    DebugMon_Handler                         0x08000981   Thumb Code     2  stm32f1xx_it.o(i.DebugMon_Handler)
    HAL_Delay                                0x08000983   Thumb Code    22  stm32f1xx_hal.o(i.HAL_Delay)
    HAL_GPIO_Init                            0x08000999   Thumb Code   408  stm32f1xx_hal_gpio.o(i.HAL_GPIO_Init)
    HAL_GPIO_ReadPin                         0x08000b55   Thumb Code    10  stm32f1xx_hal_gpio.o(i.HAL_GPIO_ReadPin)
    HAL_GPIO_TogglePin                       0x08000b5f   Thumb Code     8  stm32f1xx_hal_gpio.o(i.HAL_GPIO_TogglePin)
    HAL_GPIO_WritePin                        0x08000b67   Thumb Code    10  stm32f1xx_hal_gpio.o(i.HAL_GPIO_WritePin)
    HAL_GetTick                              0x08000b71   Thumb Code     6  stm32f1xx_hal.o(i.HAL_GetTick)
    HAL_I2C_Init                             0x08000b7d   Thumb Code   216  stm32f1xx_hal_i2c.o(i.HAL_I2C_Init)
    HAL_I2C_IsDeviceReady                    0x08000c5d   Thumb Code   320  stm32f1xx_hal_i2c.o(i.HAL_I2C_IsDeviceReady)
    HAL_I2C_Mem_Read                         0x08000da1   Thumb Code   462  stm32f1xx_hal_i2c.o(i.HAL_I2C_Mem_Read)
    HAL_I2C_Mem_Write                        0x08000f79   Thumb Code   242  stm32f1xx_hal_i2c.o(i.HAL_I2C_Mem_Write)
    HAL_I2C_MspInit                          0x08001071   Thumb Code    56  stm32f1xx_hal_msp.o(i.HAL_I2C_MspInit)
    HAL_IncTick                              0x080010b5   Thumb Code    10  stm32f1xx_hal.o(i.HAL_IncTick)
    HAL_Init                                 0x080010c5   Thumb Code    32  stm32f1xx_hal.o(i.HAL_Init)
    HAL_InitTick                             0x080010e9   Thumb Code    34  stm32f1xx_hal.o(i.HAL_InitTick)
    HAL_MspInit                              0x0800110d   Thumb Code   126  stm32f1xx_hal_msp.o(i.HAL_MspInit)
    HAL_NVIC_EnableIRQ                       0x08001195   Thumb Code    22  stm32f1xx_hal_cortex.o(i.HAL_NVIC_EnableIRQ)
    HAL_NVIC_SetPriority                     0x080011ad   Thumb Code    60  stm32f1xx_hal_cortex.o(i.HAL_NVIC_SetPriority)
    HAL_NVIC_SetPriorityGrouping             0x080011ed   Thumb Code    26  stm32f1xx_hal_cortex.o(i.HAL_NVIC_SetPriorityGrouping)
    HAL_PCDEx_PMAConfig                      0x08001211   Thumb Code    52  stm32f1xx_hal_pcd_ex.o(i.HAL_PCDEx_PMAConfig)
    HAL_PCDEx_SetConnectionState             0x08001245   Thumb Code     2  usbd_conf.o(i.HAL_PCDEx_SetConnectionState)
    HAL_PCD_DataInStageCallback              0x08001247   Thumb Code    14  usbd_conf.o(i.HAL_PCD_DataInStageCallback)
    HAL_PCD_DataOutStageCallback             0x08001255   Thumb Code    16  usbd_conf.o(i.HAL_PCD_DataOutStageCallback)
    HAL_PCD_EP_Close                         0x08001265   Thumb Code    64  stm32f1xx_hal_pcd.o(i.HAL_PCD_EP_Close)
    HAL_PCD_EP_ClrStall                      0x080012a5   Thumb Code    72  stm32f1xx_hal_pcd.o(i.HAL_PCD_EP_ClrStall)
    HAL_PCD_EP_Open                          0x080012ed   Thumb Code    68  stm32f1xx_hal_pcd.o(i.HAL_PCD_EP_Open)
    HAL_PCD_EP_Receive                       0x08001331   Thumb Code    64  stm32f1xx_hal_pcd.o(i.HAL_PCD_EP_Receive)
    HAL_PCD_EP_SetStall                      0x08001371   Thumb Code    86  stm32f1xx_hal_pcd.o(i.HAL_PCD_EP_SetStall)
    HAL_PCD_EP_Transmit                      0x080013c7   Thumb Code    62  stm32f1xx_hal_pcd.o(i.HAL_PCD_EP_Transmit)
    HAL_PCD_IRQHandler                       0x08001405   Thumb Code   266  stm32f1xx_hal_pcd.o(i.HAL_PCD_IRQHandler)
    HAL_PCD_Init                             0x08001511   Thumb Code   192  stm32f1xx_hal_pcd.o(i.HAL_PCD_Init)
    HAL_PCD_MspInit                          0x080015d1   Thumb Code    50  usbd_conf.o(i.HAL_PCD_MspInit)
    HAL_PCD_ResetCallback                    0x0800160d   Thumb Code    26  usbd_conf.o(i.HAL_PCD_ResetCallback)
    HAL_PCD_ResumeCallback                   0x08001627   Thumb Code     8  usbd_conf.o(i.HAL_PCD_ResumeCallback)
    HAL_PCD_SOFCallback                      0x0800162f   Thumb Code     8  usbd_conf.o(i.HAL_PCD_SOFCallback)
    HAL_PCD_SetAddress                       0x08001637   Thumb Code    40  stm32f1xx_hal_pcd.o(i.HAL_PCD_SetAddress)
    HAL_PCD_SetupStageCallback               0x0800165f   Thumb Code    14  usbd_conf.o(i.HAL_PCD_SetupStageCallback)
    HAL_PCD_Start                            0x0800166d   Thumb Code    50  stm32f1xx_hal_pcd.o(i.HAL_PCD_Start)
    HAL_PCD_SuspendCallback                  0x080016a1   Thumb Code    30  usbd_conf.o(i.HAL_PCD_SuspendCallback)
    HAL_RCCEx_PeriphCLKConfig                0x080016c5   Thumb Code   288  stm32f1xx_hal_rcc_ex.o(i.HAL_RCCEx_PeriphCLKConfig)
    HAL_RCC_ClockConfig                      0x080017f1   Thumb Code   374  stm32f1xx_hal_rcc.o(i.HAL_RCC_ClockConfig)
    HAL_RCC_GetHCLKFreq                      0x08001979   Thumb Code     6  stm32f1xx_hal_rcc.o(i.HAL_RCC_GetHCLKFreq)
    HAL_RCC_GetPCLK1Freq                     0x08001985   Thumb Code    34  stm32f1xx_hal_rcc.o(i.HAL_RCC_GetPCLK1Freq)
    HAL_RCC_GetSysClockFreq                  0x080019b5   Thumb Code   104  stm32f1xx_hal_rcc.o(i.HAL_RCC_GetSysClockFreq)
    HAL_RCC_OscConfig                        0x08001a3d   Thumb Code  1406  stm32f1xx_hal_rcc.o(i.HAL_RCC_OscConfig)
    HAL_SPI_Init                             0x08001fbd   Thumb Code   132  stm32f1xx_hal_spi_ex.o(i.HAL_SPI_Init)
    HAL_SPI_MspInit                          0x08002045   Thumb Code    74  stm32f1xx_hal_msp.o(i.HAL_SPI_MspInit)
    HAL_SPI_TransmitReceive                  0x0800209d   Thumb Code   686  stm32f1xx_hal_spi.o(i.HAL_SPI_TransmitReceive)
    HAL_SYSTICK_CLKSourceConfig              0x0800234b   Thumb Code    24  stm32f1xx_hal_cortex.o(i.HAL_SYSTICK_CLKSourceConfig)
    HAL_SYSTICK_Callback                     0x08002363   Thumb Code     2  stm32f1xx_hal_cortex.o(i.HAL_SYSTICK_Callback)
    HAL_SYSTICK_Config                       0x08002365   Thumb Code    40  stm32f1xx_hal_cortex.o(i.HAL_SYSTICK_Config)
    HAL_SYSTICK_IRQHandler                   0x0800238d   Thumb Code     8  stm32f1xx_hal_cortex.o(i.HAL_SYSTICK_IRQHandler)
    HardFault_Handler                        0x08002395   Thumb Code     2  stm32f1xx_it.o(i.HardFault_Handler)
    MX_USB_DEVICE_Init                       0x08002399   Thumb Code    38  usb_device.o(i.MX_USB_DEVICE_Init)
    MemManage_Handler                        0x080023d1   Thumb Code     2  stm32f1xx_it.o(i.MemManage_Handler)
    NMI_Handler                              0x080023d3   Thumb Code     2  stm32f1xx_it.o(i.NMI_Handler)
    SysTick_Handler                          0x080023d5   Thumb Code    14  stm32f1xx_it.o(i.SysTick_Handler)
    SystemInit                               0x080023e5   Thumb Code    56  system_stm32f1xx_1.o(i.SystemInit)
    USBD_CUSTOM_HID_RegisterInterface        0x0800242d   Thumb Code    16  usbd_customhid.o(i.USBD_CUSTOM_HID_RegisterInterface)
    USBD_CUSTOM_HID_SendReport               0x0800243d   Thumb Code    40  usbd_customhid.o(i.USBD_CUSTOM_HID_SendReport)
    USBD_CUSTOM_HID_SendReport_FS            0x08002465   Thumb Code    16  usbd_custom_hid_if.o(i.USBD_CUSTOM_HID_SendReport_FS)
    USBD_ClrClassConfig                      0x08002479   Thumb Code    14  usbd_core.o(i.USBD_ClrClassConfig)
    USBD_CtlContinueRx                       0x08002487   Thumb Code    16  usbd_ioreq.o(i.USBD_CtlContinueRx)
    USBD_CtlContinueSendData                 0x08002497   Thumb Code    16  usbd_ioreq.o(i.USBD_CtlContinueSendData)
    USBD_CtlError                            0x080024a7   Thumb Code    22  usbd_ctlreq.o(i.USBD_CtlError)
    USBD_CtlPrepareRx                        0x080024bd   Thumb Code    30  usbd_ioreq.o(i.USBD_CtlPrepareRx)
    USBD_CtlReceiveStatus                    0x080024db   Thumb Code    22  usbd_ioreq.o(i.USBD_CtlReceiveStatus)
    USBD_CtlSendData                         0x080024f1   Thumb Code    26  usbd_ioreq.o(i.USBD_CtlSendData)
    USBD_CtlSendStatus                       0x0800250b   Thumb Code    22  usbd_ioreq.o(i.USBD_CtlSendStatus)
    USBD_GetString                           0x08002521   Thumb Code    70  usbd_ctlreq.o(i.USBD_GetString)
    USBD_Init                                0x08002567   Thumb Code    42  usbd_core.o(i.USBD_Init)
    USBD_LL_ClearStallEP                     0x08002591   Thumb Code    14  usbd_conf.o(i.USBD_LL_ClearStallEP)
    USBD_LL_CloseEP                          0x0800259f   Thumb Code    14  usbd_conf.o(i.USBD_LL_CloseEP)
    USBD_LL_DataInStage                      0x080025ad   Thumb Code   170  usbd_core.o(i.USBD_LL_DataInStage)
    USBD_LL_DataOutStage                     0x08002657   Thumb Code   106  usbd_core.o(i.USBD_LL_DataOutStage)
    USBD_LL_Init                             0x080026c1   Thumb Code   108  usbd_conf.o(i.USBD_LL_Init)
    USBD_LL_IsStallEP                        0x08002735   Thumb Code    28  usbd_conf.o(i.USBD_LL_IsStallEP)
    USBD_LL_OpenEP                           0x08002751   Thumb Code    20  usbd_conf.o(i.USBD_LL_OpenEP)
    USBD_LL_PrepareReceive                   0x08002765   Thumb Code    14  usbd_conf.o(i.USBD_LL_PrepareReceive)
    USBD_LL_Reset                            0x08002773   Thumb Code    62  usbd_core.o(i.USBD_LL_Reset)
    USBD_LL_Resume                           0x080027b1   Thumb Code    12  usbd_core.o(i.USBD_LL_Resume)
    USBD_LL_SOF                              0x080027bd   Thumb Code    24  usbd_core.o(i.USBD_LL_SOF)
    USBD_LL_SetSpeed                         0x080027d5   Thumb Code     6  usbd_core.o(i.USBD_LL_SetSpeed)
    USBD_LL_SetUSBAddress                    0x080027db   Thumb Code    14  usbd_conf.o(i.USBD_LL_SetUSBAddress)
    USBD_LL_SetupStage                       0x080027e9   Thumb Code    90  usbd_core.o(i.USBD_LL_SetupStage)
    USBD_LL_StallEP                          0x08002843   Thumb Code    14  usbd_conf.o(i.USBD_LL_StallEP)
    USBD_LL_Start                            0x08002851   Thumb Code    14  usbd_conf.o(i.USBD_LL_Start)
    USBD_LL_Suspend                          0x0800285f   Thumb Code    18  usbd_core.o(i.USBD_LL_Suspend)
    USBD_LL_Transmit                         0x08002871   Thumb Code    14  usbd_conf.o(i.USBD_LL_Transmit)
    USBD_ParseSetupRequest                   0x0800287f   Thumb Code    40  usbd_ctlreq.o(i.USBD_ParseSetupRequest)
    USBD_RegisterClass                       0x080028a7   Thumb Code    16  usbd_core.o(i.USBD_RegisterClass)
    USBD_SetClassConfig                      0x080028b7   Thumb Code    22  usbd_core.o(i.USBD_SetClassConfig)
    USBD_Start                               0x080028cd   Thumb Code    10  usbd_core.o(i.USBD_Start)
    USBD_StdDevReq                           0x080028d7   Thumb Code   242  usbd_ctlreq.o(i.USBD_StdDevReq)
    USBD_StdEPReq                            0x080029c9   Thumb Code   220  usbd_ctlreq.o(i.USBD_StdEPReq)
    USBD_StdItfReq                           0x08002aa5   Thumb Code    52  usbd_ctlreq.o(i.USBD_StdItfReq)
    USBD_static_free                         0x08002ad9   Thumb Code     2  usbd_conf.o(i.USBD_static_free)
    USBD_static_malloc                       0x08002add   Thumb Code     4  usbd_conf.o(i.USBD_static_malloc)
    USB_ActivateEndpoint                     0x08002ae5   Thumb Code   604  stm32f1xx_ll_usb.o(i.USB_ActivateEndpoint)
    USB_CoreInit                             0x08002d41   Thumb Code     4  stm32f1xx_ll_usb.o(i.USB_CoreInit)
    USB_DeactivateEndpoint                   0x08002d45   Thumb Code   292  stm32f1xx_ll_usb.o(i.USB_DeactivateEndpoint)
    USB_DevConnect                           0x08002e69   Thumb Code     4  stm32f1xx_ll_usb.o(i.USB_DevConnect)
    USB_DevDisconnect                        0x08002e6d   Thumb Code     4  stm32f1xx_ll_usb.o(i.USB_DevDisconnect)
    USB_DevInit                              0x08002e71   Thumb Code    18  stm32f1xx_ll_usb.o(i.USB_DevInit)
    USB_DisableGlobalInt                     0x08002e83   Thumb Code    14  stm32f1xx_ll_usb.o(i.USB_DisableGlobalInt)
    USB_EP0_OutStart                         0x08002e91   Thumb Code     4  stm32f1xx_ll_usb.o(i.USB_EP0_OutStart)
    USB_EPClearStall                         0x08002e95   Thumb Code   106  stm32f1xx_ll_usb.o(i.USB_EPClearStall)
    USB_EPSetStall                           0x08002eff   Thumb Code    74  stm32f1xx_ll_usb.o(i.USB_EPSetStall)
    USB_EPStartXfer                          0x08002f49   Thumb Code   426  stm32f1xx_ll_usb.o(i.USB_EPStartXfer)
    USB_EnableGlobalInt                      0x080030f3   Thumb Code    14  stm32f1xx_ll_usb.o(i.USB_EnableGlobalInt)
    USB_LP_CAN1_RX0_IRQHandler               0x08003101   Thumb Code     6  stm32f1xx_it.o(i.USB_LP_CAN1_RX0_IRQHandler)
    USB_ReadInterrupts                       0x0800310d   Thumb Code     6  stm32f1xx_ll_usb.o(i.USB_ReadInterrupts)
    USB_ReadPMA                              0x08003115   Thumb Code    30  stm32f1xx_ll_usb.o(i.USB_ReadPMA)
    USB_SetCurrentMode                       0x08003133   Thumb Code     4  stm32f1xx_ll_usb.o(i.USB_SetCurrentMode)
    USB_SetDevAddress                        0x08003137   Thumb Code    12  stm32f1xx_ll_usb.o(i.USB_SetDevAddress)
    USB_WritePMA                             0x08003143   Thumb Code    38  stm32f1xx_ll_usb.o(i.USB_WritePMA)
    UsageFault_Handler                       0x08003169   Thumb Code     2  stm32f1xx_it.o(i.UsageFault_Handler)
    BlinkDelay(int, int)                     0x0800316d   Thumb Code    30  led.o(i._Z10BlinkDelayii)
    BlinkRease(int)                          0x0800318b   Thumb Code     6  led.o(i._Z10BlinkReasei)
    BlinkRease(int, bool)                    0x08003191   Thumb Code    50  led.o(i._Z10BlinkReaseib)
    initBMX055()                             0x080031c5   Thumb Code   204  bmx055.o(i._Z10initBMX055v)
    spi_rw_reg(SPICommand&)                  0x08003295   Thumb Code    68  spi.o(i._Z10spi_rw_regR10SPICommand)
    trimBMX055()                             0x080032dd   Thumb Code   198  bmx055.o(i._Z10trimBMX055v)
    SE8R01_Init()                            0x080033a9   Thumb Code  1472  se8r01.o(i._Z11SE8R01_Initv)
    checkBMX055()                            0x08003979   Thumb Code   134  bmx055.o(i._Z11checkBMX055v)
    initADXL345()                            0x08003a01   Thumb Code    88  adxl345.o(i._Z11initADXL345v)
    initITG3200()                            0x08003a5d   Thumb Code    46  itg3200.o(i._Z11initITG3200v)
    initSensors()                            0x08003a8d   Thumb Code   118  main.o(i._Z11initSensorsv)
    readMagData(short*)                      0x08003b09   Thumb Code    30  main.o(i._Z11readMagDataPs)
    spi_waitEnd(SPICommand&)                 0x08003b2d   Thumb Code    10  spi.o(i._Z11spi_waitEndR10SPICommand)
    checkADXL345()                           0x08003c81   Thumb Code    50  adxl345.o(i._Z12checkADXL345v)
    checkITG3200()                           0x08003cb3   Thumb Code    60  itg3200.o(i._Z12checkITG3200v)
    i2c_readData(unsigned char, unsigned char, unsigned char*, unsigned short) 0x08003cf1   Thumb Code    32  i2c.o(i._Z12i2c_readDatahhPht)
    initHMC5883L()                           0x08003d15   Thumb Code    42  hmc5883l.o(i._Z12initHMC5883Lv)
    initL3G4200D()                           0x08003d45   Thumb Code    60  l3g4200d.o(i._Z12initL3G4200Dv)
    readGyroData(short*)                     0x08003d85   Thumb Code    40  main.o(i._Z12readGyroDataPs)
    spi_read_buf(SPICommand&)                0x08003db1   Thumb Code    92  spi.o(i._Z12spi_read_bufR10SPICommand)
    Error_Handler()                          0x08003e11   Thumb Code    38  main.o(i._Z13Error_Handlerv)
    HAL_GetMicros()                          0x08003e41   Thumb Code    66  main.o(i._Z13HAL_GetMicrosv)
    checkHMC5883L()                          0x08003e83   Thumb Code    86  hmc5883l.o(i._Z13checkHMC5883Lv)
    checkL3G4200D()                          0x08003ed9   Thumb Code    56  l3g4200d.o(i._Z13checkL3G4200Dv)
    getADXL345res()                          0x08003f11   Thumb Code    46  adxl345.o(i._Z13getADXL345resv)
    getITG3200res()                          0x08003f45   Thumb Code     4  itg3200.o(i._Z13getITG3200resv)
    readAccelData(short*)                    0x08003f4d   Thumb Code    30  main.o(i._Z13readAccelDataPs)
    spi_waitStart(SPICommand&)               0x08003f71   Thumb Code    10  spi.o(i._Z13spi_waitStartR10SPICommand)
    spi_write_buf(SPICommand&)               0x08003f7d   Thumb Code    86  spi.o(i._Z13spi_write_bufR10SPICommand)
    getHMC5883Lres()                         0x0800404d   Thumb Code     4  hmc5883l.o(i._Z14getHMC5883Lresv)
    getL3G4200Dres()                         0x08004055   Thumb Code    38  l3g4200d.o(i._Z14getL3G4200Dresv)
    getBMX055resMag()                        0x08004091   Thumb Code     4  bmx055.o(i._Z15getBMX055resMagv)
    readADXL345Data(short*)                  0x08004099   Thumb Code    68  adxl345.o(i._Z15readADXL345DataPs)
    readITG3200Data(short*)                  0x080040dd   Thumb Code    44  itg3200.o(i._Z15readITG3200DataPs)
    getBMX055resGyro()                       0x08004129   Thumb Code    42  bmx055.o(i._Z16getBMX055resGyrov)
    i2c_readRegister(unsigned char, unsigned char, unsigned char*) 0x0800416d   Thumb Code     6  i2c.o(i._Z16i2c_readRegisterhhPh)
    readHMC5883LData(short*)                 0x08004173   Thumb Code    68  hmc5883l.o(i._Z16readHMC5883LDataPs)
    readL3G4200DData(short*)                 0x080041b7   Thumb Code    76  l3g4200d.o(i._Z16readL3G4200DDataPs)
    SE8R01_ReadStatus()                      0x08004205   Thumb Code    34  se8r01.o(i._Z17SE8R01_ReadStatusv)
    SE8R01_SwitchBank(unsigned char)         0x0800422d   Thumb Code    62  se8r01.o(i._Z17SE8R01_SwitchBankh)
    getBMX055resAccel()                      0x08004271   Thumb Code    48  bmx055.o(i._Z17getBMX055resAccelv)
    i2c_isDeviceReady(unsigned char)         0x080042a5   Thumb Code    44  i2c.o(i._Z17i2c_isDeviceReadyh)
    readBMX055DataMag(short*)                0x080042d5   Thumb Code   146  bmx055.o(i._Z17readBMX055DataMagPs)
    SE8R01_ReadPayload(unsigned char*)       0x080046d5   Thumb Code    26  se8r01.o(i._Z18SE8R01_ReadPayloadPh)
    SystemClock_Config()                     0x080046f5   Thumb Code   114  main.o(i._Z18SystemClock_Configv)
    readBMX055DataGyro(short*)               0x08004859   Thumb Code    40  bmx055.o(i._Z18readBMX055DataGyroPs)
    SE8R01_FlushBuffers()                    0x08004881   Thumb Code    48  se8r01.o(i._Z19SE8R01_FlushBuffersv)
    SE8R01_WritePayload(unsigned char*, bool) 0x080048b5   Thumb Code    32  se8r01.o(i._Z19SE8R01_WritePayloadPhb)
    readBMX055DataAccel(short*)              0x080048d9   Thumb Code    64  bmx055.o(i._Z19readBMX055DataAccelPs)
    i2c_writeRegisterByte(unsigned char, unsigned char, unsigned char) 0x08004b05   Thumb Code    38  i2c.o(i._Z21i2c_writeRegisterBytehhh)
    SE8R01_ClearInterrupts()                 0x08004bed   Thumb Code    32  se8r01.o(i._Z22SE8R01_ClearInterruptsv)
    USBD_FS_DeviceDescriptor(USBD_SpeedTypeDef, unsigned short*) 0x08004ca1   Thumb Code     8  usbd_desc.o(i._Z24USBD_FS_DeviceDescriptor17USBD_SpeedTypeDefPt)
    USBD_FS_ConfigStrDescriptor(USBD_SpeedTypeDef, unsigned short*) 0x08004e05   Thumb Code    16  usbd_desc.o(i._Z27USBD_FS_ConfigStrDescriptor17USBD_SpeedTypeDefPt)
    USBD_FS_LangIDStrDescriptor(USBD_SpeedTypeDef, unsigned short*) 0x08004e31   Thumb Code     8  usbd_desc.o(i._Z27USBD_FS_LangIDStrDescriptor17USBD_SpeedTypeDefPt)
    USBD_FS_SerialStrDescriptor(USBD_SpeedTypeDef, unsigned short*) 0x08004e3d   Thumb Code    16  usbd_desc.o(i._Z27USBD_FS_SerialStrDescriptor17USBD_SpeedTypeDefPt)
    USBD_FS_ProductStrDescriptor(USBD_SpeedTypeDef, unsigned short*) 0x08004e5d   Thumb Code    16  usbd_desc.o(i._Z28USBD_FS_ProductStrDescriptor17USBD_SpeedTypeDefPt)
    USBD_FS_InterfaceStrDescriptor(USBD_SpeedTypeDef, unsigned short*) 0x08004f35   Thumb Code    16  usbd_desc.o(i._Z30USBD_FS_InterfaceStrDescriptor17USBD_SpeedTypeDefPt)
    USBD_FS_ManufacturerStrDescriptor(USBD_SpeedTypeDef, unsigned short*) 0x08004f65   Thumb Code    16  usbd_desc.o(i._Z33USBD_FS_ManufacturerStrDescriptor17USBD_SpeedTypeDefPt)
    Blink(int)                               0x08005015   Thumb Code    30  led.o(i._Z5Blinki)
    LedOn()                                  0x08005039   Thumb Code    12  led.o(i._Z5LedOnv)
    LedOff()                                 0x08005049   Thumb Code    10  led.o(i._Z6LedOffv)
    spi_rw(SPICommand&)                      0x08005059   Thumb Code    44  spi.o(i._Z6spi_rwR10SPICommand)
    getAres()                                0x08005085   Thumb Code    26  main.o(i._Z7getAresv)
    getGres()                                0x080050a5   Thumb Code    38  main.o(i._Z7getGresv)
    getMres()                                0x080050d1   Thumb Code    26  main.o(i._Z7getMresv)
    LedToggle()                              0x080050f1   Thumb Code    10  led.o(i._Z9LedTogglev)
    Quaternion::Quaternion(const Quaternion&) 0x08005101   Thumb Code    18  quaternion.o(i._ZN10QuaternionC1ERKS_)
    Quaternion::Quaternion__sub_object(const Quaternion&) 0x08005101   Thumb Code     0  quaternion.o(i._ZN10QuaternionC1ERKS_)
    Quaternion::Quaternion()                 0x08005113   Thumb Code    16  quaternion.o(i._ZN10QuaternionC1Ev)
    Quaternion::Quaternion__sub_object()     0x08005113   Thumb Code     0  quaternion.o(i._ZN10QuaternionC1Ev)
    Quaternion::~Quaternion()                0x08005123   Thumb Code     2  quaternion.o(i._ZN10QuaternionD1Ev)
    Quaternion::~Quaternion__sub_object()    0x08005123   Thumb Code     0  quaternion.o(i._ZN10QuaternionD1Ev)
    Quaternion::operator =(const Quaternion&) 0x08005125   Thumb Code    20  quaternion.o(i._ZN10QuaternionaSERKS_)
    CSensorFusion::MadgwickQuaternionUpdate(float, float, float, float, float, float, float, float, float, float) 0x08005139   Thumb Code  3108  sensorfusion.o(i._ZN13CSensorFusion24MadgwickQuaternionUpdateEffffffffff)
    CSensorFusion::Fuse(SensorData*)         0x08005d69   Thumb Code   268  sensorfusion.o(i._ZN13CSensorFusion4FuseEP10SensorData)
    CSensorFusion::Value()                   0x08005e81   Thumb Code    34  sensorfusion.o(i._ZN13CSensorFusion5ValueEv)
    CSensorFusion::CSensorFusion(float, float, float) 0x08005ea3   Thumb Code    60  sensorfusion.o(i._ZN13CSensorFusionC1Efff)
    CSensorFusion::CSensorFusion__sub_object(float, float, float) 0x08005ea3   Thumb Code     0  sensorfusion.o(i._ZN13CSensorFusionC1Efff)
    std::sqrt(float)                         0x08005edf   Thumb Code     4  sensorfusion.o(i._ZSt4sqrtf)
    __scatterload_copy                       0x08005ee3   Thumb Code    14  handlers.o(i.__scatterload_copy)
    __scatterload_null                       0x08005ef1   Thumb Code     2  handlers.o(i.__scatterload_null)
    __scatterload_zeroinit                   0x08005ef3   Thumb Code    14  handlers.o(i.__scatterload_zeroinit)
    __set_errno                              0x08005f01   Thumb Code     6  errno.o(i.__set_errno)
    main                                     0x08005f0d   Thumb Code   448  main.o(i.main)
    sqrtf                                    0x080060e5   Thumb Code    44  sqrtf.o(i.sqrtf)
    AHBPrescTable                            0x08006110   Data          16  system_stm32f1xx_1.o(.constdata)
    APBPrescTable                            0x08006120   Data           8  system_stm32f1xx_1.o(.constdata)
    Region$$Table$$Base                      0x08006128   Number         0  anon$$obj.o(Region$$Table)
    Region$$Table$$Limit                     0x08006148   Number         0  anon$$obj.o(Region$$Table)
    SystemCoreClock                          0x20000000   Data           4  system_stm32f1xx_1.o(.data)
    hasADXL345                               0x20000004   Data           1  main.o(.data)
    hasL3G4200D                              0x20000005   Data           1  main.o(.data)
    hasHMC5883L                              0x20000006   Data           1  main.o(.data)
    hasITG3200                               0x20000007   Data           1  main.o(.data)
    hasBMX055                                0x20000008   Data           1  main.o(.data)
    ctlSource                                0x20000009   Data           1  main.o(.data)
    rfReady                                  0x2000000a   Data           1  main.o(.data)
    rfStatus                                 0x2000000b   Data           1  main.o(.data)
    sensorStatus                             0x2000000c   Data           1  main.o(.data)
    gRes                                     0x20000010   Data           4  main.o(.data)
    mRes                                     0x20000014   Data           4  main.o(.data)
    aRes                                     0x20000018   Data           4  main.o(.data)
    blinkDelay                               0x2000001c   Data           4  main.o(.data)
    gyroOffset                               0x20000020   Data           6  main.o(.data)
    FS_Desc                                  0x20000028   Data          28  usbd_desc.o(.data)
    USBD_LangIDDesc                          0x20000044   Data           4  usbd_desc.o(.data)
    USBD_FS_DeviceDesc                       0x20000048   Data          18  usbd_desc.o(.data)
    USBD_CustomHID_fops_FS                   0x20000080   Data          16  usbd_custom_hid_if.o(.data)
    led_ticks                                0x20000090   Data           4  led.o(.data)
    ADXL345Ascale                            0x20000094   Data           1  adxl345.o(.data)
    ADXL345Arate                             0x20000095   Data           1  adxl345.o(.data)
    L3G4200DGscale                           0x20000096   Data           1  l3g4200d.o(.data)
    L3G4200DGrate                            0x20000097   Data           1  l3g4200d.o(.data)
    Mrate                                    0x20000098   Data           1  hmc5883l.o(.data)
    Gscale                                   0x2000009a   Data           1  bmx055.o(.data)
    GODRBW                                   0x2000009b   Data           1  bmx055.o(.data)
    Ascale                                   0x2000009c   Data           1  bmx055.o(.data)
    ACCBW                                    0x2000009d   Data           1  bmx055.o(.data)
    MODR                                     0x2000009e   Data           1  bmx055.o(.data)
    dig_x1                                   0x2000009f   Data           1  bmx055.o(.data)
    dig_y1                                   0x200000a0   Data           1  bmx055.o(.data)
    dig_x2                                   0x200000a1   Data           1  bmx055.o(.data)
    dig_y2                                   0x200000a2   Data           1  bmx055.o(.data)
    dig_xy1                                  0x200000a3   Data           1  bmx055.o(.data)
    dig_xy2                                  0x200000a4   Data           1  bmx055.o(.data)
    dig_z1                                   0x200000a6   Data           2  bmx055.o(.data)
    dig_z2                                   0x200000a8   Data           2  bmx055.o(.data)
    dig_z3                                   0x200000aa   Data           2  bmx055.o(.data)
    dig_z4                                   0x200000ac   Data           2  bmx055.o(.data)
    dig_xyz1                                 0x200000ae   Data           2  bmx055.o(.data)
    SE8R01_OPERATE_MODE                      0x200000b0   Data           1  se8r01.o(.data)
    TX_ADDRESS1                              0x200000b1   Data           5  se8r01.o(.data)
    TX_ADDRESS2                              0x200000b6   Data           5  se8r01.o(.data)
    uCRCErrorWorkaroundCheck                 0x200000c0   Data           1  stm32f1xx_hal_spi_ex.o(.data)
    USBD_CUSTOM_HID                          0x200000c4   Data          60  usbd_customhid.o(.data)
    hUsbDeviceFS                             0x20000160   Data         548  usb_device.o(.bss)
    tSensorData                              0x20000384   Data          22  main.o(.bss)
    USBBypassPacket                          0x2000039a   Data          32  main.o(.bss)
    USBDataPacket                            0x200003ba   Data          32  main.o(.bss)
    hi2c2                                    0x200003dc   Data          60  main.o(.bss)
    hspi1                                    0x20000418   Data          88  main.o(.bss)
    USBD_StrDesc                             0x20000470   Data         512  usbd_desc.o(.bss)
    hpcd_USB_FS                              0x200006a8   Data        1056  usbd_conf.o(.bss)
    USB_RX_Buffer                            0x20000ac8   Data          32  usb.o(.bss)
    rfSPICommand                             0x20000ae8   Data          24  se8r01.o(.bss)
    snd_buffer                               0x20000b00   Data          64  spi.o(.bss)
    rcv_buffer                               0x20000b40   Data          64  spi.o(.bss)
    __initial_sp                             0x20000f80   Data           0  startup_stm32f103xb.o(STACK)



==============================================================================

Memory Map of the image

  Image Entry point : 0x080000ed

  Load Region LR_IROM1 (Base: 0x08000000, Size: 0x000062a8, Max: 0x00010000, ABSOLUTE, COMPRESSED[0x00006214])

    Execution Region ER_IROM1 (Base: 0x08000000, Size: 0x00006148, Max: 0x00010000, ABSOLUTE)

    Base Addr    Size         Type   Attr      Idx    E Section Name        Object

    0x08000000   0x000000ec   Data   RO          131    RESET               startup_stm32f103xb.o
    0x080000ec   0x00000000   Code   RO         4447  * .ARM.Collect$$$$00000000  mc_w.l(entry.o)
    0x080000ec   0x00000004   Code   RO         4507    .ARM.Collect$$$$00000001  mc_w.l(entry2.o)
    0x080000f0   0x00000004   Code   RO         4510    .ARM.Collect$$$$00000004  mc_w.l(entry5.o)
    0x080000f4   0x00000000   Code   RO         4512    .ARM.Collect$$$$00000008  mc_w.l(entry7b.o)
    0x080000f4   0x00000000   Code   RO         4514    .ARM.Collect$$$$0000000A  mc_w.l(entry8b.o)
    0x080000f4   0x00000008   Code   RO         4515    .ARM.Collect$$$$0000000B  mc_w.l(entry9a.o)
    0x080000fc   0x00000000   Code   RO         4517    .ARM.Collect$$$$0000000D  mc_w.l(entry10a.o)
    0x080000fc   0x00000000   Code   RO         4519    .ARM.Collect$$$$0000000F  mc_w.l(entry11a.o)
    0x080000fc   0x00000004   Code   RO         4508    .ARM.Collect$$$$00002712  mc_w.l(entry2.o)
    0x08000100   0x00000024   Code   RO          132    .text               startup_stm32f103xb.o
    0x08000124   0x00000062   Code   RO         4450    .text               mc_w.l(uldiv.o)
    0x08000186   0x00000020   Code   RO         4452    .text               mc_w.l(llushr.o)
    0x080001a6   0x00000024   Code   RO         4454    .text               mc_w.l(memcpya.o)
    0x080001ca   0x000000b0   Code   RO         4458    .text               mf_w.l(fadd.o)
    0x0800027a   0x00000064   Code   RO         4460    .text               mf_w.l(fmul.o)
    0x080002de   0x0000007c   Code   RO         4462    .text               mf_w.l(fdiv.o)
    0x0800035a   0x00000018   Code   RO         4464    .text               mf_w.l(fscalb.o)
    0x08000372   0x0000014e   Code   RO         4466    .text               mf_w.l(dadd.o)
    0x080004c0   0x000000e4   Code   RO         4468    .text               mf_w.l(dmul.o)
    0x080005a4   0x000000de   Code   RO         4470    .text               mf_w.l(ddiv.o)
    0x08000682   0x0000002e   Code   RO         4472    .text               mf_w.l(dscalb.o)
    0x080006b0   0x00000012   Code   RO         4474    .text               mf_w.l(fflti.o)
    0x080006c2   0x0000001c   Code   RO         4476    .text               mf_w.l(ffltul.o)
    0x080006de   0x00000026   Code   RO         4482    .text               mf_w.l(f2d.o)
    0x08000704   0x00000038   Code   RO         4484    .text               mf_w.l(d2f.o)
    0x0800073c   0x0000001e   Code   RO         4521    .text               mc_w.l(llshl.o)
    0x0800075a   0x00000024   Code   RO         4523    .text               mc_w.l(llsshr.o)
    0x0800077e   0x00000000   Code   RO         4532    .text               mc_w.l(iusefp.o)
    0x0800077e   0x0000006e   Code   RO         4533    .text               mf_w.l(fepilogue.o)
    0x080007ec   0x0000005e   Code   RO         4535    .text               mf_w.l(fsqrt.o)
    0x0800084a   0x000000ba   Code   RO         4539    .text               mf_w.l(depilogue.o)
    0x08000904   0x00000024   Code   RO         4543    .text               mc_w.l(init.o)
    0x08000928   0x00000056   Code   RO         4555    .text               mc_w.l(__dczerorl2.o)
    0x0800097e   0x00000002   Code   RO          208    i.BusFault_Handler  stm32f1xx_it.o
    0x08000980   0x00000002   Code   RO          209    i.DebugMon_Handler  stm32f1xx_it.o
    0x08000982   0x00000016   Code   RO         3310    i.HAL_Delay         stm32f1xx_hal.o
    0x08000998   0x000001bc   Code   RO         2173    i.HAL_GPIO_Init     stm32f1xx_hal_gpio.o
    0x08000b54   0x0000000a   Code   RO         2175    i.HAL_GPIO_ReadPin  stm32f1xx_hal_gpio.o
    0x08000b5e   0x00000008   Code   RO         2176    i.HAL_GPIO_TogglePin  stm32f1xx_hal_gpio.o
    0x08000b66   0x0000000a   Code   RO         2177    i.HAL_GPIO_WritePin  stm32f1xx_hal_gpio.o
    0x08000b70   0x0000000c   Code   RO         3314    i.HAL_GetTick       stm32f1xx_hal.o
    0x08000b7c   0x000000e0   Code   RO         1806    i.HAL_I2C_Init      stm32f1xx_hal_i2c.o
    0x08000c5c   0x00000144   Code   RO         1807    i.HAL_I2C_IsDeviceReady  stm32f1xx_hal_i2c.o
    0x08000da0   0x000001d8   Code   RO         1818    i.HAL_I2C_Mem_Read  stm32f1xx_hal_i2c.o
    0x08000f78   0x000000f8   Code   RO         1821    i.HAL_I2C_Mem_Write  stm32f1xx_hal_i2c.o
    0x08001070   0x00000044   Code   RO          287    i.HAL_I2C_MspInit   stm32f1xx_hal_msp.o
    0x080010b4   0x00000010   Code   RO         3315    i.HAL_IncTick       stm32f1xx_hal.o
    0x080010c4   0x00000024   Code   RO         3316    i.HAL_Init          stm32f1xx_hal.o
    0x080010e8   0x00000022   Code   RO         3317    i.HAL_InitTick      stm32f1xx_hal.o
    0x0800110a   0x00000002   PAD
    0x0800110c   0x00000088   Code   RO          288    i.HAL_MspInit       stm32f1xx_hal_msp.o
    0x08001194   0x00000016   Code   RO         3855    i.HAL_NVIC_EnableIRQ  stm32f1xx_hal_cortex.o
    0x080011aa   0x00000002   PAD
    0x080011ac   0x00000040   Code   RO         3861    i.HAL_NVIC_SetPriority  stm32f1xx_hal_cortex.o
    0x080011ec   0x00000024   Code   RO         3862    i.HAL_NVIC_SetPriorityGrouping  stm32f1xx_hal_cortex.o
    0x08001210   0x00000034   Code   RO         3572    i.HAL_PCDEx_PMAConfig  stm32f1xx_hal_pcd_ex.o
    0x08001244   0x00000002   Code   RO          664    i.HAL_PCDEx_SetConnectionState  usbd_conf.o
    0x08001246   0x0000000e   Code   RO          666    i.HAL_PCD_DataInStageCallback  usbd_conf.o
    0x08001254   0x00000010   Code   RO          667    i.HAL_PCD_DataOutStageCallback  usbd_conf.o
    0x08001264   0x00000040   Code   RO         2561    i.HAL_PCD_EP_Close  stm32f1xx_hal_pcd.o
    0x080012a4   0x00000048   Code   RO         2562    i.HAL_PCD_EP_ClrStall  stm32f1xx_hal_pcd.o
    0x080012ec   0x00000044   Code   RO         2565    i.HAL_PCD_EP_Open   stm32f1xx_hal_pcd.o
    0x08001330   0x00000040   Code   RO         2566    i.HAL_PCD_EP_Receive  stm32f1xx_hal_pcd.o
    0x08001370   0x00000056   Code   RO         2567    i.HAL_PCD_EP_SetStall  stm32f1xx_hal_pcd.o
    0x080013c6   0x0000003e   Code   RO         2568    i.HAL_PCD_EP_Transmit  stm32f1xx_hal_pcd.o
    0x08001404   0x0000010a   Code   RO         2570    i.HAL_PCD_IRQHandler  stm32f1xx_hal_pcd.o
    0x0800150e   0x00000002   PAD
    0x08001510   0x000000c0   Code   RO         2573    i.HAL_PCD_Init      stm32f1xx_hal_pcd.o
    0x080015d0   0x0000003c   Code   RO          672    i.HAL_PCD_MspInit   usbd_conf.o
    0x0800160c   0x0000001a   Code   RO          673    i.HAL_PCD_ResetCallback  usbd_conf.o
    0x08001626   0x00000008   Code   RO          674    i.HAL_PCD_ResumeCallback  usbd_conf.o
    0x0800162e   0x00000008   Code   RO          675    i.HAL_PCD_SOFCallback  usbd_conf.o
    0x08001636   0x00000028   Code   RO         2579    i.HAL_PCD_SetAddress  stm32f1xx_hal_pcd.o
    0x0800165e   0x0000000e   Code   RO          676    i.HAL_PCD_SetupStageCallback  usbd_conf.o
    0x0800166c   0x00000032   Code   RO         2581    i.HAL_PCD_Start     stm32f1xx_hal_pcd.o
    0x0800169e   0x00000002   PAD
    0x080016a0   0x00000024   Code   RO          677    i.HAL_PCD_SuspendCallback  usbd_conf.o
    0x080016c4   0x0000012c   Code   RO         3105    i.HAL_RCCEx_PeriphCLKConfig  stm32f1xx_hal_rcc_ex.o
    0x080017f0   0x00000188   Code   RO         3457    i.HAL_RCC_ClockConfig  stm32f1xx_hal_rcc.o
    0x08001978   0x0000000c   Code   RO         3462    i.HAL_RCC_GetHCLKFreq  stm32f1xx_hal_rcc.o
    0x08001984   0x00000030   Code   RO         3464    i.HAL_RCC_GetPCLK1Freq  stm32f1xx_hal_rcc.o
    0x080019b4   0x00000088   Code   RO         3466    i.HAL_RCC_GetSysClockFreq  stm32f1xx_hal_rcc.o
    0x08001a3c   0x0000057e   Code   RO         3469    i.HAL_RCC_OscConfig  stm32f1xx_hal_rcc.o
    0x08001fba   0x00000002   PAD
    0x08001fbc   0x00000088   Code   RO         3818    i.HAL_SPI_Init      stm32f1xx_hal_spi_ex.o
    0x08002044   0x00000058   Code   RO          290    i.HAL_SPI_MspInit   stm32f1xx_hal_msp.o
    0x0800209c   0x000002ae   Code   RO         2835    i.HAL_SPI_TransmitReceive  stm32f1xx_hal_spi.o
    0x0800234a   0x00000018   Code   RO         3864    i.HAL_SYSTICK_CLKSourceConfig  stm32f1xx_hal_cortex.o
    0x08002362   0x00000002   Code   RO         3865    i.HAL_SYSTICK_Callback  stm32f1xx_hal_cortex.o
    0x08002364   0x00000028   Code   RO         3866    i.HAL_SYSTICK_Config  stm32f1xx_hal_cortex.o
    0x0800238c   0x00000008   Code   RO         3867    i.HAL_SYSTICK_IRQHandler  stm32f1xx_hal_cortex.o
    0x08002394   0x00000002   Code   RO          210    i.HardFault_Handler  stm32f1xx_it.o
    0x08002396   0x00000002   PAD
    0x08002398   0x00000038   Code   RO          139    i.MX_USB_DEVICE_Init  usb_device.o
    0x080023d0   0x00000002   Code   RO          211    i.MemManage_Handler  stm32f1xx_it.o
    0x080023d2   0x00000002   Code   RO          212    i.NMI_Handler       stm32f1xx_it.o
    0x080023d4   0x0000000e   Code   RO          213    i.SysTick_Handler   stm32f1xx_it.o
    0x080023e2   0x00000002   PAD
    0x080023e4   0x00000048   Code   RO            5    i.SystemInit        system_stm32f1xx_1.o
    0x0800242c   0x00000010   Code   RO         4183    i.USBD_CUSTOM_HID_RegisterInterface  usbd_customhid.o
    0x0800243c   0x00000028   Code   RO         4184    i.USBD_CUSTOM_HID_SendReport  usbd_customhid.o
    0x08002464   0x00000014   Code   RO          902    i.USBD_CUSTOM_HID_SendReport_FS  usbd_custom_hid_if.o
    0x08002478   0x0000000e   Code   RO         4025    i.USBD_ClrClassConfig  usbd_core.o
    0x08002486   0x00000010   Code   RO         4270    i.USBD_CtlContinueRx  usbd_ioreq.o
    0x08002496   0x00000010   Code   RO         4271    i.USBD_CtlContinueSendData  usbd_ioreq.o
    0x080024a6   0x00000016   Code   RO         4337    i.USBD_CtlError     usbd_ctlreq.o
    0x080024bc   0x0000001e   Code   RO         4272    i.USBD_CtlPrepareRx  usbd_ioreq.o
    0x080024da   0x00000016   Code   RO         4273    i.USBD_CtlReceiveStatus  usbd_ioreq.o
    0x080024f0   0x0000001a   Code   RO         4274    i.USBD_CtlSendData  usbd_ioreq.o
    0x0800250a   0x00000016   Code   RO         4275    i.USBD_CtlSendStatus  usbd_ioreq.o
    0x08002520   0x00000046   Code   RO         4338    i.USBD_GetString    usbd_ctlreq.o
    0x08002566   0x0000002a   Code   RO         4027    i.USBD_Init         usbd_core.o
    0x08002590   0x0000000e   Code   RO          678    i.USBD_LL_ClearStallEP  usbd_conf.o
    0x0800259e   0x0000000e   Code   RO          679    i.USBD_LL_CloseEP   usbd_conf.o
    0x080025ac   0x000000aa   Code   RO         4028    i.USBD_LL_DataInStage  usbd_core.o
    0x08002656   0x0000006a   Code   RO         4029    i.USBD_LL_DataOutStage  usbd_core.o
    0x080026c0   0x00000074   Code   RO          684    i.USBD_LL_Init      usbd_conf.o
    0x08002734   0x0000001c   Code   RO          685    i.USBD_LL_IsStallEP  usbd_conf.o
    0x08002750   0x00000014   Code   RO          686    i.USBD_LL_OpenEP    usbd_conf.o
    0x08002764   0x0000000e   Code   RO          687    i.USBD_LL_PrepareReceive  usbd_conf.o
    0x08002772   0x0000003e   Code   RO         4034    i.USBD_LL_Reset     usbd_core.o
    0x080027b0   0x0000000c   Code   RO         4035    i.USBD_LL_Resume    usbd_core.o
    0x080027bc   0x00000018   Code   RO         4036    i.USBD_LL_SOF       usbd_core.o
    0x080027d4   0x00000006   Code   RO         4037    i.USBD_LL_SetSpeed  usbd_core.o
    0x080027da   0x0000000e   Code   RO          688    i.USBD_LL_SetUSBAddress  usbd_conf.o
    0x080027e8   0x0000005a   Code   RO         4038    i.USBD_LL_SetupStage  usbd_core.o
    0x08002842   0x0000000e   Code   RO          689    i.USBD_LL_StallEP   usbd_conf.o
    0x08002850   0x0000000e   Code   RO          690    i.USBD_LL_Start     usbd_conf.o
    0x0800285e   0x00000012   Code   RO         4039    i.USBD_LL_Suspend   usbd_core.o
    0x08002870   0x0000000e   Code   RO          692    i.USBD_LL_Transmit  usbd_conf.o
    0x0800287e   0x00000028   Code   RO         4339    i.USBD_ParseSetupRequest  usbd_ctlreq.o
    0x080028a6   0x00000010   Code   RO         4040    i.USBD_RegisterClass  usbd_core.o
    0x080028b6   0x00000016   Code   RO         4042    i.USBD_SetClassConfig  usbd_core.o
    0x080028cc   0x0000000a   Code   RO         4043    i.USBD_Start        usbd_core.o
    0x080028d6   0x000000f2   Code   RO         4340    i.USBD_StdDevReq    usbd_ctlreq.o
    0x080029c8   0x000000dc   Code   RO         4341    i.USBD_StdEPReq     usbd_ctlreq.o
    0x08002aa4   0x00000034   Code   RO         4342    i.USBD_StdItfReq    usbd_ctlreq.o
    0x08002ad8   0x00000002   Code   RO          693    i.USBD_static_free  usbd_conf.o
    0x08002ada   0x00000002   PAD
    0x08002adc   0x00000008   Code   RO          694    i.USBD_static_malloc  usbd_conf.o
    0x08002ae4   0x0000025c   Code   RO         2331    i.USB_ActivateEndpoint  stm32f1xx_ll_usb.o
    0x08002d40   0x00000004   Code   RO         2334    i.USB_CoreInit      stm32f1xx_ll_usb.o
    0x08002d44   0x00000124   Code   RO         2336    i.USB_DeactivateEndpoint  stm32f1xx_ll_usb.o
    0x08002e68   0x00000004   Code   RO         2337    i.USB_DevConnect    stm32f1xx_ll_usb.o
    0x08002e6c   0x00000004   Code   RO         2338    i.USB_DevDisconnect  stm32f1xx_ll_usb.o
    0x08002e70   0x00000012   Code   RO         2339    i.USB_DevInit       stm32f1xx_ll_usb.o
    0x08002e82   0x0000000e   Code   RO         2340    i.USB_DisableGlobalInt  stm32f1xx_ll_usb.o
    0x08002e90   0x00000004   Code   RO         2341    i.USB_EP0_OutStart  stm32f1xx_ll_usb.o
    0x08002e94   0x0000006a   Code   RO         2342    i.USB_EPClearStall  stm32f1xx_ll_usb.o
    0x08002efe   0x0000004a   Code   RO         2343    i.USB_EPSetStall    stm32f1xx_ll_usb.o
    0x08002f48   0x000001aa   Code   RO         2344    i.USB_EPStartXfer   stm32f1xx_ll_usb.o
    0x080030f2   0x0000000e   Code   RO         2345    i.USB_EnableGlobalInt  stm32f1xx_ll_usb.o
    0x08003100   0x0000000c   Code   RO          214    i.USB_LP_CAN1_RX0_IRQHandler  stm32f1xx_it.o
    0x0800310c   0x00000006   Code   RO         2352    i.USB_ReadInterrupts  stm32f1xx_ll_usb.o
    0x08003112   0x00000002   PAD
    0x08003114   0x0000001e   Code   RO         2353    i.USB_ReadPMA       stm32f1xx_ll_usb.o
    0x08003132   0x00000004   Code   RO         2355    i.USB_SetCurrentMode  stm32f1xx_ll_usb.o
    0x08003136   0x0000000c   Code   RO         2356    i.USB_SetDevAddress  stm32f1xx_ll_usb.o
    0x08003142   0x00000026   Code   RO         2358    i.USB_WritePMA      stm32f1xx_ll_usb.o
    0x08003168   0x00000002   Code   RO          215    i.UsageFault_Handler  stm32f1xx_it.o
    0x0800316a   0x00000002   PAD
    0x0800316c   0x0000001e   Code   RO         1237    i._Z10BlinkDelayii  led.o
    0x0800318a   0x00000006   Code   RO         1238    i._Z10BlinkReasei   led.o
    0x08003190   0x00000032   Code   RO         1239    i._Z10BlinkReaseib  led.o
    0x080031c2   0x00000002   PAD
    0x080031c4   0x000000d0   Code   RO         1561    i._Z10initBMX055v   bmx055.o
    0x08003294   0x00000048   Code   RO         1731    i._Z10spi_rw_regR10SPICommand  spi.o
    0x080032dc   0x000000cc   Code   RO         1562    i._Z10trimBMX055v   bmx055.o
    0x080033a8   0x000005d0   Code   RO         1649    i._Z11SE8R01_Initv  se8r01.o
    0x08003978   0x00000086   Code   RO         1563    i._Z11checkBMX055v  bmx055.o
    0x080039fe   0x00000002   PAD
    0x08003a00   0x0000005c   Code   RO         1335    i._Z11initADXL345v  adxl345.o
    0x08003a5c   0x0000002e   Code   RO         1512    i._Z11initITG3200v  itg3200.o
    0x08003a8a   0x00000002   PAD
    0x08003a8c   0x0000007c   Code   RO          339    i._Z11initSensorsv  main.o
    0x08003b08   0x00000024   Code   RO          340    i._Z11readMagDataPs  main.o
    0x08003b2c   0x0000000a   Code   RO         1732    i._Z11spi_waitEndR10SPICommand  spi.o
    0x08003b36   0x00000002   PAD
    0x08003b38   0x000000c8   Code   RO          341    i._Z12MX_GPIO_Initv  main.o
    0x08003c00   0x0000003c   Code   RO          342    i._Z12MX_I2C2_Initv  main.o
    0x08003c3c   0x00000044   Code   RO          343    i._Z12MX_SPI1_Initv  main.o
    0x08003c80   0x00000032   Code   RO         1336    i._Z12checkADXL345v  adxl345.o
    0x08003cb2   0x0000003c   Code   RO         1513    i._Z12checkITG3200v  itg3200.o
    0x08003cee   0x00000002   PAD
    0x08003cf0   0x00000024   Code   RO         1177    i._Z12i2c_readDatahhPht  i2c.o
    0x08003d14   0x00000030   Code   RO         1453    i._Z12initHMC5883Lv  hmc5883l.o
    0x08003d44   0x00000040   Code   RO         1401    i._Z12initL3G4200Dv  l3g4200d.o
    0x08003d84   0x0000002c   Code   RO          344    i._Z12readGyroDataPs  main.o
    0x08003db0   0x00000060   Code   RO         1733    i._Z12spi_read_bufR10SPICommand  spi.o
    0x08003e10   0x00000030   Code   RO          345    i._Z13Error_Handlerv  main.o
    0x08003e40   0x00000042   Code   RO          346    i._Z13HAL_GetMicrosv  main.o
    0x08003e82   0x00000056   Code   RO         1454    i._Z13checkHMC5883Lv  hmc5883l.o
    0x08003ed8   0x00000038   Code   RO         1402    i._Z13checkL3G4200Dv  l3g4200d.o
    0x08003f10   0x00000034   Code   RO         1337    i._Z13getADXL345resv  adxl345.o
    0x08003f44   0x00000008   Code   RO         1514    i._Z13getITG3200resv  itg3200.o
    0x08003f4c   0x00000024   Code   RO          347    i._Z13readAccelDataPs  main.o
    0x08003f70   0x0000000a   Code   RO         1734    i._Z13spi_waitStartR10SPICommand  spi.o
    0x08003f7a   0x00000002   PAD
    0x08003f7c   0x0000005c   Code   RO         1735    i._Z13spi_write_bufR10SPICommand  spi.o
    0x08003fd8   0x00000074   Code   RO         4343    i._Z14USBD_SetConfigP19_USBD_HandleTypeDefP13usb_setup_req  usbd_ctlreq.o
    0x0800404c   0x00000008   Code   RO         1455    i._Z14getHMC5883Lresv  hmc5883l.o
    0x08004054   0x0000003c   Code   RO         1403    i._Z14getL3G4200Dresv  l3g4200d.o
    0x08004090   0x00000008   Code   RO         1564    i._Z15getBMX055resMagv  bmx055.o
    0x08004098   0x00000044   Code   RO         1338    i._Z15readADXL345DataPs  adxl345.o
    0x080040dc   0x0000002c   Code   RO         1515    i._Z15readITG3200DataPs  itg3200.o
    0x08004108   0x00000020   Code   RO         3868    i._Z16NVIC_SetPriority9IRQn_Typej  stm32f1xx_hal_cortex.o
    0x08004128   0x00000044   Code   RO         1565    i._Z16getBMX055resGyrov  bmx055.o
    0x0800416c   0x00000006   Code   RO         1178    i._Z16i2c_readRegisterhhPh  i2c.o
    0x08004172   0x00000044   Code   RO         1456    i._Z16readHMC5883LDataPs  hmc5883l.o
    0x080041b6   0x0000004c   Code   RO         1404    i._Z16readL3G4200DDataPs  l3g4200d.o
    0x08004202   0x00000002   PAD
    0x08004204   0x00000028   Code   RO         1650    i._Z17SE8R01_ReadStatusv  se8r01.o
    0x0800422c   0x00000044   Code   RO         1651    i._Z17SE8R01_SwitchBankh  se8r01.o
    0x08004270   0x00000034   Code   RO         1566    i._Z17getBMX055resAccelv  bmx055.o
    0x080042a4   0x00000030   Code   RO         1179    i._Z17i2c_isDeviceReadyh  i2c.o
    0x080042d4   0x00000098   Code   RO         1567    i._Z17readBMX055DataMagPs  bmx055.o
    0x0800436c   0x00000004   Code   RO          903    i._Z18CUSTOM_HID_Init_FSv  usbd_custom_hid_if.o
    0x08004370   0x00000362   Code   RO         2584    i._Z18PCD_EP_ISR_HandlerP17PCD_HandleTypeDef  stm32f1xx_hal_pcd.o
    0x080046d2   0x00000002   PAD
    0x080046d4   0x00000020   Code   RO         1652    i._Z18SE8R01_ReadPayloadPh  se8r01.o
    0x080046f4   0x00000072   Code   RO          350    i._Z18SystemClock_Configv  main.o
    0x08004766   0x000000f2   Code   RO         4344    i._Z18USBD_GetDescriptorP19_USBD_HandleTypeDefP13usb_setup_req  usbd_ctlreq.o
    0x08004858   0x00000028   Code   RO         1568    i._Z18readBMX055DataGyroPs  bmx055.o
    0x08004880   0x00000034   Code   RO         1653    i._Z19SE8R01_FlushBuffersv  se8r01.o
    0x080048b4   0x00000024   Code   RO         1654    i._Z19SE8R01_WritePayloadPhb  se8r01.o
    0x080048d8   0x00000040   Code   RO         1569    i._Z19readBMX055DataAccelPs  bmx055.o
    0x08004918   0x00000004   Code   RO          904    i._Z20CUSTOM_HID_DeInit_FSv  usbd_custom_hid_if.o
    0x0800491c   0x0000004c   Code   RO         4185    i._Z20USBD_CUSTOM_HID_InitP19_USBD_HandleTypeDefh  usbd_customhid.o
    0x08004968   0x000000e2   Code   RO         1838    i._Z21I2C_RequestMemoryReadP17I2C_HandleTypeDeftttj  stm32f1xx_hal_i2c.o
    0x08004a4a   0x00000002   PAD
    0x08004a4c   0x000000b8   Code   RO         4186    i._Z21USBD_CUSTOM_HID_SetupP19_USBD_HandleTypeDefP13usb_setup_req  usbd_customhid.o
    0x08004b04   0x0000002c   Code   RO         1181    i._Z21i2c_writeRegisterBytehhh  i2c.o
    0x08004b30   0x00000024   Code   RO          905    i._Z22CUSTOM_HID_OutEvent_FShh  usbd_custom_hid_if.o
    0x08004b54   0x00000098   Code   RO         1842    i._Z22I2C_RequestMemoryWriteP17I2C_HandleTypeDeftttj  stm32f1xx_hal_i2c.o
    0x08004bec   0x00000024   Code   RO         1655    i._Z22SE8R01_ClearInterruptsv  se8r01.o
    0x08004c10   0x0000000e   Code   RO         4187    i._Z22USBD_CUSTOM_HID_DataInP19_USBD_HandleTypeDefh  usbd_customhid.o
    0x08004c1e   0x00000032   Code   RO         4188    i._Z22USBD_CUSTOM_HID_DeInitP19_USBD_HandleTypeDefh  usbd_customhid.o
    0x08004c50   0x0000002a   Code   RO         1844    i._Z23I2C_IsAcknowledgeFailedP17I2C_HandleTypeDef  stm32f1xx_hal_i2c.o
    0x08004c7a   0x00000024   Code   RO         4189    i._Z23USBD_CUSTOM_HID_DataOutP19_USBD_HandleTypeDefh  usbd_customhid.o
    0x08004c9e   0x00000002   PAD
    0x08004ca0   0x0000000c   Code   RO          586    i._Z24USBD_FS_DeviceDescriptor17USBD_SpeedTypeDefPt  usbd_desc.o
    0x08004cac   0x0000008a   Code   RO         1848    i._Z26I2C_WaitOnFlagUntilTimeoutP17I2C_HandleTypeDefj10FlagStatusj  stm32f1xx_hal_i2c.o
    0x08004d36   0x0000009e   Code   RO         2854    i._Z26SPI_WaitOnFlagUntilTimeoutP19__SPI_HandleTypeDefj10FlagStatusj  stm32f1xx_hal_spi.o
    0x08004dd4   0x0000000c   Code   RO         4190    i._Z26USBD_CUSTOM_HID_GetCfgDescPt  usbd_customhid.o
    0x08004de0   0x00000022   Code   RO         4191    i._Z27USBD_CUSTOM_HID_EP0_RxReadyP19_USBD_HandleTypeDef  usbd_customhid.o
    0x08004e02   0x00000002   PAD
    0x08004e04   0x0000002c   Code   RO          587    i._Z27USBD_FS_ConfigStrDescriptor17USBD_SpeedTypeDefPt  usbd_desc.o
    0x08004e30   0x0000000c   Code   RO          588    i._Z27USBD_FS_LangIDStrDescriptor17USBD_SpeedTypeDefPt  usbd_desc.o
    0x08004e3c   0x00000020   Code   RO          589    i._Z27USBD_FS_SerialStrDescriptor17USBD_SpeedTypeDefPt  usbd_desc.o
    0x08004e5c   0x00000020   Code   RO          590    i._Z28USBD_FS_ProductStrDescriptor17USBD_SpeedTypeDefPt  usbd_desc.o
    0x08004e7c   0x00000050   Code   RO         1849    i._Z29I2C_WaitOnTXEFlagUntilTimeoutP17I2C_HandleTypeDefj  stm32f1xx_hal_i2c.o
    0x08004ecc   0x00000066   Code   RO         1850    i._Z30I2C_WaitOnRXNEFlagUntilTimeoutP17I2C_HandleTypeDefj  stm32f1xx_hal_i2c.o
    0x08004f32   0x00000002   PAD
    0x08004f34   0x00000030   Code   RO          591    i._Z30USBD_FS_InterfaceStrDescriptor17USBD_SpeedTypeDefPt  usbd_desc.o
    0x08004f64   0x0000001c   Code   RO          592    i._Z33USBD_FS_ManufacturerStrDescriptor17USBD_SpeedTypeDefPt  usbd_desc.o
    0x08004f80   0x0000000c   Code   RO         4192    i._Z38USBD_CUSTOM_HID_GetDeviceQualifierDescPt  usbd_customhid.o
    0x08004f8c   0x00000088   Code   RO         1852    i._Z39I2C_WaitOnMasterAddressFlagUntilTimeoutP17I2C_HandleTypeDefjj  stm32f1xx_hal_i2c.o
    0x08005014   0x00000024   Code   RO         1240    i._Z5Blinki         led.o
    0x08005038   0x00000010   Code   RO         1241    i._Z5LedOnv         led.o
    0x08005048   0x00000010   Code   RO         1242    i._Z6LedOffv        led.o
    0x08005058   0x0000002c   Code   RO         1736    i._Z6spi_rwR10SPICommand  spi.o
    0x08005084   0x00000020   Code   RO          352    i._Z7getAresv       main.o
    0x080050a4   0x0000002c   Code   RO          353    i._Z7getGresv       main.o
    0x080050d0   0x00000020   Code   RO          354    i._Z7getMresv       main.o
    0x080050f0   0x00000010   Code   RO         1243    i._Z9LedTogglev     led.o
    0x08005100   0x00000012   Code   RO          960    i._ZN10QuaternionC1ERKS_  quaternion.o
    0x08005112   0x00000010   Code   RO          962    i._ZN10QuaternionC1Ev  quaternion.o
    0x08005122   0x00000002   Code   RO          963    i._ZN10QuaternionD1Ev  quaternion.o
    0x08005124   0x00000014   Code   RO          964    i._ZN10QuaternionaSERKS_  quaternion.o
    0x08005138   0x00000c30   Code   RO         1110    i._ZN13CSensorFusion24MadgwickQuaternionUpdateEffffffffff  sensorfusion.o
    0x08005d68   0x00000118   Code   RO         1111    i._ZN13CSensorFusion4FuseEP10SensorData  sensorfusion.o
    0x08005e80   0x00000022   Code   RO         1112    i._ZN13CSensorFusion5ValueEv  sensorfusion.o
    0x08005ea2   0x0000003c   Code   RO         1113    i._ZN13CSensorFusionC1Efff  sensorfusion.o
    0x08005ede   0x00000004   Code   RO         1149    i._ZSt4sqrtf        sensorfusion.o
    0x08005ee2   0x0000000e   Code   RO         4549    i.__scatterload_copy  mc_w.l(handlers.o)
    0x08005ef0   0x00000002   Code   RO         4550    i.__scatterload_null  mc_w.l(handlers.o)
    0x08005ef2   0x0000000e   Code   RO         4551    i.__scatterload_zeroinit  mc_w.l(handlers.o)
    0x08005f00   0x0000000c   Code   RO         4527    i.__set_errno       mc_w.l(errno.o)
    0x08005f0c   0x000001d8   Code   RO          355    i.main              main.o
    0x080060e4   0x0000002c   Code   RO         4440    i.sqrtf             m_ws.l(sqrtf.o)
    0x08006110   0x00000010   Data   RO            8    .constdata          system_stm32f1xx_1.o
    0x08006120   0x00000008   Data   RO            9    .constdata          system_stm32f1xx_1.o
    0x08006128   0x00000020   Data   RO         4547    Region$$Table       anon$$obj.o


    Execution Region RW_IRAM1 (Base: 0x20000000, Size: 0x00000f80, Max: 0x00005000, ABSOLUTE, COMPRESSED[0x000000cc])

    Base Addr    Size         Type   Attr      Idx    E Section Name        Object

    0x20000000   0x00000004   Data   RW           10    .data               system_stm32f1xx_1.o
    0x20000004   0x00000022   Data   RW          374    .data               main.o
    0x20000026   0x00000002   PAD
    0x20000028   0x0000001c   Data   RW          601    .data               usbd_desc.o
    0x20000044   0x00000016   Data   RW          602    .data               usbd_desc.o
    0x2000005a   0x00000002   PAD
    0x2000005c   0x00000022   Data   RW          910    .data               usbd_custom_hid_if.o
    0x2000007e   0x00000002   PAD
    0x20000080   0x00000010   Data   RW          911    .data               usbd_custom_hid_if.o
    0x20000090   0x00000004   Data   RW         1251    .data               led.o
    0x20000094   0x00000002   Data   RW         1347    .data               adxl345.o
    0x20000096   0x00000002   Data   RW         1409    .data               l3g4200d.o
    0x20000098   0x00000001   Data   RW         1463    .data               hmc5883l.o
    0x20000099   0x00000001   PAD
    0x2000009a   0x00000016   Data   RW         1579    .data               bmx055.o
    0x200000b0   0x0000000b   Data   RW         1664    .data               se8r01.o
    0x200000bb   0x00000001   PAD
    0x200000bc   0x00000004   Data   RW         3341    .data               stm32f1xx_hal.o
    0x200000c0   0x00000001   Data   RW         3822    .data               stm32f1xx_hal_spi_ex.o
    0x200000c1   0x00000003   PAD
    0x200000c4   0x0000003c   Data   RW         4203    .data               usbd_customhid.o
    0x20000100   0x0000005a   Data   RW         4204    .data               usbd_customhid.o
    0x2000015a   0x00000001   Data   RW         4353    .data               usbd_ctlreq.o
    0x2000015b   0x00000001   PAD
    0x2000015c   0x00000004   Data   RW         4528    .data               mc_w.l(errno.o)
    0x20000160   0x00000224   Zero   RW          141    .bss                usb_device.o
    0x20000384   0x000000ec   Zero   RW          373    .bss                main.o
    0x20000470   0x00000200   Zero   RW          600    .bss                usbd_desc.o
    0x20000670   0x00000458   Zero   RW          726    .bss                usbd_conf.o
    0x20000ac8   0x00000020   Zero   RW         1309    .bss                usb.o
    0x20000ae8   0x00000018   Zero   RW         1663    .bss                se8r01.o
    0x20000b00   0x00000080   Zero   RW         1745    .bss                spi.o
    0x20000b80   0x00000400   Zero   RW          129    STACK               startup_stm32f103xb.o


==============================================================================

Image component sizes


      Code (inc. data)   RO Data    RW Data    ZI Data      Debug   Object Name

       262         10          0          2          0       4080   adxl345.o
       930         56          0         22          0       6173   bmx055.o
       210         10          0          1          0       3231   hmc5883l.o
       134         14          0          0          0       2704   i2c.o
       158          4          0          0          0       2271   itg3200.o
       256         26          0          2          0       4066   l3g4200d.o
       170         22          0          4          0       3758   led.o
      1376        110          0         34        236     458977   main.o
        56          0          0          0          0       3728   quaternion.o
      1752         60          0         11         24       9019   se8r01.o
      3498         32          0          0          0       6555   sensorfusion.o
       324         14          0          0        128       3907   spi.o
        36          8        236          0       1024        748   startup_stm32f103xb.o
       120         16          0          4          0       3474   stm32f1xx_hal.o
       228         14          0          0          0      27233   stm32f1xx_hal_cortex.o
       472         36          0          0          0       4180   stm32f1xx_hal_gpio.o
      2144         34          0          0          0      11946   stm32f1xx_hal_i2c.o
       292         36          0          0          0       2066   stm32f1xx_hal_msp.o
      1830          0          0          0          0       9437   stm32f1xx_hal_pcd.o
        52          0          0          0          0       1158   stm32f1xx_hal_pcd_ex.o
      1994         82          0          0          0       5161   stm32f1xx_hal_rcc.o
       300         12          0          0          0       1304   stm32f1xx_hal_rcc_ex.o
       844          0          0          0          0       2906   stm32f1xx_hal_spi.o
       136          4          0          1          0       1318   stm32f1xx_hal_spi_ex.o
        38          6          0          0          0       3264   stm32f1xx_it.o
      1654          0          0          0          0      12219   stm32f1xx_ll_usb.o
        72         16         24          4          0     442459   system_stm32f1xx_1.o
         0          0          0          0         32       1546   usb.o
        56         18          0          0        548       6454   usb_device.o
       456         28          0          0       1112      11449   usbd_conf.o
       592          0          0          0          0       8892   usbd_core.o
      1004         30          0          1          0       7604   usbd_ctlreq.o
        64         14          0         50          0       2578   usbd_custom_hid_if.o
       474         22          0        150          0       9115   usbd_customhid.o
       208        112          0         50        512       9531   usbd_desc.o
       132          0          0          0          0       4212   usbd_ioreq.o

    ----------------------------------------------------------------------
     22368        846        292        348       3616    1098723   Object Totals
         0          0         32          0          0          0   (incl. Generated)
        44          0          0         12          0          0   (incl. Padding)

    ----------------------------------------------------------------------

      Code (inc. data)   RO Data    RW Data    ZI Data      Debug   Library Member Name

        44          0          0          0          0         80   sqrtf.o
        86          0          0          0          0          0   __dczerorl2.o
         0          0          0          0          0          0   entry.o
         0          0          0          0          0          0   entry10a.o
         0          0          0          0          0          0   entry11a.o
         8          4          0          0          0          0   entry2.o
         4          0          0          0          0          0   entry5.o
         0          0          0          0          0          0   entry7b.o
         0          0          0          0          0          0   entry8b.o
         8          4          0          0          0          0   entry9a.o
        12          6          0          4          0         68   errno.o
        30          0          0          0          0          0   handlers.o
        36          8          0          0          0         68   init.o
         0          0          0          0          0          0   iusefp.o
        30          0          0          0          0         68   llshl.o
        36          0          0          0          0         68   llsshr.o
        32          0          0          0          0         68   llushr.o
        36          0          0          0          0         68   memcpya.o
        98          0          0          0          0         92   uldiv.o
        56          0          0          0          0         88   d2f.o
       334          0          0          0          0        148   dadd.o
       222          0          0          0          0        100   ddiv.o
       186          0          0          0          0        176   depilogue.o
       228          0          0          0          0         96   dmul.o
        46          0          0          0          0         80   dscalb.o
        38          0          0          0          0         68   f2d.o
       176          0          0          0          0        140   fadd.o
       124          0          0          0          0         88   fdiv.o
       110          0          0          0          0        168   fepilogue.o
        18          0          0          0          0         68   fflti.o
        28          0          0          0          0         84   ffltul.o
       100          0          0          0          0         76   fmul.o
        24          0          0          0          0         68   fscalb.o
        94          0          0          0          0         96   fsqrt.o

    ----------------------------------------------------------------------
      2244         22          0          4          0       2124   Library Totals
         0          0          0          0          0          0   (incl. Padding)

    ----------------------------------------------------------------------

      Code (inc. data)   RO Data    RW Data    ZI Data      Debug   Library Name

        44          0          0          0          0         80   m_ws.l
       416         22          0          4          0        500   mc_w.l
      1784          0          0          0          0       1544   mf_w.l

    ----------------------------------------------------------------------
      2244         22          0          4          0       2124   Library Totals

    ----------------------------------------------------------------------

==============================================================================


      Code (inc. data)   RO Data    RW Data    ZI Data      Debug   

     24612        868        292        352       3616    1088703   Grand Totals
     24612        868        292        204       3616    1088703   ELF Image Totals (compressed)
     24612        868        292        204          0          0   ROM Totals

==============================================================================

    Total RO  Size (Code + RO Data)                24904 (  24.32kB)
    Total RW  Size (RW Data + ZI Data)              3968 (   3.88kB)
    Total ROM Size (Code + RO Data + RW Data)      25108 (  24.52kB)

==============================================================================

